Archive member included to satisfy reference by file (symbol)

app/libapp.a(main.c.obj)      (--whole-archive)
zephyr/libzephyr.a(cbprintf.c.obj)
                              (--whole-archive)
zephyr/libzephyr.a(cbprintf_packaged.c.obj)
                              (--whole-archive)
zephyr/libzephyr.a(crc32c_sw.c.obj)
                              (--whole-archive)
zephyr/libzephyr.a(crc32_sw.c.obj)
                              (--whole-archive)
zephyr/libzephyr.a(crc16_sw.c.obj)
                              (--whole-archive)
zephyr/libzephyr.a(crc8_sw.c.obj)
                              (--whole-archive)
zephyr/libzephyr.a(crc7_sw.c.obj)
                              (--whole-archive)
zephyr/libzephyr.a(dec.c.obj)
                              (--whole-archive)
zephyr/libzephyr.a(fdtable.c.obj)
                              (--whole-archive)
zephyr/libzephyr.a(hex.c.obj)
                              (--whole-archive)
zephyr/libzephyr.a(notify.c.obj)
                              (--whole-archive)
zephyr/libzephyr.a(printk.c.obj)
                              (--whole-archive)
zephyr/libzephyr.a(onoff.c.obj)
                              (--whole-archive)
zephyr/libzephyr.a(rb.c.obj)  (--whole-archive)
zephyr/libzephyr.a(sem.c.obj)
                              (--whole-archive)
zephyr/libzephyr.a(thread_entry.c.obj)
                              (--whole-archive)
zephyr/libzephyr.a(timeutil.c.obj)
                              (--whole-archive)
zephyr/libzephyr.a(heap.c.obj)
                              (--whole-archive)
zephyr/libzephyr.a(heap-validate.c.obj)
                              (--whole-archive)
zephyr/libzephyr.a(bitarray.c.obj)
                              (--whole-archive)
zephyr/libzephyr.a(multi_heap.c.obj)
                              (--whole-archive)
zephyr/libzephyr.a(cbprintf_complete.c.obj)
                              (--whole-archive)
zephyr/libzephyr.a(assert.c.obj)
                              (--whole-archive)
zephyr/libzephyr.a(configs.c.obj)
                              (--whole-archive)
zephyr/libzephyr.a(soc_nrf_common.S.obj)
                              (--whole-archive)
zephyr/libzephyr.a(validate_base_addresses.c.obj)
                              (--whole-archive)
zephyr/libzephyr.a(validate_enabled_instances.c.obj)
                              (--whole-archive)
zephyr/libzephyr.a(getline.c.obj)
                              (--whole-archive)
zephyr/libzephyr.a(addr_utils.c.obj)
                              (--whole-archive)
zephyr/libzephyr.a(pm.c.obj)  (--whole-archive)
zephyr/libzephyr.a(policy.c.obj)
                              (--whole-archive)
zephyr/libzephyr.a(state.c.obj)
                              (--whole-archive)
zephyr/libzephyr.a(tracing_none.c.obj)
                              (--whole-archive)
zephyr/libzephyr.a(utils.c.obj)
                              (--whole-archive)
zephyr/libzephyr.a(aes_decrypt.c.obj)
                              (--whole-archive)
zephyr/libzephyr.a(aes_encrypt.c.obj)
                              (--whole-archive)
zephyr/libzephyr.a(cmac_mode.c.obj)
                              (--whole-archive)
zephyr/arch/common/libarch__common.a(sw_isr_common.c.obj)
                              (--whole-archive)
zephyr/arch/arch/arm/core/aarch32/libarch__arm__core__aarch32.a(cpu_idle.S.obj)
                              (--whole-archive)
zephyr/arch/arch/arm/core/aarch32/libarch__arm__core__aarch32.a(fatal.c.obj)
                              (--whole-archive)
zephyr/arch/arch/arm/core/aarch32/libarch__arm__core__aarch32.a(irq_manage.c.obj)
                              (--whole-archive)
zephyr/arch/arch/arm/core/aarch32/libarch__arm__core__aarch32.a(nmi.c.obj)
                              (--whole-archive)
zephyr/arch/arch/arm/core/aarch32/libarch__arm__core__aarch32.a(nmi_on_reset.S.obj)
                              (--whole-archive)
zephyr/arch/arch/arm/core/aarch32/libarch__arm__core__aarch32.a(prep_c.c.obj)
                              (--whole-archive)
zephyr/arch/arch/arm/core/aarch32/libarch__arm__core__aarch32.a(swap.c.obj)
                              (--whole-archive)
zephyr/arch/arch/arm/core/aarch32/libarch__arm__core__aarch32.a(swap_helper.S.obj)
                              (--whole-archive)
zephyr/arch/arch/arm/core/aarch32/libarch__arm__core__aarch32.a(thread.c.obj)
                              (--whole-archive)
zephyr/arch/arch/arm/core/aarch32/libarch__arm__core__aarch32.a(isr_wrapper.S.obj)
                              (--whole-archive)
zephyr/arch/arch/arm/core/aarch32/cortex_m/libarch__arm__core__aarch32__cortex_m.a(exc_exit.S.obj)
                              (--whole-archive)
zephyr/arch/arch/arm/core/aarch32/cortex_m/libarch__arm__core__aarch32__cortex_m.a(fault.c.obj)
                              (--whole-archive)
zephyr/arch/arch/arm/core/aarch32/cortex_m/libarch__arm__core__aarch32__cortex_m.a(fault_s.S.obj)
                              (--whole-archive)
[...]
Memory Configuration

Name             Origin             Length             Attributes
FLASH            0x0000000000000000 0x0000000000100000 xr
SRAM             0x0000000020000000 0x0000000000040000 xw
IDT_LIST         0x00000000fffff7ff 0x0000000000000800 xw
*default*        0x0000000000000000 0xffffffffffffffff

Linker script and memory map

LOAD zephyr/CMakeFiles/zephyr_pre0.dir/misc/empty_file.c.obj
LOAD zephyr/CMakeFiles/offsets.dir/./arch/arm/core/offsets/offsets.c.obj
                0x0000000000000020                _region_min_align = 0x20

.rel.plt        0x0000000000000000        0x0
 *(SORT_BY_ALIGNMENT(.rel.plt))
                [!provide]                        PROVIDE (__rel_iplt_start = .)
 *(SORT_BY_ALIGNMENT(.rel.iplt))
 .rel.iplt      0x0000000000000000        0x0 app/libapp.a(main.c.obj)
                [!provide]                        PROVIDE (__rel_iplt_end = .)

.rela.plt       0x0000000000000000        0x0
 *(SORT_BY_ALIGNMENT(.rela.plt))
                [!provide]                        PROVIDE (__rela_iplt_start = .)
 *(SORT_BY_ALIGNMENT(.rela.iplt))
                [!provide]                        PROVIDE (__rela_iplt_end = .)

.rel.dyn
 *(SORT_BY_ALIGNMENT(.rel.*))

.rela.dyn
 *(SORT_BY_ALIGNMENT(.rela.*))

/DISCARD/
 *(SORT_BY_ALIGNMENT(.plt))
 *(SORT_BY_ALIGNMENT(.iplt))
 *(SORT_BY_ALIGNMENT(.got.plt))
 *(SORT_BY_ALIGNMENT(.igot.plt))
 *(SORT_BY_ALIGNMENT(.got))
 *(SORT_BY_ALIGNMENT(.igot))
 *(SORT_BY_ALIGNMENT(.note.GNU-stack))
                0x0000000000000000                __rom_region_start = 0x0

rom_start       0x0000000000000000      0x100
                0x0000000000000000                . = 0x0
                0x0000000000000000                . = ALIGN (0x4)
                0x0000000000000000                . = ALIGN (0x80)
                0x0000000000000000                . = ALIGN (0x100)
                0x0000000000000000                _vector_start = .
 *(SORT_BY_ALIGNMENT(.exc_vector_table))
 *(SORT_BY_ALIGNMENT(.exc_vector_table.*))
 .exc_vector_table._vector_table_section
                0x0000000000000000       0x40 zephyr/arch/arch/arm/core/aarch32/cortex_m/libarch__arm__core__aarch32__cortex_m.a(vector_table.S.obj)
                0x0000000000000000                _vector_table
 *(SORT_BY_ALIGNMENT(.gnu.linkonce.irq_vector_table*))
 .gnu.linkonce.irq_vector_table
                0x0000000000000040       0xc0 zephyr/arch/common/libisr_tables.a(isr_tables.c.obj)
                0x0000000000000040                _irq_vector_table
 *(SORT_BY_ALIGNMENT(.vectors))
                0x0000000000000100                _vector_end = .

text            0x0000000000000100    0x19d6c
                0x0000000000000100                __text_region_start = .
 *(SORT_BY_ALIGNMENT(.text))
 .text          0x0000000000000100       0x30 c:/users/vnrju/zephyr-sdk-0.14.2/arm-zephyr-eabi/bin/../lib/gcc/arm-zephyr-eabi/10.3.0/thumb/v7e-m/nofp\libgcc.a(_aeabi_uldivmod.o)
                0x0000000000000100                __aeabi_uldivmod
 .text          0x0000000000000130        0x4 c:/users/vnrju/zephyr-sdk-0.14.2/arm-zephyr-eabi/bin/../lib/gcc/arm-zephyr-eabi/10.3.0/thumb/v7e-m/nofp\libgcc.a(_dvmd_tls.o)
                0x0000000000000130                __aeabi_idiv0
                0x0000000000000130                __aeabi_ldiv0
 .text          0x0000000000000134      0x2a6 c:/users/vnrju/zephyr-sdk-0.14.2/arm-zephyr-eabi/bin/../lib/gcc/arm-zephyr-eabi/10.3.0/thumb/v7e-m/nofp\libgcc.a(_udivmoddi4.o)
                0x0000000000000134                __udivmoddi4
 *(SORT_BY_ALIGNMENT(.text.*))
 *fill*         0x00000000000003da        0x6 
 .text.ll_scan_params_set
                0x00000000000003e0       0x70 zephyr/subsys/bluetooth/controller/libsubsys__bluetooth__controller.a(ull_scan.c.obj)
                0x00000000000003e0                ll_scan_params_set
 .text.ull_scan_params_set
                0x0000000000000450       0x54 zephyr/subsys/bluetooth/controller/libsubsys__bluetooth__controller.a(ull_scan.c.obj)
                0x0000000000000450                ull_scan_params_set
 *fill*         0x00000000000004a4        0x4 
 .text.ull_scan_enable
                0x00000000000004a8      0x158 zephyr/subsys/bluetooth/controller/libsubsys__bluetooth__controller.a(ull_scan.c.obj)
                0x00000000000004a8                ull_scan_enable
 .text.ull_conn_llcp
                0x0000000000000600     0x1adc zephyr/subsys/bluetooth/controller/libsubsys__bluetooth__controller.a(ull_conn.c.obj)
                0x0000000000000600                ull_conn_llcp
 *fill*         0x00000000000020dc        0x4 
 .text.ll_create_connection
                0x00000000000020e0      0x428 zephyr/subsys/bluetooth/controller/libsubsys__bluetooth__controller.a(ull_central.c.obj)
                0x00000000000020e0                ll_create_connection
 .text.ull_central_setup
                0x0000000000002508      0x230 zephyr/subsys/bluetooth/controller/libsubsys__bluetooth__controller.a(ull_central.c.obj)
                0x0000000000002508                ull_central_setup
 .text.after_cen_offset_get
                0x0000000000002738       0xbc zephyr/subsys/bluetooth/controller/libsubsys__bluetooth__controller.a(ull_sched.c.obj)
 *fill*         0x00000000000027f4        0x4 
 .text.ull_sched_after_cen_slot_get
                0x00000000000027f8       0x54 zephyr/subsys/bluetooth/controller/libsubsys__bluetooth__controller.a(ull_sched.c.obj)
                0x00000000000027f8                ull_sched_after_cen_slot_get
 *fill*         0x000000000000284c        0x4 
 .text.ull_sched_mfy_win_offset_select
                0x0000000000002850      0x134 zephyr/subsys/bluetooth/controller/libsubsys__bluetooth__controller.a(ull_sched.c.obj)
                0x0000000000002850                ull_sched_mfy_win_offset_select
 *fill*         0x0000000000002984        0x4 
 .text.isr_window
                0x0000000000002988       0x9c zephyr/subsys/bluetooth/controller/libsubsys__bluetooth__controller.a(lll_scan.c.obj)
 *fill*         0x0000000000002a24        0x4 
 .text.isr_rx   0x0000000000002a28      0x47c zephyr/subsys/bluetooth/controller/libsubsys__bluetooth__controller.a(lll_scan.c.obj)
 .text.start_scan
                0x0000000000002ea4       0x40 app/libapp.a(main.c.obj)
 .text.bt_addr_le_to_str.constprop.0.isra.0
                0x0000000000002ee4       0x78 app/libapp.a(main.c.obj)
 .text.disconnected
                0x0000000000002f5c       0x3c app/libapp.a(main.c.obj)
 .text.device_found
                0x0000000000002f98       0x74 app/libapp.a(main.c.obj)
 .text.connected
                0x000000000000300c       0x58 app/libapp.a(main.c.obj)
 .text.main     0x0000000000003064       0x94 app/libapp.a(main.c.obj)
                0x0000000000003064                main
 .text.char_out
                0x00000000000030f8       0x10 zephyr/libzephyr.a(printk.c.obj)
 .text.__printk_hook_install
                0x0000000000003108        0xc zephyr/libzephyr.a(printk.c.obj)
                0x0000000000003108                __printk_hook_install
 .text.vprintk  0x0000000000003114       0x1c zephyr/libzephyr.a(printk.c.obj)
                0x0000000000003114                vprintk
 .text.vsnprintk
                0x0000000000003130       0x2c zephyr/libzephyr.a(printk.c.obj)
                0x0000000000003130                vsnprintk
 .text.process_event
                0x000000000000315c      0x1c0 zephyr/libzephyr.a(onoff.c.obj)
 .text.z_cbvprintf_impl
                0x000000000000331c      0x78c zephyr/libzephyr.a(cbprintf_complete.c.obj)
                0x000000000000331c                z_cbvprintf_impl
 .text.console_getline
                0x0000000000003aa8       0x30 zephyr/libzephyr.a(getline.c.obj)
                0x0000000000003aa8                console_getline
 .text.console_getline_init
                0x0000000000003ad8       0x34 zephyr/libzephyr.a(getline.c.obj)
                0x0000000000003ad8                console_getline_init
 .text.pm_state_notify
                0x0000000000003b0c       0x5c zephyr/libzephyr.a(pm.c.obj)
 .text.pm_system_resume
                0x0000000000003b68       0x7c zephyr/libzephyr.a(pm.c.obj)
                0x0000000000003b68                pm_system_resume
 .text.pm_system_suspend
                0x0000000000003be4       0xf0 zephyr/libzephyr.a(pm.c.obj)
                0x0000000000003be4                pm_system_suspend
 .text.pm_policy_next_state
                0x0000000000003cd4       0x90 zephyr/libzephyr.a(policy.c.obj)
                0x0000000000003cd4                pm_policy_next_state
 .text.pm_state_cpu_get_all
                0x0000000000003d64       0x10 zephyr/libzephyr.a(state.c.obj)
                0x0000000000003d64                pm_state_cpu_get_all
 .text.sub_bytes
                0x0000000000003d74       0x18 zephyr/libzephyr.a(aes_encrypt.c.obj)
 .text.tc_aes128_set_encrypt_key
                0x0000000000003d8c       0xa4 zephyr/libzephyr.a(aes_encrypt.c.obj)
                0x0000000000003d8c                tc_aes128_set_encrypt_key
 .text.z_arm_cpu_idle_init
                0x0000000000003e30        0xc zephyr/arch/arch/arm/core/aarch32/libarch__arm__core__aarch32.a(cpu_idle.S.obj)
                0x0000000000003e30                z_arm_cpu_idle_init
 .text.arch_cpu_idle
                0x0000000000003e3c       0x1c zephyr/arch/arch/arm/core/aarch32/libarch__arm__core__aarch32.a(cpu_idle.S.obj)
                0x0000000000003e3c                arch_cpu_idle
 .text.arch_cpu_atomic_idle
                0x0000000000003e58       0x14 zephyr/arch/arch/arm/core/aarch32/libarch__arm__core__aarch32.a(cpu_idle.S.obj)
                0x0000000000003e58                arch_cpu_atomic_idle
 .text.arch_irq_enable
                0x0000000000003e6c       0x20 zephyr/arch/arch/arm/core/aarch32/libarch__arm__core__aarch32.a(irq_manage.c.obj)
                0x0000000000003e6c                arch_irq_enable
 .text.arch_irq_disable
                0x0000000000003e8c       0x28 zephyr/arch/arch/arm/core/aarch32/libarch__arm__core__aarch32.a(irq_manage.c.obj)
                0x0000000000003e8c                arch_irq_disable
 .text.arch_irq_is_enabled
                0x0000000000003eb4       0x1c zephyr/arch/arch/arm/core/aarch32/libarch__arm__core__aarch32.a(irq_manage.c.obj)
                0x0000000000003eb4                arch_irq_is_enabled
 .text.z_arm_irq_priority_set
                0x0000000000003ed0       0x30 zephyr/arch/arch/arm/core/aarch32/libarch__arm__core__aarch32.a(irq_manage.c.obj)
                0x0000000000003ed0                z_arm_irq_priority_set
 .text._arch_isr_direct_pm
                0x0000000000003f00       0x1c zephyr/arch/arch/arm/core/aarch32/libarch__arm__core__aarch32.a(irq_manage.c.obj)
                0x0000000000003f00                _arch_isr_direct_pm
 .text.z_SysNmiOnReset
                0x0000000000003f1c        0x8 zephyr/arch/arch/arm/core/aarch32/libarch__arm__core__aarch32.a(nmi_on_reset.S.obj)
                0x0000000000003f1c                z_SysNmiOnReset
 .text.z_arm_prep_c
                0x0000000000003f24       0x48 zephyr/arch/arch/arm/core/aarch32/libarch__arm__core__aarch32.a(prep_c.c.obj)
                0x0000000000003f24                z_arm_prep_c
 .text.arch_swap
                0x0000000000003f6c       0x34 zephyr/arch/arch/arm/core/aarch32/libarch__arm__core__aarch32.a(swap.c.obj)
                0x0000000000003f6c                arch_swap
 .text.z_arm_pendsv
                0x0000000000003fa0       0x54 zephyr/arch/arch/arm/core/aarch32/libarch__arm__core__aarch32.a(swap_helper.S.obj)
                0x0000000000003fa0                z_arm_pendsv
 .text.z_arm_svc
                0x0000000000003ff4       0x20 zephyr/arch/arch/arm/core/aarch32/libarch__arm__core__aarch32.a(swap_helper.S.obj)
                0x0000000000003ff4                z_arm_svc
 .text.arch_new_thread
                0x0000000000004014       0x38 zephyr/arch/arch/arm/core/aarch32/libarch__arm__core__aarch32.a(thread.c.obj)
                0x0000000000004014                arch_new_thread
 .text.z_check_thread_stack_fail
                0x000000000000404c       0x2c zephyr/arch/arch/arm/core/aarch32/libarch__arm__core__aarch32.a(thread.c.obj)
                0x000000000000404c                z_check_thread_stack_fail
 .text.arch_switch_to_main_thread
                0x0000000000004078       0x2c zephyr/arch/arch/arm/core/aarch32/libarch__arm__core__aarch32.a(thread.c.obj)
                0x0000000000004078                arch_switch_to_main_thread
 .text._isr_wrapper
                0x00000000000040a4       0x40 zephyr/arch/arch/arm/core/aarch32/libarch__arm__core__aarch32.a(isr_wrapper.S.obj)
                0x00000000000040a4                _isr_wrapper
 .text._HandlerModeExit
                0x00000000000040e4       0x1c zephyr/arch/arch/arm/core/aarch32/cortex_m/libarch__arm__core__aarch32__cortex_m.a(exc_exit.S.obj)
                0x00000000000040e4                z_arm_int_exit
                0x00000000000040e4                z_arm_exc_exit
 .text.mem_manage_fault
                0x0000000000004100       0x78 zephyr/arch/arch/arm/core/aarch32/cortex_m/libarch__arm__core__aarch32__cortex_m.a(fault.c.obj)
 .text.bus_fault.constprop.0
                0x0000000000004178       0x3c zephyr/arch/arch/arm/core/aarch32/cortex_m/libarch__arm__core__aarch32__cortex_m.a(fault.c.obj)
 .text.z_arm_fault
                0x00000000000041b4      0x128 zephyr/arch/arch/arm/core/aarch32/cortex_m/libarch__arm__core__aarch32__cortex_m.a(fault.c.obj)
                0x00000000000041b4                z_arm_fault
 .text.z_arm_fault_init
                0x00000000000042dc       0x10 zephyr/arch/arch/arm/core/aarch32/cortex_m/libarch__arm__core__aarch32__cortex_m.a(fault.c.obj)
                0x00000000000042dc                z_arm_fault_init
 .text.__fault  0x00000000000042ec       0x14 zephyr/arch/arch/arm/core/aarch32/cortex_m/libarch__arm__core__aarch32__cortex_m.a(fault_s.S.obj)
                0x00000000000042ec                z_arm_usage_fault
                0x00000000000042ec                z_arm_mpu_fault
                0x00000000000042ec                z_arm_exc_spurious
                0x00000000000042ec                z_arm_debug_monitor
                0x00000000000042ec                z_arm_hard_fault
                0x00000000000042ec                z_arm_bus_fault
 .text.z_arm_interrupt_init
                0x0000000000004300       0x18 zephyr/arch/arch/arm/core/aarch32/cortex_m/libarch__arm__core__aarch32__cortex_m.a(irq_init.c.obj)
                0x0000000000004300                z_arm_interrupt_init
 .text._reset_section
                0x0000000000004318       0x30 zephyr/arch/arch/arm/core/aarch32/cortex_m/libarch__arm__core__aarch32__cortex_m.a(reset.S.obj)
                0x0000000000004318                __start
                0x0000000000004318                z_arm_reset
 .text.z_impl_k_thread_abort
                0x0000000000004348       0x2c zephyr/arch/arch/arm/core/aarch32/cortex_m/libarch__arm__core__aarch32__cortex_m.a(thread_abort.c.obj)
                0x0000000000004348                z_impl_k_thread_abort
 .text.z_arm_configure_static_mpu_regions
                0x0000000000004374       0x18 zephyr/arch/arch/arm/core/aarch32/mpu/libarch__arm__core__aarch32__mpu.a(arm_core_mpu.c.obj)
                0x0000000000004374                z_arm_configure_static_mpu_regions
 .text.z_arm_configure_dynamic_mpu_regions
                0x000000000000438c       0x20 zephyr/arch/arch/arm/core/aarch32/mpu/libarch__arm__core__aarch32__mpu.a(arm_core_mpu.c.obj)
                0x000000000000438c                z_arm_configure_dynamic_mpu_regions
 .text.mpu_configure_regions
                0x00000000000043ac       0x84 zephyr/arch/arch/arm/core/aarch32/mpu/libarch__arm__core__aarch32__mpu.a(arm_mpu.c.obj)
 .text.arm_core_mpu_enable
                0x0000000000004430       0x18 zephyr/arch/arch/arm/core/aarch32/mpu/libarch__arm__core__aarch32__mpu.a(arm_mpu.c.obj)
                0x0000000000004430                arm_core_mpu_enable
 .text.arm_core_mpu_disable
                0x0000000000004448       0x14 zephyr/arch/arch/arm/core/aarch32/mpu/libarch__arm__core__aarch32__mpu.a(arm_mpu.c.obj)
                0x0000000000004448                arm_core_mpu_disable
 .text.arm_core_mpu_configure_static_mpu_regions
                0x000000000000445c       0x14 zephyr/arch/arch/arm/core/aarch32/mpu/libarch__arm__core__aarch32__mpu.a(arm_mpu.c.obj)
                0x000000000000445c                arm_core_mpu_configure_static_mpu_regions
 .text.arm_core_mpu_configure_dynamic_mpu_regions
                0x0000000000004470       0x30 zephyr/arch/arch/arm/core/aarch32/mpu/libarch__arm__core__aarch32__mpu.a(arm_mpu.c.obj)
                0x0000000000004470                arm_core_mpu_configure_dynamic_mpu_regions
 .text.z_arm_mpu_init
                0x00000000000044a0       0x60 zephyr/arch/arch/arm/core/aarch32/mpu/libarch__arm__core__aarch32__mpu.a(arm_mpu.c.obj)
                0x00000000000044a0                z_arm_mpu_init
 .text.__stdout_hook_install
                0x0000000000004500        0xc zephyr/lib/libc/minimal/liblib__libc__minimal.a(stdout_console.c.obj)
                0x0000000000004500                __stdout_hook_install
 .text.nordicsemi_nrf52_init
                0x000000000000450c       0x60 zephyr/soc/arm/nordic_nrf/nrf52/libsoc__arm__nordic_nrf__nrf52.a(soc.c.obj)
 .text.arch_busy_wait
                0x000000000000456c       0x14 zephyr/soc/arm/nordic_nrf/nrf52/libsoc__arm__nordic_nrf__nrf52.a(soc.c.obj)
                0x000000000000456c                arch_busy_wait
 .text.uuid_to_uuid128
                0x0000000000004580       0x6c zephyr/subsys/bluetooth/host/libsubsys__bluetooth__host.a(uuid.c.obj)
 .text.bt_buf_get_rx
                0x00000000000045ec       0x20 zephyr/subsys/bluetooth/host/libsubsys__bluetooth__host.a(buf.c.obj)
                0x00000000000045ec                bt_buf_get_rx
 .text.bt_buf_get_cmd_complete
                0x000000000000460c       0x34 zephyr/subsys/bluetooth/host/libsubsys__bluetooth__host.a(buf.c.obj)
                0x000000000000460c                bt_buf_get_cmd_complete
 .text.bt_buf_get_evt
                0x0000000000004640       0x54 zephyr/subsys/bluetooth/host/libsubsys__bluetooth__host.a(buf.c.obj)
                0x0000000000004640                bt_buf_get_evt
 .text.hci_disconn_complete_prio
                0x0000000000004694       0x3c zephyr/subsys/bluetooth/host/libsubsys__bluetooth__host.a(hci_core.c.obj)
 .text.hci_le_meta_event
                0x00000000000046d0       0x20 zephyr/subsys/bluetooth/host/libsubsys__bluetooth__host.a(hci_core.c.obj)
 .text.hci_cmd_done
                0x00000000000046f0       0xbc zephyr/subsys/bluetooth/host/libsubsys__bluetooth__host.a(hci_core.c.obj)
 .text.hci_cmd_status
                0x00000000000047ac       0x2c zephyr/subsys/bluetooth/host/libsubsys__bluetooth__host.a(hci_core.c.obj)
 .text.hci_cmd_complete
                0x00000000000047d8       0x30 zephyr/subsys/bluetooth/host/libsubsys__bluetooth__host.a(hci_core.c.obj)
 .text.bt_hci_cmd_state_set_init
                0x0000000000004808       0x24 zephyr/subsys/bluetooth/host/libsubsys__bluetooth__host.a(hci_core.c.obj)
                0x0000000000004808                bt_hci_cmd_state_set_init
 .text.bt_hci_cmd_create
                0x000000000000482c       0x74 zephyr/subsys/bluetooth/host/libsubsys__bluetooth__host.a(hci_core.c.obj)
                0x000000000000482c                bt_hci_cmd_create
 .text.bt_hci_cmd_send_sync
                0x00000000000048a0       0xc4 zephyr/subsys/bluetooth/host/libsubsys__bluetooth__host.a(hci_core.c.obj)
                0x00000000000048a0                bt_hci_cmd_send_sync
 .text.bt_le_create_conn_legacy
                0x0000000000004964       0xa4 zephyr/subsys/bluetooth/host/libsubsys__bluetooth__host.a(hci_core.c.obj)
                0x0000000000004964                bt_le_create_conn_legacy
 .text.bt_le_create_conn_cancel
                0x0000000000004a08       0x34 zephyr/subsys/bluetooth/host/libsubsys__bluetooth__host.a(hci_core.c.obj)
                0x0000000000004a08                bt_le_create_conn_cancel
 .text.bt_hci_le_enh_conn_complete
                0x0000000000004a3c      0x208 zephyr/subsys/bluetooth/host/libsubsys__bluetooth__host.a(hci_core.c.obj)
                0x0000000000004a3c                bt_hci_le_enh_conn_complete
 .text.bt_send  0x0000000000004c44       0x10 zephyr/subsys/bluetooth/host/libsubsys__bluetooth__host.a(hci_core.c.obj)
                0x0000000000004c44                bt_send
 .text.bt_hci_cmd_send
                0x0000000000004c54       0x44 zephyr/subsys/bluetooth/host/libsubsys__bluetooth__host.a(hci_core.c.obj)
                0x0000000000004c54                bt_hci_cmd_send
 .text.hci_tx_thread
                0x0000000000004c98      0x134 zephyr/subsys/bluetooth/host/libsubsys__bluetooth__host.a(hci_core.c.obj)
 .text.hci_event_prio
                0x0000000000004dcc       0xa4 zephyr/subsys/bluetooth/host/libsubsys__bluetooth__host.a(hci_core.c.obj)
                0x0000000000004dcc                hci_event_prio
 .text.bt_recv  0x0000000000004e70       0xf4 zephyr/subsys/bluetooth/host/libsubsys__bluetooth__host.a(hci_core.c.obj)
                0x0000000000004e70                bt_recv
 .text.bt_recv_prio
                0x0000000000004f64       0x3c zephyr/subsys/bluetooth/host/libsubsys__bluetooth__host.a(hci_core.c.obj)
                0x0000000000004f64                bt_recv_prio
 .text.bt_hci_driver_register
                0x0000000000004fa0       0x28 zephyr/subsys/bluetooth/host/libsubsys__bluetooth__host.a(hci_core.c.obj)
                0x0000000000004fa0                bt_hci_driver_register
 .text.bt_finalize_init
                0x0000000000004fc8       0x18 zephyr/subsys/bluetooth/host/libsubsys__bluetooth__host.a(hci_core.c.obj)
                0x0000000000004fc8                bt_finalize_init
 .text.bt_init  0x0000000000004fe0      0x3b8 zephyr/subsys/bluetooth/host/libsubsys__bluetooth__host.a(hci_core.c.obj)
 .text.init_work
                0x0000000000005398       0x18 zephyr/subsys/bluetooth/host/libsubsys__bluetooth__host.a(hci_core.c.obj)
 .text.bt_enable
                0x00000000000053b0       0xb4 zephyr/subsys/bluetooth/host/libsubsys__bluetooth__host.a(hci_core.c.obj)
                0x00000000000053b0                bt_enable
 .text.bt_get_name
                0x0000000000005464        0x8 zephyr/subsys/bluetooth/host/libsubsys__bluetooth__host.a(hci_core.c.obj)
                0x0000000000005464                bt_get_name
 .text.id_find  0x000000000000546c       0x34 zephyr/subsys/bluetooth/host/libsubsys__bluetooth__host.a(id.c.obj)
 .text.set_random_address
                0x00000000000054a0       0x5c zephyr/subsys/bluetooth/host/libsubsys__bluetooth__host.a(id.c.obj)
 .text.id_create.constprop.0
                0x00000000000054fc       0x6c zephyr/subsys/bluetooth/host/libsubsys__bluetooth__host.a(id.c.obj)
 .text.bt_id_create
                0x0000000000005568       0x98 zephyr/subsys/bluetooth/host/libsubsys__bluetooth__host.a(id.c.obj)
                0x0000000000005568                bt_id_create
 .text.bt_id_read_public_addr
                0x0000000000005600       0x70 zephyr/subsys/bluetooth/host/libsubsys__bluetooth__host.a(id.c.obj)
                0x0000000000005600                bt_id_read_public_addr
 .text.bt_setup_public_id_addr
                0x0000000000005670       0x20 zephyr/subsys/bluetooth/host/libsubsys__bluetooth__host.a(id.c.obj)
                0x0000000000005670                bt_setup_public_id_addr
 .text.bt_read_static_addr
                0x0000000000005690       0x60 zephyr/subsys/bluetooth/host/libsubsys__bluetooth__host.a(id.c.obj)
                0x0000000000005690                bt_read_static_addr
 .text.bt_setup_random_id_addr
                0x00000000000056f0       0x5c zephyr/subsys/bluetooth/host/libsubsys__bluetooth__host.a(id.c.obj)
                0x00000000000056f0                bt_setup_random_id_addr
 .text.bt_id_set_create_conn_own_addr
                0x000000000000574c       0x24 zephyr/subsys/bluetooth/host/libsubsys__bluetooth__host.a(id.c.obj)
                0x000000000000574c                bt_id_set_create_conn_own_addr
 .text.bt_id_set_scan_own_addr
                0x0000000000005770       0x1c zephyr/subsys/bluetooth/host/libsubsys__bluetooth__host.a(id.c.obj)
                0x0000000000005770                bt_id_set_scan_own_addr
 .text.bt_id_init
                0x000000000000578c       0x30 zephyr/subsys/bluetooth/host/libsubsys__bluetooth__host.a(id.c.obj)
                0x000000000000578c                bt_id_init
 .text.atomic_get.constprop.0
                0x00000000000057bc       0x14 zephyr/subsys/bluetooth/host/libsubsys__bluetooth__host.a(scan.c.obj)
 .text.bt_le_scan_set_enable_legacy
                0x00000000000057d0       0x64 zephyr/subsys/bluetooth/host/libsubsys__bluetooth__host.a(scan.c.obj)
 .text.start_le_scan_legacy
                0x0000000000005834       0xa4 zephyr/subsys/bluetooth/host/libsubsys__bluetooth__host.a(scan.c.obj)
 .text.bt_scan_reset
                0x00000000000058d8        0xc zephyr/subsys/bluetooth/host/libsubsys__bluetooth__host.a(scan.c.obj)
                0x00000000000058d8                bt_scan_reset
 .text.bt_le_scan_update
                0x00000000000058e4       0x84 zephyr/subsys/bluetooth/host/libsubsys__bluetooth__host.a(scan.c.obj)
                0x00000000000058e4                bt_le_scan_update
 .text.bt_hci_le_adv_report
                0x0000000000005968      0x1cc zephyr/subsys/bluetooth/host/libsubsys__bluetooth__host.a(scan.c.obj)
                0x0000000000005968                bt_hci_le_adv_report
 .text.bt_le_scan_start
                0x0000000000005b34      0x100 zephyr/subsys/bluetooth/host/libsubsys__bluetooth__host.a(scan.c.obj)
                0x0000000000005b34                bt_le_scan_start
 .text.bt_le_scan_stop
                0x0000000000005c34       0x2c zephyr/subsys/bluetooth/host/libsubsys__bluetooth__host.a(scan.c.obj)
                0x0000000000005c34                bt_le_scan_stop
 .text.notify_connected
                0x0000000000005c60       0x3c zephyr/subsys/bluetooth/host/libsubsys__bluetooth__host.a(conn.c.obj)
 .text.tx_notify
                0x0000000000005c9c       0x60 zephyr/subsys/bluetooth/host/libsubsys__bluetooth__host.a(conn.c.obj)
 .text.conn_tx_destroy
                0x0000000000005cfc       0x2c zephyr/subsys/bluetooth/host/libsubsys__bluetooth__host.a(conn.c.obj)
 .text.send_frag
                0x0000000000005d28      0x114 zephyr/subsys/bluetooth/host/libsubsys__bluetooth__host.a(conn.c.obj)
 .text.bt_conn_get_pkts
                0x0000000000005e3c        0x8 zephyr/subsys/bluetooth/host/libsubsys__bluetooth__host.a(conn.c.obj)
                0x0000000000005e3c                bt_conn_get_pkts
 .text.bt_conn_new
                0x0000000000005e44       0x68 zephyr/subsys/bluetooth/host/libsubsys__bluetooth__host.a(conn.c.obj)
                0x0000000000005e44                bt_conn_new
 .text.bt_conn_send_cb
                0x0000000000005eac       0x78 zephyr/subsys/bluetooth/host/libsubsys__bluetooth__host.a(conn.c.obj)
                0x0000000000005eac                bt_conn_send_cb
 .text.bt_conn_prepare_events
                0x0000000000005f24       0x78 zephyr/subsys/bluetooth/host/libsubsys__bluetooth__host.a(conn.c.obj)
                0x0000000000005f24                bt_conn_prepare_events
 .text.bt_conn_lookup_handle
                0x0000000000005f9c       0x10 zephyr/subsys/bluetooth/host/libsubsys__bluetooth__host.a(conn.c.obj)
                0x0000000000005f9c                bt_conn_lookup_handle
 .text.bt_conn_set_state
                0x0000000000005fac      0x1ac zephyr/subsys/bluetooth/host/libsubsys__bluetooth__host.a(conn.c.obj)
                0x0000000000005fac                bt_conn_set_state
 .text.bt_conn_index
                0x0000000000006158       0x18 zephyr/subsys/bluetooth/host/libsubsys__bluetooth__host.a(conn.c.obj)
                0x0000000000006158                bt_conn_index
 .text.bt_conn_create_pdu_timeout
                0x0000000000006170       0x24 zephyr/subsys/bluetooth/host/libsubsys__bluetooth__host.a(conn.c.obj)
                0x0000000000006170                bt_conn_create_pdu_timeout
 .text.notify_le_param_updated
                0x0000000000006194       0x90 zephyr/subsys/bluetooth/host/libsubsys__bluetooth__host.a(conn.c.obj)
                0x0000000000006194                notify_le_param_updated
 .text.le_param_req
                0x0000000000006224       0x74 zephyr/subsys/bluetooth/host/libsubsys__bluetooth__host.a(conn.c.obj)
                0x0000000000006224                le_param_req
 .text.bt_conn_add_le
                0x0000000000006298       0x34 zephyr/subsys/bluetooth/host/libsubsys__bluetooth__host.a(conn.c.obj)
                0x0000000000006298                bt_conn_add_le
 .text.bt_conn_lookup_addr_le
                0x00000000000062cc       0x40 zephyr/subsys/bluetooth/host/libsubsys__bluetooth__host.a(conn.c.obj)
                0x00000000000062cc                bt_conn_lookup_addr_le
 .text.bt_conn_lookup_state_le
                0x000000000000630c       0x48 zephyr/subsys/bluetooth/host/libsubsys__bluetooth__host.a(conn.c.obj)
                0x000000000000630c                bt_conn_lookup_state_le
 .text.bt_conn_le_create
                0x0000000000006354      0x120 zephyr/subsys/bluetooth/host/libsubsys__bluetooth__host.a(conn.c.obj)
                0x0000000000006354                bt_conn_le_create
 .text.bt_le_set_auto_conn
                0x0000000000006474       0xf0 zephyr/subsys/bluetooth/host/libsubsys__bluetooth__host.a(conn.c.obj)
                0x0000000000006474                bt_le_set_auto_conn
 .text.send_conn_le_param_update
                0x0000000000006564       0x68 zephyr/subsys/bluetooth/host/libsubsys__bluetooth__host.a(conn.c.obj)
 .text.deferred_work
                0x00000000000065cc       0xd8 zephyr/subsys/bluetooth/host/libsubsys__bluetooth__host.a(conn.c.obj)
 .text.bt_conn_create_frag_timeout
                0x00000000000066a4        0xc zephyr/subsys/bluetooth/host/libsubsys__bluetooth__host.a(conn.c.obj)
                0x00000000000066a4                bt_conn_create_frag_timeout
 .text.create_frag
                0x00000000000066b0       0x6c zephyr/subsys/bluetooth/host/libsubsys__bluetooth__host.a(conn.c.obj)
 .text.bt_conn_process_tx
                0x000000000000671c       0xcc zephyr/subsys/bluetooth/host/libsubsys__bluetooth__host.a(conn.c.obj)
                0x000000000000671c                bt_conn_process_tx
 .text.bt_conn_init
                0x00000000000067e8       0x68 zephyr/subsys/bluetooth/host/libsubsys__bluetooth__host.a(conn.c.obj)
                0x00000000000067e8                bt_conn_init
 .text.l2cap_accept
                0x0000000000006850       0x1c zephyr/subsys/bluetooth/host/libsubsys__bluetooth__host.a(l2cap.c.obj)
 .text.bt_l2cap_connected
                0x000000000000686c       0x9c zephyr/subsys/bluetooth/host/libsubsys__bluetooth__host.a(l2cap.c.obj)
                0x000000000000686c                bt_l2cap_connected
 .text.bt_l2cap_update_conn_param
                0x0000000000006908       0x64 zephyr/subsys/bluetooth/host/libsubsys__bluetooth__host.a(l2cap.c.obj)
                0x0000000000006908                bt_l2cap_update_conn_param
 .text.bt_att_released
                0x000000000000696c       0x18 zephyr/subsys/bluetooth/host/libsubsys__bluetooth__host.a(att.c.obj)
 .text.tx_meta_data_free
                0x0000000000006984       0x1c zephyr/subsys/bluetooth/host/libsubsys__bluetooth__host.a(att.c.obj)
 .text.read_group_cb
                0x00000000000069a0       0xa8 zephyr/subsys/bluetooth/host/libsubsys__bluetooth__host.a(att.c.obj)
 .text.chan_send
                0x0000000000006a48       0xa0 zephyr/subsys/bluetooth/host/libsubsys__bluetooth__host.a(att.c.obj)
 .text.bt_att_accept
                0x0000000000006ae8       0xc0 zephyr/subsys/bluetooth/host/libsubsys__bluetooth__host.a(att.c.obj)
 .text.read_type_cb
                0x0000000000006ba8       0xa8 zephyr/subsys/bluetooth/host/libsubsys__bluetooth__host.a(att.c.obj)
 .text.bt_att_connected
                0x0000000000006c50       0x54 zephyr/subsys/bluetooth/host/libsubsys__bluetooth__host.a(att.c.obj)
 .text.bt_att_chan_create_pdu
                0x0000000000006ca4       0x70 zephyr/subsys/bluetooth/host/libsubsys__bluetooth__host.a(att.c.obj)
                0x0000000000006ca4                bt_att_chan_create_pdu
 .text.bt_att_recv
                0x0000000000006d14       0xb4 zephyr/subsys/bluetooth/host/libsubsys__bluetooth__host.a(att.c.obj)
 .text.att_write_rsp.constprop.0
                0x0000000000006dc8       0xd8 zephyr/subsys/bluetooth/host/libsubsys__bluetooth__host.a(att.c.obj)
 .text.att_read_group_req
                0x0000000000006ea0      0x10c zephyr/subsys/bluetooth/host/libsubsys__bluetooth__host.a(att.c.obj)
 .text.att_read_mult_vl_req
                0x0000000000006fac       0xac zephyr/subsys/bluetooth/host/libsubsys__bluetooth__host.a(att.c.obj)
 .text.att_read_mult_req
                0x0000000000007058       0xac zephyr/subsys/bluetooth/host/libsubsys__bluetooth__host.a(att.c.obj)
 .text.att_read_rsp
                0x0000000000007104       0xa8 zephyr/subsys/bluetooth/host/libsubsys__bluetooth__host.a(att.c.obj)
 .text.att_read_type_req
                0x00000000000071ac       0xc8 zephyr/subsys/bluetooth/host/libsubsys__bluetooth__host.a(att.c.obj)
 .text.att_find_type_req
                0x0000000000007274       0xdc zephyr/subsys/bluetooth/host/libsubsys__bluetooth__host.a(att.c.obj)
 .text.att_find_info_req
                0x0000000000007350       0x78 zephyr/subsys/bluetooth/host/libsubsys__bluetooth__host.a(att.c.obj)
 .text.bt_att_init
                0x00000000000073c8       0x34 zephyr/subsys/bluetooth/host/libsubsys__bluetooth__host.a(att.c.obj)
                0x00000000000073c8                bt_att_init
 .text.bt_att_req_alloc
                0x00000000000073fc       0x44 zephyr/subsys/bluetooth/host/libsubsys__bluetooth__host.a(att.c.obj)
                0x00000000000073fc                bt_att_req_alloc
 .text.bt_att_req_free
                0x0000000000007440       0x30 zephyr/subsys/bluetooth/host/libsubsys__bluetooth__host.a(att.c.obj)
                0x0000000000007440                bt_att_req_free
 .text.att_handle_rsp
                0x0000000000007470       0x60 zephyr/subsys/bluetooth/host/libsubsys__bluetooth__host.a(att.c.obj)
 .text.att_error_rsp
                0x00000000000074d0       0x28 zephyr/subsys/bluetooth/host/libsubsys__bluetooth__host.a(att.c.obj)
 .text.bt_att_disconnected
                0x00000000000074f8       0xc8 zephyr/subsys/bluetooth/host/libsubsys__bluetooth__host.a(att.c.obj)
 .text.bt_att_req_cancel
                0x00000000000075c0       0x54 zephyr/subsys/bluetooth/host/libsubsys__bluetooth__host.a(att.c.obj)
                0x00000000000075c0                bt_att_req_cancel
 .text.find_cf_cfg
                0x0000000000007614       0x3c zephyr/subsys/bluetooth/host/libsubsys__bluetooth__host.a(gatt.c.obj)
 .text.find_sc_cfg
                0x0000000000007650       0x20 zephyr/subsys/bluetooth/host/libsubsys__bluetooth__host.a(gatt.c.obj)
 .text.gatt_sub_find
                0x0000000000007670       0x3c zephyr/subsys/bluetooth/host/libsubsys__bluetooth__host.a(gatt.c.obj)
 .text.gatt_write_ccc
                0x00000000000076ac       0x24 zephyr/subsys/bluetooth/host/libsubsys__bluetooth__host.a(gatt.c.obj)
 .text.disconnected_cb
                0x00000000000076d0       0x9c zephyr/subsys/bluetooth/host/libsubsys__bluetooth__host.a(gatt.c.obj)
 .text.sc_indicate_rsp
                0x000000000000776c       0x50 zephyr/subsys/bluetooth/host/libsubsys__bluetooth__host.a(gatt.c.obj)
 .text.bt_gatt_init
                0x00000000000077bc       0xac zephyr/subsys/bluetooth/host/libsubsys__bluetooth__host.a(gatt.c.obj)
                0x00000000000077bc                bt_gatt_init
 .text.bt_gatt_attr_get_handle
                0x0000000000007868       0x60 zephyr/subsys/bluetooth/host/libsubsys__bluetooth__host.a(gatt.c.obj)
                0x0000000000007868                bt_gatt_attr_get_handle
 .text.bt_gatt_foreach_attr_type
                0x00000000000078c8       0xb4 zephyr/subsys/bluetooth/host/libsubsys__bluetooth__host.a(gatt.c.obj)
                0x00000000000078c8                bt_gatt_foreach_attr_type
 .text.db_hash_gen.constprop.0
                0x000000000000797c       0x64 zephyr/subsys/bluetooth/host/libsubsys__bluetooth__host.a(gatt.c.obj)
 .text.db_hash_read
                0x00000000000079e0       0x7c zephyr/subsys/bluetooth/host/libsubsys__bluetooth__host.a(gatt.c.obj)
 .text.gatt_indicate
                0x0000000000007a5c       0x94 zephyr/subsys/bluetooth/host/libsubsys__bluetooth__host.a(gatt.c.obj)
 .text.bt_gatt_indicate
                0x0000000000007af0       0xf0 zephyr/subsys/bluetooth/host/libsubsys__bluetooth__host.a(gatt.c.obj)
                0x0000000000007af0                bt_gatt_indicate
 .text.sc_process
                0x0000000000007be0       0x64 zephyr/subsys/bluetooth/host/libsubsys__bluetooth__host.a(gatt.c.obj)
 .text.notify_cb
                0x0000000000007c44       0xd8 zephyr/subsys/bluetooth/host/libsubsys__bluetooth__host.a(gatt.c.obj)
 .text.update_ccc
                0x0000000000007d1c       0xa8 zephyr/subsys/bluetooth/host/libsubsys__bluetooth__host.a(gatt.c.obj)
 .text.bt_gatt_connected
                0x0000000000007dc4       0x58 zephyr/subsys/bluetooth/host/libsubsys__bluetooth__host.a(gatt.c.obj)
                0x0000000000007dc4                bt_gatt_connected
 .text.bt_gatt_att_max_mtu_changed
                0x0000000000007e1c       0x28 zephyr/subsys/bluetooth/host/libsubsys__bluetooth__host.a(gatt.c.obj)
                0x0000000000007e1c                bt_gatt_att_max_mtu_changed
 .text.bt_gatt_disconnected
                0x0000000000007e44       0xb4 zephyr/subsys/bluetooth/host/libsubsys__bluetooth__host.a(gatt.c.obj)
                0x0000000000007e44                bt_gatt_disconnected
 .text.bt_smp_accept
                0x0000000000007ef8       0x1c zephyr/subsys/bluetooth/host/libsubsys__bluetooth__host.a(smp_null.c.obj)
 .text.mem_init
                0x0000000000007f14       0x60 zephyr/subsys/bluetooth/controller/libsubsys__bluetooth__controller.a(mem.c.obj)
                0x0000000000007f14                mem_init
 .text.mem_acquire
                0x0000000000007f74       0x34 zephyr/subsys/bluetooth/controller/libsubsys__bluetooth__controller.a(mem.c.obj)
                0x0000000000007f74                mem_acquire
 .text.mem_release
                0x0000000000007fa8       0x30 zephyr/subsys/bluetooth/controller/libsubsys__bluetooth__controller.a(mem.c.obj)
                0x0000000000007fa8                mem_release
 .text.mem_get  0x0000000000007fd8        0x8 zephyr/subsys/bluetooth/controller/libsubsys__bluetooth__controller.a(mem.c.obj)
                0x0000000000007fd8                mem_get
 .text.mem_index_get
                0x0000000000007fe0        0xc zephyr/subsys/bluetooth/controller/libsubsys__bluetooth__controller.a(mem.c.obj)
                0x0000000000007fe0                mem_index_get
 .text.mem_rcopy
                0x0000000000007fec       0x1c zephyr/subsys/bluetooth/controller/libsubsys__bluetooth__controller.a(mem.c.obj)
                0x0000000000007fec                mem_rcopy
 .text.mem_nz   0x0000000000008008       0x18 zephyr/subsys/bluetooth/controller/libsubsys__bluetooth__controller.a(mem.c.obj)
                0x0000000000008008                mem_nz
 .text.memq_init
                0x0000000000008020        0x8 zephyr/subsys/bluetooth/controller/libsubsys__bluetooth__controller.a(memq.c.obj)
                0x0000000000008020                memq_init
 .text.memq_deinit
                0x0000000000008028       0x14 zephyr/subsys/bluetooth/controller/libsubsys__bluetooth__controller.a(memq.c.obj)
                0x0000000000008028                memq_deinit
 .text.memq_enqueue
                0x000000000000803c       0x14 zephyr/subsys/bluetooth/controller/libsubsys__bluetooth__controller.a(memq.c.obj)
                0x000000000000803c                memq_enqueue
 .text.memq_peek
                0x0000000000008050       0x10 zephyr/subsys/bluetooth/controller/libsubsys__bluetooth__controller.a(memq.c.obj)
                0x0000000000008050                memq_peek
 .text.memq_dequeue
                0x0000000000008060       0x20 zephyr/subsys/bluetooth/controller/libsubsys__bluetooth__controller.a(memq.c.obj)
                0x0000000000008060                memq_dequeue
 .text.mayfly_init
                0x0000000000008080       0x40 zephyr/subsys/bluetooth/controller/libsubsys__bluetooth__controller.a(mayfly.c.obj)
                0x0000000000008080                mayfly_init
 .text.mayfly_enable
                0x00000000000080c0       0x64 zephyr/subsys/bluetooth/controller/libsubsys__bluetooth__controller.a(mayfly.c.obj)
                0x00000000000080c0                mayfly_enable
 .text.mayfly_enqueue
                0x0000000000008124       0xb0 zephyr/subsys/bluetooth/controller/libsubsys__bluetooth__controller.a(mayfly.c.obj)
                0x0000000000008124                mayfly_enqueue
 .text.mayfly_run
                0x00000000000081d4      0x14c zephyr/subsys/bluetooth/controller/libsubsys__bluetooth__controller.a(mayfly.c.obj)
                0x00000000000081d4                mayfly_run
 .text.util_ones_count_get
                0x0000000000008320       0x28 zephyr/subsys/bluetooth/controller/libsubsys__bluetooth__controller.a(util.c.obj)
                0x0000000000008320                util_ones_count_get
 .text.util_aa_le32
                0x0000000000008348      0x12c zephyr/subsys/bluetooth/controller/libsubsys__bluetooth__controller.a(util.c.obj)
                0x0000000000008348                util_aa_le32
 .text.ticker_dequeue
                0x0000000000008474       0x74 zephyr/subsys/bluetooth/controller/libsubsys__bluetooth__controller.a(ticker.c.obj)
 .text.ticks_to_expire_prep
                0x00000000000084e8       0x48 zephyr/subsys/bluetooth/controller/libsubsys__bluetooth__controller.a(ticker.c.obj)
 .text.ticker_job_list_insert
                0x0000000000008530      0x208 zephyr/subsys/bluetooth/controller/libsubsys__bluetooth__controller.a(ticker.c.obj)
 .text.ticker_worker
                0x0000000000008738      0x2e0 zephyr/subsys/bluetooth/controller/libsubsys__bluetooth__controller.a(ticker.c.obj)
                0x0000000000008738                ticker_worker
 .text.ticker_job
                0x0000000000008a18      0x958 zephyr/subsys/bluetooth/controller/libsubsys__bluetooth__controller.a(ticker.c.obj)
                0x0000000000008a18                ticker_job
 .text.ticker_init
                0x0000000000009370       0x88 zephyr/subsys/bluetooth/controller/libsubsys__bluetooth__controller.a(ticker.c.obj)
                0x0000000000009370                ticker_init
 .text.ticker_trigger
                0x00000000000093f8       0x30 zephyr/subsys/bluetooth/controller/libsubsys__bluetooth__controller.a(ticker.c.obj)
                0x00000000000093f8                ticker_trigger
 .text.ticker_start_ext
                0x0000000000009428       0xac zephyr/subsys/bluetooth/controller/libsubsys__bluetooth__controller.a(ticker.c.obj)
                0x0000000000009428                ticker_start_ext
 .text.ticker_start
                0x00000000000094d4       0x38 zephyr/subsys/bluetooth/controller/libsubsys__bluetooth__controller.a(ticker.c.obj)
                0x00000000000094d4                ticker_start
 .text.ticker_update_ext
                0x000000000000950c       0xac zephyr/subsys/bluetooth/controller/libsubsys__bluetooth__controller.a(ticker.c.obj)
                0x000000000000950c                ticker_update_ext
 .text.ticker_update
                0x00000000000095b8       0x30 zephyr/subsys/bluetooth/controller/libsubsys__bluetooth__controller.a(ticker.c.obj)
                0x00000000000095b8                ticker_update
 .text.ticker_stop
                0x00000000000095e8       0x84 zephyr/subsys/bluetooth/controller/libsubsys__bluetooth__controller.a(ticker.c.obj)
                0x00000000000095e8                ticker_stop
 .text.ticker_next_slot_get
                0x000000000000966c       0x8c zephyr/subsys/bluetooth/controller/libsubsys__bluetooth__controller.a(ticker.c.obj)
                0x000000000000966c                ticker_next_slot_get
 .text.ticker_job_sched
                0x00000000000096f8       0x30 zephyr/subsys/bluetooth/controller/libsubsys__bluetooth__controller.a(ticker.c.obj)
                0x00000000000096f8                ticker_job_sched
 .text.ticker_ticks_now_get
                0x0000000000009728        0x4 zephyr/subsys/bluetooth/controller/libsubsys__bluetooth__controller.a(ticker.c.obj)
                0x0000000000009728                ticker_ticks_now_get
 .text.ticker_ticks_diff_get
                0x000000000000972c        0x8 zephyr/subsys/bluetooth/controller/libsubsys__bluetooth__controller.a(ticker.c.obj)
                0x000000000000972c                ticker_ticks_diff_get
 .text.ll_addr_set
                0x0000000000009734       0x48 zephyr/subsys/bluetooth/controller/libsubsys__bluetooth__controller.a(ll_addr.c.obj)
                0x0000000000009734                ll_addr_set
 .text.ll_addr_get
                0x000000000000977c       0x20 zephyr/subsys/bluetooth/controller/libsubsys__bluetooth__controller.a(ll_addr.c.obj)
                0x000000000000977c                ll_addr_get
 .text.ll_addr_read
                0x000000000000979c       0x30 zephyr/subsys/bluetooth/controller/libsubsys__bluetooth__controller.a(ll_addr.c.obj)
                0x000000000000979c                ll_addr_read
 .text.ll_tx_pwr_lvl_get
                0x00000000000097cc       0x20 zephyr/subsys/bluetooth/controller/libsubsys__bluetooth__controller.a(ll_tx_pwr.c.obj)
                0x00000000000097cc                ll_tx_pwr_lvl_get
 .text.ll_tx_pwr_get
                0x00000000000097ec        0x8 zephyr/subsys/bluetooth/controller/libsubsys__bluetooth__controller.a(ll_tx_pwr.c.obj)
                0x00000000000097ec                ll_tx_pwr_get
 .text.hci_driver_init
                0x00000000000097f4       0x10 zephyr/subsys/bluetooth/controller/libsubsys__bluetooth__controller.a(hci_driver.c.obj)
 .text.hci_driver_send
                0x0000000000009804       0x6c zephyr/subsys/bluetooth/controller/libsubsys__bluetooth__controller.a(hci_driver.c.obj)
 .text.hci_driver_close
                0x0000000000009870       0x20 zephyr/subsys/bluetooth/controller/libsubsys__bluetooth__controller.a(hci_driver.c.obj)
 .text.recv_thread
                0x0000000000009890      0x118 zephyr/subsys/bluetooth/controller/libsubsys__bluetooth__controller.a(hci_driver.c.obj)
 .text.prio_recv_thread
                0x00000000000099a8       0xc8 zephyr/subsys/bluetooth/controller/libsubsys__bluetooth__controller.a(hci_driver.c.obj)
 .text.hci_driver_open
                0x0000000000009a70       0xa8 zephyr/subsys/bluetooth/controller/libsubsys__bluetooth__controller.a(hci_driver.c.obj)
 .text.dup_found.part.0
                0x0000000000009b18       0xc0 zephyr/subsys/bluetooth/controller/libsubsys__bluetooth__controller.a(hci.c.obj)
 .text.le_remote_feat_complete
                0x0000000000009bd8       0x70 zephyr/subsys/bluetooth/controller/libsubsys__bluetooth__controller.a(hci.c.obj)
 .text.hci_vendor_cmd_handle_common
                0x0000000000009c48      0x180 zephyr/subsys/bluetooth/controller/libsubsys__bluetooth__controller.a(hci.c.obj)
                0x0000000000009c48                hci_vendor_cmd_handle_common
 .text.hci_cmd_handle
                0x0000000000009dc8      0x8b8 zephyr/subsys/bluetooth/controller/libsubsys__bluetooth__controller.a(hci.c.obj)
                0x0000000000009dc8                hci_cmd_handle
 .text.hci_acl_handle
                0x000000000000a680       0xc8 zephyr/subsys/bluetooth/controller/libsubsys__bluetooth__controller.a(hci.c.obj)
                0x000000000000a680                hci_acl_handle
 .text.hci_disconn_complete_encode
                0x000000000000a748       0x40 zephyr/subsys/bluetooth/controller/libsubsys__bluetooth__controller.a(hci.c.obj)
                0x000000000000a748                hci_disconn_complete_encode
 .text.hci_disconn_complete_process
                0x000000000000a788       0x10 zephyr/subsys/bluetooth/controller/libsubsys__bluetooth__controller.a(hci.c.obj)
                0x000000000000a788                hci_disconn_complete_process
 .text.hci_acl_encode
                0x000000000000a798       0x74 zephyr/subsys/bluetooth/controller/libsubsys__bluetooth__controller.a(hci.c.obj)
                0x000000000000a798                hci_acl_encode
 .text.hci_evt_encode
                0x000000000000a80c      0x6b0 zephyr/subsys/bluetooth/controller/libsubsys__bluetooth__controller.a(hci.c.obj)
                0x000000000000a80c                hci_evt_encode
 .text.hci_num_cmplt_encode
                0x000000000000aebc       0x30 zephyr/subsys/bluetooth/controller/libsubsys__bluetooth__controller.a(hci.c.obj)
                0x000000000000aebc                hci_num_cmplt_encode
 .text.hci_get_class
                0x000000000000aeec       0x2c zephyr/subsys/bluetooth/controller/libsubsys__bluetooth__controller.a(hci.c.obj)
                0x000000000000aeec                hci_get_class
 .text.hci_init
                0x000000000000af18       0x4c zephyr/subsys/bluetooth/controller/libsubsys__bluetooth__controller.a(hci.c.obj)
                0x000000000000af18                hci_init
 .text.bt_rand  0x000000000000af64        0x4 zephyr/subsys/bluetooth/controller/libsubsys__bluetooth__controller.a(crypto.c.obj)
                0x000000000000af64                bt_rand
 .text.ll_feat_get
                0x000000000000af68        0xc zephyr/subsys/bluetooth/controller/libsubsys__bluetooth__controller.a(ll_feat.c.obj)
                0x000000000000af68                ll_feat_get
 .text.perform_lll_reset
                0x000000000000af74       0x94 zephyr/subsys/bluetooth/controller/libsubsys__bluetooth__controller.a(ull.c.obj)
 .text.ull_ticker_status_give
                0x000000000000b008        0xc zephyr/subsys/bluetooth/controller/libsubsys__bluetooth__controller.a(ull.c.obj)
                0x000000000000b008                ull_ticker_status_give
 .text.disabled_cb
                0x000000000000b014        0x4 zephyr/subsys/bluetooth/controller/libsubsys__bluetooth__controller.a(ull.c.obj)
 .text.tx_cmplt_get
                0x000000000000b018       0xc0 zephyr/subsys/bluetooth/controller/libsubsys__bluetooth__controller.a(ull.c.obj)
 .text.rx_replenish
                0x000000000000b0d8       0xec zephyr/subsys/bluetooth/controller/libsubsys__bluetooth__controller.a(ull.c.obj)
 .text.ull_done
                0x000000000000b1c4      0x114 zephyr/subsys/bluetooth/controller/libsubsys__bluetooth__controller.a(ull.c.obj)
 .text.rx_demux
                0x000000000000b2d8      0x1d4 zephyr/subsys/bluetooth/controller/libsubsys__bluetooth__controller.a(ull.c.obj)
 .text.ll_rx_get
                0x000000000000b4ac       0xec zephyr/subsys/bluetooth/controller/libsubsys__bluetooth__controller.a(ull.c.obj)
                0x000000000000b4ac                ll_rx_get
 .text.ll_rx_dequeue
                0x000000000000b598       0xdc zephyr/subsys/bluetooth/controller/libsubsys__bluetooth__controller.a(ull.c.obj)
                0x000000000000b598                ll_rx_dequeue
 .text.ll_rx_mem_release
                0x000000000000b674      0x18c zephyr/subsys/bluetooth/controller/libsubsys__bluetooth__controller.a(ull.c.obj)
                0x000000000000b674                ll_rx_mem_release
 .text.ll_rx_link_alloc
                0x000000000000b800        0xc zephyr/subsys/bluetooth/controller/libsubsys__bluetooth__controller.a(ull.c.obj)
                0x000000000000b800                ll_rx_link_alloc
 .text.ll_rx_link_release
                0x000000000000b80c        0xc zephyr/subsys/bluetooth/controller/libsubsys__bluetooth__controller.a(ull.c.obj)
                0x000000000000b80c                ll_rx_link_release
 .text.ll_rx_put
                0x000000000000b818       0x14 zephyr/subsys/bluetooth/controller/libsubsys__bluetooth__controller.a(ull.c.obj)
                0x000000000000b818                ll_rx_put
 .text.ll_rx_sched
                0x000000000000b82c        0xc zephyr/subsys/bluetooth/controller/libsubsys__bluetooth__controller.a(ull.c.obj)
                0x000000000000b82c                ll_rx_sched
 .text.ll_pdu_rx_alloc_peek
                0x000000000000b838       0x40 zephyr/subsys/bluetooth/controller/libsubsys__bluetooth__controller.a(ull.c.obj)
                0x000000000000b838                ll_pdu_rx_alloc_peek
 .text.ll_pdu_rx_alloc
                0x000000000000b878       0x2c zephyr/subsys/bluetooth/controller/libsubsys__bluetooth__controller.a(ull.c.obj)
                0x000000000000b878                ll_pdu_rx_alloc
 .text.ll_tx_ack_put
                0x000000000000b8a4       0x68 zephyr/subsys/bluetooth/controller/libsubsys__bluetooth__controller.a(ull.c.obj)
                0x000000000000b8a4                ll_tx_ack_put
 .text.ull_ticker_status_take
                0x000000000000b90c       0x50 zephyr/subsys/bluetooth/controller/libsubsys__bluetooth__controller.a(ull.c.obj)
                0x000000000000b90c                ull_ticker_status_take
 .text.ull_disable_mark_get
                0x000000000000b95c        0xc zephyr/subsys/bluetooth/controller/libsubsys__bluetooth__controller.a(ull.c.obj)
                0x000000000000b95c                ull_disable_mark_get
 .text.ull_update_mark
                0x000000000000b968       0x14 zephyr/subsys/bluetooth/controller/libsubsys__bluetooth__controller.a(ull.c.obj)
                0x000000000000b968                ull_update_mark
 .text.ull_update_unmark
                0x000000000000b97c       0x18 zephyr/subsys/bluetooth/controller/libsubsys__bluetooth__controller.a(ull.c.obj)
                0x000000000000b97c                ull_update_unmark
 .text.ull_update_mark_get
                0x000000000000b994        0xc zephyr/subsys/bluetooth/controller/libsubsys__bluetooth__controller.a(ull.c.obj)
                0x000000000000b994                ull_update_mark_get
 .text.ull_disable
                0x000000000000b9a0       0x7c zephyr/subsys/bluetooth/controller/libsubsys__bluetooth__controller.a(ull.c.obj)
                0x000000000000b9a0                ull_disable
 .text.ull_ticker_stop_with_mark
                0x000000000000ba1c       0x8c zephyr/subsys/bluetooth/controller/libsubsys__bluetooth__controller.a(ull.c.obj)
                0x000000000000ba1c                ull_ticker_stop_with_mark
 .text.ull_pdu_rx_alloc_peek
                0x000000000000baa8       0x40 zephyr/subsys/bluetooth/controller/libsubsys__bluetooth__controller.a(ull.c.obj)
                0x000000000000baa8                ull_pdu_rx_alloc_peek
 .text.ull_pdu_rx_alloc
                0x000000000000bae8       0x2c zephyr/subsys/bluetooth/controller/libsubsys__bluetooth__controller.a(ull.c.obj)
                0x000000000000bae8                ull_pdu_rx_alloc
 .text.ull_rx_put
                0x000000000000bb14       0x20 zephyr/subsys/bluetooth/controller/libsubsys__bluetooth__controller.a(ull.c.obj)
                0x000000000000bb14                ull_rx_put
 .text.ull_rx_sched
                0x000000000000bb34       0x10 zephyr/subsys/bluetooth/controller/libsubsys__bluetooth__controller.a(ull.c.obj)
                0x000000000000bb34                ull_rx_sched
 .text.ull_prepare_enqueue
                0x000000000000bb44       0x64 zephyr/subsys/bluetooth/controller/libsubsys__bluetooth__controller.a(ull.c.obj)
                0x000000000000bb44                ull_prepare_enqueue
 .text.ull_prepare_dequeue_get
                0x000000000000bba8       0x1c zephyr/subsys/bluetooth/controller/libsubsys__bluetooth__controller.a(ull.c.obj)
                0x000000000000bba8                ull_prepare_dequeue_get
 .text.ull_prepare_dequeue_iter
                0x000000000000bbc4       0x40 zephyr/subsys/bluetooth/controller/libsubsys__bluetooth__controller.a(ull.c.obj)
                0x000000000000bbc4                ull_prepare_dequeue_iter
 .text.ull_prepare_dequeue
                0x000000000000bc04       0xc4 zephyr/subsys/bluetooth/controller/libsubsys__bluetooth__controller.a(ull.c.obj)
                0x000000000000bc04                ull_prepare_dequeue
 .text.ull_event_done_extra_get
                0x000000000000bcc8       0x20 zephyr/subsys/bluetooth/controller/libsubsys__bluetooth__controller.a(ull.c.obj)
                0x000000000000bcc8                ull_event_done_extra_get
 .text.ull_event_done
                0x000000000000bce8       0x5c zephyr/subsys/bluetooth/controller/libsubsys__bluetooth__controller.a(ull.c.obj)
                0x000000000000bce8                ull_event_done
 .text.ull_rxfifo_alloc
                0x000000000000bd44       0x7c zephyr/subsys/bluetooth/controller/libsubsys__bluetooth__controller.a(ull.c.obj)
                0x000000000000bd44                ull_rxfifo_alloc
 .text.init_reset
                0x000000000000bdc0      0x130 zephyr/subsys/bluetooth/controller/libsubsys__bluetooth__controller.a(ull.c.obj)
 .text.ll_init  0x000000000000bef0       0xcc zephyr/subsys/bluetooth/controller/libsubsys__bluetooth__controller.a(ull.c.obj)
                0x000000000000bef0                ll_init
 .text.ll_reset
                0x000000000000bfbc      0x100 zephyr/subsys/bluetooth/controller/libsubsys__bluetooth__controller.a(ull.c.obj)
                0x000000000000bfbc                ll_reset
 .text.ll_deinit
                0x000000000000c0bc       0x10 zephyr/subsys/bluetooth/controller/libsubsys__bluetooth__controller.a(ull.c.obj)
                0x000000000000c0bc                ll_deinit
 .text.lll_prepare
                0x000000000000c0cc       0x14 zephyr/subsys/bluetooth/controller/libsubsys__bluetooth__controller.a(lll_common.c.obj)
                0x000000000000c0cc                lll_prepare
 .text.lll_resume
                0x000000000000c0e0       0x4c zephyr/subsys/bluetooth/controller/libsubsys__bluetooth__controller.a(lll_common.c.obj)
                0x000000000000c0e0                lll_resume
 .text.ticker_cb
                0x000000000000c12c       0x94 zephyr/subsys/bluetooth/controller/libsubsys__bluetooth__controller.a(ull_scan.c.obj)
 .text.ull_scan_init
                0x000000000000c1c0        0x4 zephyr/subsys/bluetooth/controller/libsubsys__bluetooth__controller.a(ull_scan.c.obj)
                0x000000000000c1c0                ull_scan_init
 .text.ull_scan_disable
                0x000000000000c1c4       0x44 zephyr/subsys/bluetooth/controller/libsubsys__bluetooth__controller.a(ull_scan.c.obj)
                0x000000000000c1c4                ull_scan_disable
 .text.ll_scan_enable
                0x000000000000c208       0x58 zephyr/subsys/bluetooth/controller/libsubsys__bluetooth__controller.a(ull_scan.c.obj)
                0x000000000000c208                ll_scan_enable
 .text.ull_scan_reset
                0x000000000000c260       0x34 zephyr/subsys/bluetooth/controller/libsubsys__bluetooth__controller.a(ull_scan.c.obj)
                0x000000000000c260                ull_scan_reset
 .text.ull_scan_handle_get
                0x000000000000c294       0x18 zephyr/subsys/bluetooth/controller/libsubsys__bluetooth__controller.a(ull_scan.c.obj)
                0x000000000000c294                ull_scan_handle_get
 .text.ull_scan_lll_handle_get
                0x000000000000c2ac       0x1c zephyr/subsys/bluetooth/controller/libsubsys__bluetooth__controller.a(ull_scan.c.obj)
                0x000000000000c2ac                ull_scan_lll_handle_get
 .text.ull_scan_is_enabled_get
                0x000000000000c2c8       0x1c zephyr/subsys/bluetooth/controller/libsubsys__bluetooth__controller.a(ull_scan.c.obj)
                0x000000000000c2c8                ull_scan_is_enabled_get
 .text.ull_scan_is_disabled_get
                0x000000000000c2e4       0x18 zephyr/subsys/bluetooth/controller/libsubsys__bluetooth__controller.a(ull_scan.c.obj)
                0x000000000000c2e4                ull_scan_is_disabled_get
 .text.ull_scan_is_enabled
                0x000000000000c2fc       0x30 zephyr/subsys/bluetooth/controller/libsubsys__bluetooth__controller.a(ull_scan.c.obj)
                0x000000000000c2fc                ull_scan_is_enabled
 .text.init_reset
                0x000000000000c32c       0x80 zephyr/subsys/bluetooth/controller/libsubsys__bluetooth__controller.a(ull_conn.c.obj)
 .text.ctrl_tx_pause_enqueue
                0x000000000000c3ac       0xdc zephyr/subsys/bluetooth/controller/libsubsys__bluetooth__controller.a(ull_conn.c.obj)
 .text.tx_lll_flush
                0x000000000000c488       0xf4 zephyr/subsys/bluetooth/controller/libsubsys__bluetooth__controller.a(ull_conn.c.obj)
 .text.ctrl_tx_sec_enqueue
                0x000000000000c57c       0x84 zephyr/subsys/bluetooth/controller/libsubsys__bluetooth__controller.a(ull_conn.c.obj)
 .text.ticker_stop_op_cb
                0x000000000000c600       0x64 zephyr/subsys/bluetooth/controller/libsubsys__bluetooth__controller.a(ull_conn.c.obj)
 .text.disabled_cb
                0x000000000000c664       0x40 zephyr/subsys/bluetooth/controller/libsubsys__bluetooth__controller.a(ull_conn.c.obj)
 .text.conn_disable
                0x000000000000c6a4       0x80 zephyr/subsys/bluetooth/controller/libsubsys__bluetooth__controller.a(ull_conn.c.obj)
 .text.conn_setup_adv_scan_disabled_cb
                0x000000000000c724       0x40 zephyr/subsys/bluetooth/controller/libsubsys__bluetooth__controller.a(ull_conn.c.obj)
 .text.ticker_start_conn_op_cb
                0x000000000000c764       0x58 zephyr/subsys/bluetooth/controller/libsubsys__bluetooth__controller.a(ull_conn.c.obj)
 .text.ticker_stop_conn_op_cb
                0x000000000000c7bc       0x58 zephyr/subsys/bluetooth/controller/libsubsys__bluetooth__controller.a(ull_conn.c.obj)
 .text.ticker_update_conn_op_cb
                0x000000000000c814       0x40 zephyr/subsys/bluetooth/controller/libsubsys__bluetooth__controller.a(ull_conn.c.obj)
 .text.tx_ull_dequeue
                0x000000000000c854       0x78 zephyr/subsys/bluetooth/controller/libsubsys__bluetooth__controller.a(ull_conn.c.obj)
 .text.reject_ext_ind_send
                0x000000000000c8cc       0xcc zephyr/subsys/bluetooth/controller/libsubsys__bluetooth__controller.a(ull_conn.c.obj)
 .text.event_len_prep
                0x000000000000c998      0x1ec zephyr/subsys/bluetooth/controller/libsubsys__bluetooth__controller.a(ull_conn.c.obj)
 .text.ll_conn_acquire
                0x000000000000cb84        0xc zephyr/subsys/bluetooth/controller/libsubsys__bluetooth__controller.a(ull_conn.c.obj)
                0x000000000000cb84                ll_conn_acquire
 .text.ll_conn_release
                0x000000000000cb90        0xc zephyr/subsys/bluetooth/controller/libsubsys__bluetooth__controller.a(ull_conn.c.obj)
                0x000000000000cb90                ll_conn_release
 .text.ll_conn_handle_get
                0x000000000000cb9c       0x10 zephyr/subsys/bluetooth/controller/libsubsys__bluetooth__controller.a(ull_conn.c.obj)
                0x000000000000cb9c                ll_conn_handle_get
 .text.ll_conn_get
                0x000000000000cbac       0x10 zephyr/subsys/bluetooth/controller/libsubsys__bluetooth__controller.a(ull_conn.c.obj)
                0x000000000000cbac                ll_conn_get
 .text.ll_connected_get
                0x000000000000cbbc       0x24 zephyr/subsys/bluetooth/controller/libsubsys__bluetooth__controller.a(ull_conn.c.obj)
                0x000000000000cbbc                ll_connected_get
 .text.ll_tx_mem_acquire
                0x000000000000cbe0        0xc zephyr/subsys/bluetooth/controller/libsubsys__bluetooth__controller.a(ull_conn.c.obj)
                0x000000000000cbe0                ll_tx_mem_acquire
 .text.ll_tx_mem_release
                0x000000000000cbec        0xc zephyr/subsys/bluetooth/controller/libsubsys__bluetooth__controller.a(ull_conn.c.obj)
                0x000000000000cbec                ll_tx_mem_release
 .text.ll_tx_mem_enqueue
                0x000000000000cbf8       0x84 zephyr/subsys/bluetooth/controller/libsubsys__bluetooth__controller.a(ull_conn.c.obj)
                0x000000000000cbf8                ll_tx_mem_enqueue
 .text.ll_conn_update
                0x000000000000cc7c      0x114 zephyr/subsys/bluetooth/controller/libsubsys__bluetooth__controller.a(ull_conn.c.obj)
                0x000000000000cc7c                ll_conn_update
 .text.ll_chm_get
                0x000000000000cd90       0x40 zephyr/subsys/bluetooth/controller/libsubsys__bluetooth__controller.a(ull_conn.c.obj)
                0x000000000000cd90                ll_chm_get
 .text.ll_terminate_ind_send
                0x000000000000cdd0       0x84 zephyr/subsys/bluetooth/controller/libsubsys__bluetooth__controller.a(ull_conn.c.obj)
                0x000000000000cdd0                ll_terminate_ind_send
 .text.ll_feature_req_send
                0x000000000000ce54       0x38 zephyr/subsys/bluetooth/controller/libsubsys__bluetooth__controller.a(ull_conn.c.obj)
                0x000000000000ce54                ll_feature_req_send
 .text.ll_version_ind_send
                0x000000000000ce8c       0x38 zephyr/subsys/bluetooth/controller/libsubsys__bluetooth__controller.a(ull_conn.c.obj)
                0x000000000000ce8c                ll_version_ind_send
 .text.ll_length_req_send
                0x000000000000cec4       0xa0 zephyr/subsys/bluetooth/controller/libsubsys__bluetooth__controller.a(ull_conn.c.obj)
                0x000000000000cec4                ll_length_req_send
 .text.ll_length_default_get
                0x000000000000cf64       0x18 zephyr/subsys/bluetooth/controller/libsubsys__bluetooth__controller.a(ull_conn.c.obj)
                0x000000000000cf64                ll_length_default_get
 .text.ll_length_default_set
                0x000000000000cf7c       0x14 zephyr/subsys/bluetooth/controller/libsubsys__bluetooth__controller.a(ull_conn.c.obj)
                0x000000000000cf7c                ll_length_default_set
 .text.ll_length_max_get
                0x000000000000cf90       0x18 zephyr/subsys/bluetooth/controller/libsubsys__bluetooth__controller.a(ull_conn.c.obj)
                0x000000000000cf90                ll_length_max_get
 .text.ll_phy_get
                0x000000000000cfa8       0x3c zephyr/subsys/bluetooth/controller/libsubsys__bluetooth__controller.a(ull_conn.c.obj)
                0x000000000000cfa8                ll_phy_get
 .text.ll_phy_default_set
                0x000000000000cfe4       0x14 zephyr/subsys/bluetooth/controller/libsubsys__bluetooth__controller.a(ull_conn.c.obj)
                0x000000000000cfe4                ll_phy_default_set
 .text.ll_phy_req_send
                0x000000000000cff8       0x90 zephyr/subsys/bluetooth/controller/libsubsys__bluetooth__controller.a(ull_conn.c.obj)
                0x000000000000cff8                ll_phy_req_send
 .text.ll_apto_get
                0x000000000000d088       0x48 zephyr/subsys/bluetooth/controller/libsubsys__bluetooth__controller.a(ull_conn.c.obj)
                0x000000000000d088                ll_apto_get
 .text.ll_apto_set
                0x000000000000d0d0       0x44 zephyr/subsys/bluetooth/controller/libsubsys__bluetooth__controller.a(ull_conn.c.obj)
                0x000000000000d0d0                ll_apto_set
 .text.ull_conn_init
                0x000000000000d114        0x4 zephyr/subsys/bluetooth/controller/libsubsys__bluetooth__controller.a(ull_conn.c.obj)
                0x000000000000d114                ull_conn_init
 .text.ull_conn_reset
                0x000000000000d118       0x74 zephyr/subsys/bluetooth/controller/libsubsys__bluetooth__controller.a(ull_conn.c.obj)
                0x000000000000d118                ull_conn_reset
 .text.ull_conn_default_tx_octets_get
                0x000000000000d18c        0xc zephyr/subsys/bluetooth/controller/libsubsys__bluetooth__controller.a(ull_conn.c.obj)
                0x000000000000d18c                ull_conn_default_tx_octets_get
 .text.ull_conn_default_tx_time_get
                0x000000000000d198        0xc zephyr/subsys/bluetooth/controller/libsubsys__bluetooth__controller.a(ull_conn.c.obj)
                0x000000000000d198                ull_conn_default_tx_time_get
 .text.ull_conn_default_phy_tx_get
                0x000000000000d1a4        0xc zephyr/subsys/bluetooth/controller/libsubsys__bluetooth__controller.a(ull_conn.c.obj)
                0x000000000000d1a4                ull_conn_default_phy_tx_get
 .text.ull_conn_default_phy_rx_get
                0x000000000000d1b0        0xc zephyr/subsys/bluetooth/controller/libsubsys__bluetooth__controller.a(ull_conn.c.obj)
                0x000000000000d1b0                ull_conn_default_phy_rx_get
 .text.ull_conn_setup
                0x000000000000d1bc       0x50 zephyr/subsys/bluetooth/controller/libsubsys__bluetooth__controller.a(ull_conn.c.obj)
                0x000000000000d1bc                ull_conn_setup
 .text.ull_conn_rx
                0x000000000000d20c     0x1558 zephyr/subsys/bluetooth/controller/libsubsys__bluetooth__controller.a(ull_conn.c.obj)
                0x000000000000d20c                ull_conn_rx
 .text.ull_conn_tx_demux
                0x000000000000e764       0xa0 zephyr/subsys/bluetooth/controller/libsubsys__bluetooth__controller.a(ull_conn.c.obj)
                0x000000000000e764                ull_conn_tx_demux
 .text.conn_cleanup_finalize
                0x000000000000e804       0xe4 zephyr/subsys/bluetooth/controller/libsubsys__bluetooth__controller.a(ull_conn.c.obj)
 .text.ull_conn_done
                0x000000000000e8e8      0x2d4 zephyr/subsys/bluetooth/controller/libsubsys__bluetooth__controller.a(ull_conn.c.obj)
                0x000000000000e8e8                ull_conn_done
 .text.ull_conn_tx_lll_enqueue
                0x000000000000ebbc      0x1e8 zephyr/subsys/bluetooth/controller/libsubsys__bluetooth__controller.a(ull_conn.c.obj)
                0x000000000000ebbc                ull_conn_tx_lll_enqueue
 .text.tx_demux
                0x000000000000eda4       0x18 zephyr/subsys/bluetooth/controller/libsubsys__bluetooth__controller.a(ull_conn.c.obj)
 .text.ull_conn_link_tx_release
                0x000000000000edbc        0xc zephyr/subsys/bluetooth/controller/libsubsys__bluetooth__controller.a(ull_conn.c.obj)
                0x000000000000edbc                ull_conn_link_tx_release
 .text.ull_conn_ack_last_idx_get
                0x000000000000edc8        0xc zephyr/subsys/bluetooth/controller/libsubsys__bluetooth__controller.a(ull_conn.c.obj)
                0x000000000000edc8                ull_conn_ack_last_idx_get
 .text.ull_conn_ack_peek
                0x000000000000edd4       0x38 zephyr/subsys/bluetooth/controller/libsubsys__bluetooth__controller.a(ull_conn.c.obj)
                0x000000000000edd4                ull_conn_ack_peek
 .text.ull_conn_ack_by_last_peek
                0x000000000000ee0c       0x34 zephyr/subsys/bluetooth/controller/libsubsys__bluetooth__controller.a(ull_conn.c.obj)
                0x000000000000ee0c                ull_conn_ack_by_last_peek
 .text.ull_conn_ack_dequeue
                0x000000000000ee40       0x2c zephyr/subsys/bluetooth/controller/libsubsys__bluetooth__controller.a(ull_conn.c.obj)
                0x000000000000ee40                ull_conn_ack_dequeue
 .text.ull_conn_lll_ack_enqueue
                0x000000000000ee6c       0x68 zephyr/subsys/bluetooth/controller/libsubsys__bluetooth__controller.a(ull_conn.c.obj)
                0x000000000000ee6c                ull_conn_lll_ack_enqueue
 .text.ull_conn_tx_ack
                0x000000000000eed4      0x360 zephyr/subsys/bluetooth/controller/libsubsys__bluetooth__controller.a(ull_conn.c.obj)
                0x000000000000eed4                ull_conn_tx_ack
 .text.ull_conn_llcp_req
                0x000000000000f234       0x18 zephyr/subsys/bluetooth/controller/libsubsys__bluetooth__controller.a(ull_conn.c.obj)
                0x000000000000f234                ull_conn_llcp_req
 .text.ull_conn_lll_max_tx_octets_get
                0x000000000000f24c       0x30 zephyr/subsys/bluetooth/controller/libsubsys__bluetooth__controller.a(ull_conn.c.obj)
                0x000000000000f24c                ull_conn_lll_max_tx_octets_get
 .text.ull_pdu_data_init
                0x000000000000f27c        0x4 zephyr/subsys/bluetooth/controller/libsubsys__bluetooth__controller.a(ull_conn.c.obj)
                0x000000000000f27c                ull_pdu_data_init
 .text.ticker_op_stop_scan_cb
                0x000000000000f280        0x4 zephyr/subsys/bluetooth/controller/libsubsys__bluetooth__controller.a(ull_central.c.obj)
 .text.ticker_op_cb
                0x000000000000f284       0x30 zephyr/subsys/bluetooth/controller/libsubsys__bluetooth__controller.a(ull_central.c.obj)
 .text.ull_central_ticker_cb
                0x000000000000f2b4       0xc8 zephyr/subsys/bluetooth/controller/libsubsys__bluetooth__controller.a(ull_central.c.obj)
                0x000000000000f2b4                ull_central_ticker_cb
 .text.ll_connect_disable
                0x000000000000f37c       0x9c zephyr/subsys/bluetooth/controller/libsubsys__bluetooth__controller.a(ull_central.c.obj)
                0x000000000000f37c                ll_connect_disable
 .text.ll_enc_req_send
                0x000000000000f418       0xf0 zephyr/subsys/bluetooth/controller/libsubsys__bluetooth__controller.a(ull_central.c.obj)
                0x000000000000f418                ll_enc_req_send
 .text.ull_central_reset
                0x000000000000f508       0x5c zephyr/subsys/bluetooth/controller/libsubsys__bluetooth__controller.a(ull_central.c.obj)
                0x000000000000f508                ull_central_reset
 .text.ull_central_cleanup
                0x000000000000f564       0xa0 zephyr/subsys/bluetooth/controller/libsubsys__bluetooth__controller.a(ull_central.c.obj)
                0x000000000000f564                ull_central_cleanup
 .text.ull_central_chm_update
                0x000000000000f604       0x4c zephyr/subsys/bluetooth/controller/libsubsys__bluetooth__controller.a(ull_central.c.obj)
                0x000000000000f604                ull_central_chm_update
 .text.ticker_op_cb
                0x000000000000f650        0x4 zephyr/subsys/bluetooth/controller/libsubsys__bluetooth__controller.a(ull_sched.c.obj)
 .text.win_offset_calc.constprop.0
                0x000000000000f654      0x298 zephyr/subsys/bluetooth/controller/libsubsys__bluetooth__controller.a(ull_sched.c.obj)
 .text.after_match_slot_get.constprop.0
                0x000000000000f8ec       0xf0 zephyr/subsys/bluetooth/controller/libsubsys__bluetooth__controller.a(ull_sched.c.obj)
 .text.ull_sched_mfy_after_cen_offset_get
                0x000000000000f9dc       0x14 zephyr/subsys/bluetooth/controller/libsubsys__bluetooth__controller.a(ull_sched.c.obj)
                0x000000000000f9dc                ull_sched_mfy_after_cen_offset_get
 .text.ull_sched_mfy_win_offset_use
                0x000000000000f9f0       0x40 zephyr/subsys/bluetooth/controller/libsubsys__bluetooth__controller.a(ull_sched.c.obj)
                0x000000000000f9f0                ull_sched_mfy_win_offset_use
 .text.ull_sched_mfy_free_win_offset_calc
                0x000000000000fa30       0x3c zephyr/subsys/bluetooth/controller/libsubsys__bluetooth__controller.a(ull_sched.c.obj)
                0x000000000000fa30                ull_sched_mfy_free_win_offset_calc
 .text.ll_chm_update
                0x000000000000fa6c       0x2c zephyr/subsys/bluetooth/controller/libsubsys__bluetooth__controller.a(ull_chan.c.obj)
                0x000000000000fa6c                ll_chm_update
 .text.ull_chan_map_get
                0x000000000000fa98       0x18 zephyr/subsys/bluetooth/controller/libsubsys__bluetooth__controller.a(ull_chan.c.obj)
                0x000000000000fa98                ull_chan_map_get
 .text.lll_chan_sel_1
                0x000000000000fab0       0x80 zephyr/subsys/bluetooth/controller/libsubsys__bluetooth__controller.a(lll_chan.c.obj)
                0x000000000000fab0                lll_chan_sel_1
 .text.lll_chan_id
                0x000000000000fb30        0x8 zephyr/subsys/bluetooth/controller/libsubsys__bluetooth__controller.a(lll_chan.c.obj)
                0x000000000000fb30                lll_chan_id
 .text.lll_chan_sel_2
                0x000000000000fb38       0xcc zephyr/subsys/bluetooth/controller/libsubsys__bluetooth__controller.a(lll_chan.c.obj)
                0x000000000000fb38                lll_chan_sel_2
 .text.radio_nrf5_isr
                0x000000000000fc04       0x20 zephyr/subsys/bluetooth/controller/libsubsys__bluetooth__controller.a(lll.c.obj)
                0x000000000000fc04                radio_nrf5_isr
 .text.rtc0_nrf5_isr
                0x000000000000fc24       0x2c zephyr/subsys/bluetooth/controller/libsubsys__bluetooth__controller.a(lll.c.obj)
 .text.swi_lll_nrf5_isr
                0x000000000000fc50        0x8 zephyr/subsys/bluetooth/controller/libsubsys__bluetooth__controller.a(lll.c.obj)
 .text.ticker_stop_op_cb
                0x000000000000fc58       0x58 zephyr/subsys/bluetooth/controller/libsubsys__bluetooth__controller.a(lll.c.obj)
 .text.ticker_start_op_cb
                0x000000000000fcb0       0xa4 zephyr/subsys/bluetooth/controller/libsubsys__bluetooth__controller.a(lll.c.obj)
 .text.isr_race
                0x000000000000fd54        0x4 zephyr/subsys/bluetooth/controller/libsubsys__bluetooth__controller.a(lll.c.obj)
 .text.preempt_ticker_cb
                0x000000000000fd58       0x80 zephyr/subsys/bluetooth/controller/libsubsys__bluetooth__controller.a(lll.c.obj)
 .text.preempt_ticker_stop
                0x000000000000fdd8       0x80 zephyr/subsys/bluetooth/controller/libsubsys__bluetooth__controller.a(lll.c.obj)
 .text.preempt_ticker_start
                0x000000000000fe58      0x130 zephyr/subsys/bluetooth/controller/libsubsys__bluetooth__controller.a(lll.c.obj)
 .text.preempt  0x000000000000ff88      0x148 zephyr/subsys/bluetooth/controller/libsubsys__bluetooth__controller.a(lll.c.obj)
 .text.lll_init
                0x00000000000100d0       0x68 zephyr/subsys/bluetooth/controller/libsubsys__bluetooth__controller.a(lll.c.obj)
                0x00000000000100d0                lll_init
 .text.lll_deinit
                0x0000000000010138       0x20 zephyr/subsys/bluetooth/controller/libsubsys__bluetooth__controller.a(lll.c.obj)
                0x0000000000010138                lll_deinit
 .text.lll_csrand_get
                0x0000000000010158       0x1c zephyr/subsys/bluetooth/controller/libsubsys__bluetooth__controller.a(lll.c.obj)
                0x0000000000010158                lll_csrand_get
 .text.lll_csrand_isr_get
                0x0000000000010174       0x28 zephyr/subsys/bluetooth/controller/libsubsys__bluetooth__controller.a(lll.c.obj)
                0x0000000000010174                lll_csrand_isr_get
 .text.lll_reset
                0x000000000001019c        0x4 zephyr/subsys/bluetooth/controller/libsubsys__bluetooth__controller.a(lll.c.obj)
                0x000000000001019c                lll_reset
 .text.lll_disable
                0x00000000000101a0       0xa8 zephyr/subsys/bluetooth/controller/libsubsys__bluetooth__controller.a(lll.c.obj)
                0x00000000000101a0                lll_disable
 .text.lll_prepare_done
                0x0000000000010248        0x4 zephyr/subsys/bluetooth/controller/libsubsys__bluetooth__controller.a(lll.c.obj)
                0x0000000000010248                lll_prepare_done
 .text.lll_done
                0x000000000001024c       0xa4 zephyr/subsys/bluetooth/controller/libsubsys__bluetooth__controller.a(lll.c.obj)
                0x000000000001024c                lll_done
 .text.lll_is_done
                0x00000000000102f0       0x1c zephyr/subsys/bluetooth/controller/libsubsys__bluetooth__controller.a(lll.c.obj)
                0x00000000000102f0                lll_is_done
 .text.lll_is_abort_cb
                0x000000000001030c        0x8 zephyr/subsys/bluetooth/controller/libsubsys__bluetooth__controller.a(lll.c.obj)
                0x000000000001030c                lll_is_abort_cb
 .text.lll_event_offset_get
                0x0000000000010314       0x1c zephyr/subsys/bluetooth/controller/libsubsys__bluetooth__controller.a(lll.c.obj)
                0x0000000000010314                lll_event_offset_get
 .text.lll_preempt_calc
                0x0000000000010330       0x20 zephyr/subsys/bluetooth/controller/libsubsys__bluetooth__controller.a(lll.c.obj)
                0x0000000000010330                lll_preempt_calc
 .text.lll_chan_set
                0x0000000000010350       0x84 zephyr/subsys/bluetooth/controller/libsubsys__bluetooth__controller.a(lll.c.obj)
                0x0000000000010350                lll_chan_set
 .text.lll_radio_tx_ready_delay_get
                0x00000000000103d4        0x4 zephyr/subsys/bluetooth/controller/libsubsys__bluetooth__controller.a(lll.c.obj)
                0x00000000000103d4                lll_radio_tx_ready_delay_get
 .text.lll_isr_tx_status_reset
                0x00000000000103d8       0x10 zephyr/subsys/bluetooth/controller/libsubsys__bluetooth__controller.a(lll.c.obj)
                0x00000000000103d8                lll_isr_tx_status_reset
 .text.lll_isr_rx_status_reset
                0x00000000000103e8       0x14 zephyr/subsys/bluetooth/controller/libsubsys__bluetooth__controller.a(lll.c.obj)
                0x00000000000103e8                lll_isr_rx_status_reset
 .text.lll_isr_status_reset
                0x00000000000103fc       0x18 zephyr/subsys/bluetooth/controller/libsubsys__bluetooth__controller.a(lll.c.obj)
                0x00000000000103fc                lll_isr_status_reset
 .text.lll_isr_cleanup
                0x0000000000010414       0x74 zephyr/subsys/bluetooth/controller/libsubsys__bluetooth__controller.a(lll.c.obj)
                0x0000000000010414                lll_isr_cleanup
 .text.lll_isr_abort
                0x0000000000010488       0x20 zephyr/subsys/bluetooth/controller/libsubsys__bluetooth__controller.a(lll.c.obj)
                0x0000000000010488                lll_isr_abort
 .text.lll_isr_early_abort
                0x00000000000104a8       0x64 zephyr/subsys/bluetooth/controller/libsubsys__bluetooth__controller.a(lll.c.obj)
                0x00000000000104a8                lll_isr_early_abort
 .text.lll_prepare_resolve
                0x000000000001050c      0x18c zephyr/subsys/bluetooth/controller/libsubsys__bluetooth__controller.a(lll.c.obj)
                0x000000000001050c                lll_prepare_resolve
 .text.clock_ready
                0x0000000000010698        0x8 zephyr/subsys/bluetooth/controller/libsubsys__bluetooth__controller.a(lll_clock.c.obj)
 .text.blocking_on
                0x00000000000106a0       0x54 zephyr/subsys/bluetooth/controller/libsubsys__bluetooth__controller.a(lll_clock.c.obj)
 .text.lll_clock_init
                0x00000000000106f4       0x20 zephyr/subsys/bluetooth/controller/libsubsys__bluetooth__controller.a(lll_clock.c.obj)
                0x00000000000106f4                lll_clock_init
 .text.lll_clock_deinit
                0x0000000000010714       0x10 zephyr/subsys/bluetooth/controller/libsubsys__bluetooth__controller.a(lll_clock.c.obj)
                0x0000000000010714                lll_clock_deinit
 .text.lll_clock_wait
                0x0000000000010724       0x38 zephyr/subsys/bluetooth/controller/libsubsys__bluetooth__controller.a(lll_clock.c.obj)
                0x0000000000010724                lll_clock_wait
 .text.lll_hfclock_on
                0x000000000001075c       0x30 zephyr/subsys/bluetooth/controller/libsubsys__bluetooth__controller.a(lll_clock.c.obj)
                0x000000000001075c                lll_hfclock_on
 .text.lll_hfclock_off
                0x000000000001078c       0x3c zephyr/subsys/bluetooth/controller/libsubsys__bluetooth__controller.a(lll_clock.c.obj)
                0x000000000001078c                lll_hfclock_off
 .text.lll_clock_sca_local_get
                0x00000000000107c8        0x4 zephyr/subsys/bluetooth/controller/libsubsys__bluetooth__controller.a(lll_clock.c.obj)
                0x00000000000107c8                lll_clock_sca_local_get
 .text.common_prepare_cb
                0x00000000000107cc      0x228 zephyr/subsys/bluetooth/controller/libsubsys__bluetooth__controller.a(lll_scan.c.obj)
 .text.prepare_cb
                0x00000000000109f4        0x8 zephyr/subsys/bluetooth/controller/libsubsys__bluetooth__controller.a(lll_scan.c.obj)
 .text.isr_common_done
                0x00000000000109fc       0x80 zephyr/subsys/bluetooth/controller/libsubsys__bluetooth__controller.a(lll_scan.c.obj)
 .text.isr_abort
                0x0000000000010a7c       0x18 zephyr/subsys/bluetooth/controller/libsubsys__bluetooth__controller.a(lll_scan.c.obj)
 .text.isr_done
                0x0000000000010a94       0x14 zephyr/subsys/bluetooth/controller/libsubsys__bluetooth__controller.a(lll_scan.c.obj)
 .text.isr_tx   0x0000000000010aa8       0xa4 zephyr/subsys/bluetooth/controller/libsubsys__bluetooth__controller.a(lll_scan.c.obj)
 .text.resume_prepare_cb
                0x0000000000010b4c       0x2c zephyr/subsys/bluetooth/controller/libsubsys__bluetooth__controller.a(lll_scan.c.obj)
 .text.ticker_op_start_cb
                0x0000000000010b78       0x30 zephyr/subsys/bluetooth/controller/libsubsys__bluetooth__controller.a(lll_scan.c.obj)
 .text.is_abort_cb
                0x0000000000010ba8       0x78 zephyr/subsys/bluetooth/controller/libsubsys__bluetooth__controller.a(lll_scan.c.obj)
 .text.ticker_stop_cb
                0x0000000000010c20       0x44 zephyr/subsys/bluetooth/controller/libsubsys__bluetooth__controller.a(lll_scan.c.obj)
 .text.isr_done_cleanup
                0x0000000000010c64       0x50 zephyr/subsys/bluetooth/controller/libsubsys__bluetooth__controller.a(lll_scan.c.obj)
 .text.abort_cb
                0x0000000000010cb4       0x5c zephyr/subsys/bluetooth/controller/libsubsys__bluetooth__controller.a(lll_scan.c.obj)
 .text.lll_scan_init
                0x0000000000010d10        0x4 zephyr/subsys/bluetooth/controller/libsubsys__bluetooth__controller.a(lll_scan.c.obj)
                0x0000000000010d10                lll_scan_init
 .text.lll_scan_reset
                0x0000000000010d14        0x4 zephyr/subsys/bluetooth/controller/libsubsys__bluetooth__controller.a(lll_scan.c.obj)
                0x0000000000010d14                lll_scan_reset
 .text.lll_scan_prepare
                0x0000000000010d18       0x78 zephyr/subsys/bluetooth/controller/libsubsys__bluetooth__controller.a(lll_scan.c.obj)
                0x0000000000010d18                lll_scan_prepare
 .text.lll_scan_prepare_connect_req
                0x0000000000010d90      0x100 zephyr/subsys/bluetooth/controller/libsubsys__bluetooth__controller.a(lll_scan.c.obj)
                0x0000000000010d90                lll_scan_prepare_connect_req
 .text.isr_done
                0x0000000000010e90       0x6c zephyr/subsys/bluetooth/controller/libsubsys__bluetooth__controller.a(lll_conn.c.obj)
 .text.lll_conn_init
                0x0000000000010efc       0x18 zephyr/subsys/bluetooth/controller/libsubsys__bluetooth__controller.a(lll_conn.c.obj)
                0x0000000000010efc                lll_conn_init
 .text.lll_conn_reset
                0x0000000000010f14        0x4 zephyr/subsys/bluetooth/controller/libsubsys__bluetooth__controller.a(lll_conn.c.obj)
                0x0000000000010f14                lll_conn_reset
 .text.lll_conn_flush
                0x0000000000010f18        0x4 zephyr/subsys/bluetooth/controller/libsubsys__bluetooth__controller.a(lll_conn.c.obj)
                0x0000000000010f18                lll_conn_flush
 .text.lll_conn_prepare_reset
                0x0000000000010f1c       0x28 zephyr/subsys/bluetooth/controller/libsubsys__bluetooth__controller.a(lll_conn.c.obj)
                0x0000000000010f1c                lll_conn_prepare_reset
 .text.lll_conn_abort_cb
                0x0000000000010f44       0x60 zephyr/subsys/bluetooth/controller/libsubsys__bluetooth__controller.a(lll_conn.c.obj)
                0x0000000000010f44                lll_conn_abort_cb
 .text.lll_conn_rx_pkt_set
                0x0000000000010fa4       0x8c zephyr/subsys/bluetooth/controller/libsubsys__bluetooth__controller.a(lll_conn.c.obj)
                0x0000000000010fa4                lll_conn_rx_pkt_set
 .text.lll_conn_isr_tx
                0x0000000000011030       0xb8 zephyr/subsys/bluetooth/controller/libsubsys__bluetooth__controller.a(lll_conn.c.obj)
                0x0000000000011030                lll_conn_isr_tx
 .text.lll_conn_tx_pkt_set
                0x00000000000110e8       0x58 zephyr/subsys/bluetooth/controller/libsubsys__bluetooth__controller.a(lll_conn.c.obj)
                0x00000000000110e8                lll_conn_tx_pkt_set
 .text.lll_conn_pdu_tx_prep
                0x0000000000011140       0xe0 zephyr/subsys/bluetooth/controller/libsubsys__bluetooth__controller.a(lll_conn.c.obj)
                0x0000000000011140                lll_conn_pdu_tx_prep
 .text.lll_conn_isr_rx
                0x0000000000011220      0x474 zephyr/subsys/bluetooth/controller/libsubsys__bluetooth__controller.a(lll_conn.c.obj)
                0x0000000000011220                lll_conn_isr_rx
 .text.prepare_cb
                0x0000000000011694      0x160 zephyr/subsys/bluetooth/controller/libsubsys__bluetooth__controller.a(lll_central.c.obj)
 .text.lll_central_prepare
                0x00000000000117f4       0x78 zephyr/subsys/bluetooth/controller/libsubsys__bluetooth__controller.a(lll_central.c.obj)
                0x00000000000117f4                lll_central_prepare
 .text.cntr_init
                0x000000000001186c       0x1c zephyr/subsys/bluetooth/controller/libsubsys__bluetooth__controller.a(cntr.c.obj)
                0x000000000001186c                cntr_init
 .text.cntr_start
                0x0000000000011888       0x20 zephyr/subsys/bluetooth/controller/libsubsys__bluetooth__controller.a(cntr.c.obj)
                0x0000000000011888                cntr_start
 .text.cntr_stop
                0x00000000000118a8       0x4c zephyr/subsys/bluetooth/controller/libsubsys__bluetooth__controller.a(cntr.c.obj)
                0x00000000000118a8                cntr_stop
 .text.cntr_cnt_get
                0x00000000000118f4        0xc zephyr/subsys/bluetooth/controller/libsubsys__bluetooth__controller.a(cntr.c.obj)
                0x00000000000118f4                cntr_cnt_get
 .text.cntr_cmp_set
                0x0000000000011900       0x10 zephyr/subsys/bluetooth/controller/libsubsys__bluetooth__controller.a(cntr.c.obj)
                0x0000000000011900                cntr_cmp_set
 .text.do_ecb   0x0000000000011910       0x50 zephyr/subsys/bluetooth/controller/libsubsys__bluetooth__controller.a(ecb.c.obj)
 .text.ecb_encrypt
                0x0000000000011960       0x44 zephyr/subsys/bluetooth/controller/libsubsys__bluetooth__controller.a(ecb.c.obj)
                0x0000000000011960                ecb_encrypt
 .text.isr_radio
                0x00000000000119a4       0x20 zephyr/subsys/bluetooth/controller/libsubsys__bluetooth__controller.a(radio.c.obj)
                0x00000000000119a4                isr_radio
 .text.radio_isr_set
                0x00000000000119c4       0x40 zephyr/subsys/bluetooth/controller/libsubsys__bluetooth__controller.a(radio.c.obj)
                0x00000000000119c4                radio_isr_set
 .text.radio_setup
                0x0000000000011a04       0x44 zephyr/subsys/bluetooth/controller/libsubsys__bluetooth__controller.a(radio.c.obj)
                0x0000000000011a04                radio_setup
 .text.radio_reset
                0x0000000000011a48       0x48 zephyr/subsys/bluetooth/controller/libsubsys__bluetooth__controller.a(radio.c.obj)
                0x0000000000011a48                radio_reset
 .text.radio_stop
                0x0000000000011a90        0x4 zephyr/subsys/bluetooth/controller/libsubsys__bluetooth__controller.a(radio.c.obj)
                0x0000000000011a90                radio_stop
 .text.radio_phy_set
                0x0000000000011a94       0x20 zephyr/subsys/bluetooth/controller/libsubsys__bluetooth__controller.a(radio.c.obj)
                0x0000000000011a94                radio_phy_set
 .text.radio_tx_power_set
                0x0000000000011ab4        0xc zephyr/subsys/bluetooth/controller/libsubsys__bluetooth__controller.a(radio.c.obj)
                0x0000000000011ab4                radio_tx_power_set
 .text.radio_freq_chan_set
                0x0000000000011ac0        0xc zephyr/subsys/bluetooth/controller/libsubsys__bluetooth__controller.a(radio.c.obj)
                0x0000000000011ac0                radio_freq_chan_set
 .text.radio_whiten_iv_set
                0x0000000000011acc       0x24 zephyr/subsys/bluetooth/controller/libsubsys__bluetooth__controller.a(radio.c.obj)
                0x0000000000011acc                radio_whiten_iv_set
 .text.radio_aa_set
                0x0000000000011af0       0x30 zephyr/subsys/bluetooth/controller/libsubsys__bluetooth__controller.a(radio.c.obj)
                0x0000000000011af0                radio_aa_set
 .text.radio_pkt_configure
                0x0000000000011b20       0x50 zephyr/subsys/bluetooth/controller/libsubsys__bluetooth__controller.a(radio.c.obj)
                0x0000000000011b20                radio_pkt_configure
 .text.radio_pkt_rx_set
                0x0000000000011b70        0xc zephyr/subsys/bluetooth/controller/libsubsys__bluetooth__controller.a(radio.c.obj)
                0x0000000000011b70                radio_pkt_rx_set
 .text.radio_pkt_tx_set