Archive member included to satisfy reference by file (symbol)

app/libapp.a(main.c.obj)      (--whole-archive)
zephyr/libzephyr.a(cbprintf.c.obj)
                              (--whole-archive)
zephyr/libzephyr.a(cbprintf_packaged.c.obj)
                              (--whole-archive)
zephyr/libzephyr.a(crc32c_sw.c.obj)
                              (--whole-archive)
zephyr/libzephyr.a(crc32_sw.c.obj)
                              (--whole-archive)
zephyr/libzephyr.a(crc16_sw.c.obj)
                              (--whole-archive)
zephyr/libzephyr.a(crc8_sw.c.obj)
                              (--whole-archive)
zephyr/libzephyr.a(crc7_sw.c.obj)
                              (--whole-archive)
zephyr/libzephyr.a(dec.c.obj)
                              (--whole-archive)
zephyr/libzephyr.a(fdtable.c.obj)
                              (--whole-archive)
zephyr/libzephyr.a(hex.c.obj)
                              (--whole-archive)
zephyr/libzephyr.a(notify.c.obj)
                              (--whole-archive)
zephyr/libzephyr.a(printk.c.obj)
                              (--whole-archive)
zephyr/libzephyr.a(onoff.c.obj)
                              (--whole-archive)
zephyr/libzephyr.a(rb.c.obj)  (--whole-archive)
zephyr/libzephyr.a(sem.c.obj)
                              (--whole-archive)
zephyr/libzephyr.a(thread_entry.c.obj)
                              (--whole-archive)
zephyr/libzephyr.a(timeutil.c.obj)
                              (--whole-archive)
zephyr/libzephyr.a(heap.c.obj)
                              (--whole-archive)
zephyr/libzephyr.a(heap-validate.c.obj)
                              (--whole-archive)
zephyr/libzephyr.a(bitarray.c.obj)
                              (--whole-archive)
zephyr/libzephyr.a(multi_heap.c.obj)
                              (--whole-archive)
zephyr/libzephyr.a(cbprintf_complete.c.obj)
                              (--whole-archive)
zephyr/libzephyr.a(assert.c.obj)
                              (--whole-archive)
zephyr/libzephyr.a(configs.c.obj)
                              (--whole-archive)
zephyr/libzephyr.a(soc_nrf_common.S.obj)
                              (--whole-archive)
zephyr/libzephyr.a(validate_base_addresses.c.obj)
                              (--whole-archive)
zephyr/libzephyr.a(validate_enabled_instances.c.obj)
                              (--whole-archive)
zephyr/libzephyr.a(bas.c.obj)
                              (--whole-archive)
zephyr/libzephyr.a(hrs.c.obj)
                              (--whole-archive)
zephyr/libzephyr.a(addr_utils.c.obj)
                              (--whole-archive)
zephyr/libzephyr.a(pm.c.obj)  (--whole-archive)
zephyr/libzephyr.a(policy.c.obj)
                              (--whole-archive)
zephyr/libzephyr.a(state.c.obj)
                              (--whole-archive)
zephyr/libzephyr.a(tracing_none.c.obj)
                              (--whole-archive)
zephyr/libzephyr.a(utils.c.obj)
                              (--whole-archive)
zephyr/libzephyr.a(ecc_dh.c.obj)
                              (--whole-archive)
zephyr/libzephyr.a(ecc.c.obj)
                              (--whole-archive)
zephyr/libzephyr.a(aes_decrypt.c.obj)
                              (--whole-archive)
zephyr/libzephyr.a(aes_encrypt.c.obj)
                              (--whole-archive)
zephyr/libzephyr.a(cmac_mode.c.obj)
                              (--whole-archive)
zephyr/arch/common/libarch__common.a(sw_isr_common.c.obj)
                              (--whole-archive)
zephyr/arch/arch/arm/core/aarch32/libarch__arm__core__aarch32.a(cpu_idle.S.obj)
                              (--whole-archive)
zephyr/arch/arch/arm/core/aarch32/libarch__arm__core__aarch32.a(fatal.c.obj)
                              (--whole-archive)
zephyr/arch/arch/arm/core/aarch32/libarch__arm__core__aarch32.a(irq_manage.c.obj)
                              (--whole-archive)
zephyr/arch/arch/arm/core/aarch32/libarch__arm__core__aarch32.a(nmi.c.obj)
                              (--whole-archive)
zephyr/arch/arch/arm/core/aarch32/libarch__arm__core__aarch32.a(nmi_on_reset.S.obj)
                              (--whole-archive)
zephyr/arch/arch/arm/core/aarch32/libarch__arm__core__aarch32.a(prep_c.c.obj)
                              (--whole-archive)
zephyr/arch/arch/arm/core/aarch32/libarch__arm__core__aarch32.a(swap.c.obj)
                              (--whole-archive)
zephyr/arch/arch/arm/core/aarch32/libarch__arm__core__aarch32.a(swap_helper.S.obj)
                              (--whole-archive)
zephyr/arch/arch/arm/core/aarch32/libarch__arm__core__aarch32.a(thread.c.obj)
                              (--whole-archive)
zephyr/arch/arch/arm/core/aarch32/libarch__arm__core__aarch32.a(isr_wrapper.S.obj)
                              (--whole-archive)
zephyr/arch/arch/arm/core/aarch32/cortex_m/libarch__arm__core__aarch32__cortex_m.a(exc_exit.S.obj)
                              (--whole-archive)
[...]
Memory Configuration

Name             Origin             Length             Attributes
FLASH            0x0000000000000000 0x0000000000100000 xr
SRAM             0x0000000020000000 0x0000000000040000 xw
IDT_LIST         0x00000000fffff7ff 0x0000000000000800 xw
*default*        0x0000000000000000 0xffffffffffffffff

Linker script and memory map

LOAD zephyr/CMakeFiles/zephyr_final.dir/misc/empty_file.c.obj
LOAD zephyr/CMakeFiles/zephyr_final.dir/dev_handles.c.obj
LOAD zephyr/CMakeFiles/zephyr_final.dir/isr_tables.c.obj
LOAD zephyr/CMakeFiles/offsets.dir/./arch/arm/core/offsets/offsets.c.obj
                0x0000000000000020                _region_min_align = 0x20

.rel.plt        0x0000000000000000        0x0
 *(SORT_BY_ALIGNMENT(.rel.plt))
                [!provide]                        PROVIDE (__rel_iplt_start = .)
 *(SORT_BY_ALIGNMENT(.rel.iplt))
 .rel.iplt      0x0000000000000000        0x0 zephyr/CMakeFiles/zephyr_final.dir/isr_tables.c.obj
                [!provide]                        PROVIDE (__rel_iplt_end = .)

.rela.plt       0x0000000000000000        0x0
 *(SORT_BY_ALIGNMENT(.rela.plt))
                [!provide]                        PROVIDE (__rela_iplt_start = .)
 *(SORT_BY_ALIGNMENT(.rela.iplt))
                [!provide]                        PROVIDE (__rela_iplt_end = .)

.rel.dyn
 *(SORT_BY_ALIGNMENT(.rel.*))

.rela.dyn
 *(SORT_BY_ALIGNMENT(.rela.*))

/DISCARD/
 *(SORT_BY_ALIGNMENT(.plt))
 *(SORT_BY_ALIGNMENT(.iplt))
 *(SORT_BY_ALIGNMENT(.got.plt))
 *(SORT_BY_ALIGNMENT(.igot.plt))
 *(SORT_BY_ALIGNMENT(.got))
 *(SORT_BY_ALIGNMENT(.igot))
 *(SORT_BY_ALIGNMENT(.irq_info*))
 *(SORT_BY_ALIGNMENT(.intList*))
 *(SORT_BY_ALIGNMENT(.note.GNU-stack))
                0x0000000000000000                __rom_region_start = 0x0

rom_start       0x0000000000000000      0x100
                0x0000000000000000                . = 0x0
                0x0000000000000000                . = ALIGN (0x4)
                0x0000000000000000                . = ALIGN (0x80)
                0x0000000000000000                . = ALIGN (0x100)
                0x0000000000000000                _vector_start = .
 *(SORT_BY_ALIGNMENT(.exc_vector_table))
 *(SORT_BY_ALIGNMENT(.exc_vector_table.*))
 .exc_vector_table._vector_table_section
                0x0000000000000000       0x40 zephyr/arch/arch/arm/core/aarch32/cortex_m/libarch__arm__core__aarch32__cortex_m.a(vector_table.S.obj)
                0x0000000000000000                _vector_table
 *(SORT_BY_ALIGNMENT(.gnu.linkonce.irq_vector_table*))
 .gnu.linkonce.irq_vector_table
                0x0000000000000040       0xc0 zephyr/CMakeFiles/zephyr_final.dir/isr_tables.c.obj
                0x0000000000000040                _irq_vector_table
 *(SORT_BY_ALIGNMENT(.vectors))
                0x0000000000000100                _vector_end = .

text            0x0000000000000100    0x1ef54
                0x0000000000000100                __text_region_start = .
 *(SORT_BY_ALIGNMENT(.text))
 .text          0x0000000000000100       0x30 c:/users/vnrju/zephyr-sdk-0.14.2/arm-zephyr-eabi/bin/../lib/gcc/arm-zephyr-eabi/10.3.0/thumb/v7e-m/nofp\libgcc.a(_aeabi_uldivmod.o)
                0x0000000000000100                __aeabi_uldivmod
 .text          0x0000000000000130        0x4 c:/users/vnrju/zephyr-sdk-0.14.2/arm-zephyr-eabi/bin/../lib/gcc/arm-zephyr-eabi/10.3.0/thumb/v7e-m/nofp\libgcc.a(_dvmd_tls.o)
                0x0000000000000130                __aeabi_idiv0
                0x0000000000000130                __aeabi_ldiv0
 .text          0x0000000000000134      0x2a6 c:/users/vnrju/zephyr-sdk-0.14.2/arm-zephyr-eabi/bin/../lib/gcc/arm-zephyr-eabi/10.3.0/thumb/v7e-m/nofp\libgcc.a(_udivmoddi4.o)
                0x0000000000000134                __udivmoddi4
 *(SORT_BY_ALIGNMENT(.text.*))
 *fill*         0x00000000000003da        0x6 
 .text.bt_init  0x00000000000003e0      0x40c zephyr/subsys/bluetooth/host/libsubsys__bluetooth__host.a(hci_core.c.obj)
 *fill*         0x00000000000007ec        0x4 
 .text.ull_drift_ticks_get
                0x00000000000007f0       0x8c zephyr/subsys/bluetooth/controller/libsubsys__bluetooth__controller.a(ull.c.obj)
                0x00000000000007f0                ull_drift_ticks_get
 *fill*         0x000000000000087c        0x4 
 .text.ll_adv_enable
                0x0000000000000880      0x430 zephyr/subsys/bluetooth/controller/libsubsys__bluetooth__controller.a(ull_adv.c.obj)
                0x0000000000000880                ll_adv_enable
 .text.ull_adv_time_update
                0x0000000000000cb0       0xb8 zephyr/subsys/bluetooth/controller/libsubsys__bluetooth__controller.a(ull_adv.c.obj)
                0x0000000000000cb0                ull_adv_time_update
 .text.ll_scan_params_set
                0x0000000000000d68       0x70 zephyr/subsys/bluetooth/controller/libsubsys__bluetooth__controller.a(ull_scan.c.obj)
                0x0000000000000d68                ll_scan_params_set
 .text.ull_scan_enable
                0x0000000000000dd8      0x124 zephyr/subsys/bluetooth/controller/libsubsys__bluetooth__controller.a(ull_scan.c.obj)
                0x0000000000000dd8                ull_scan_enable
 *fill*         0x0000000000000efc        0x4 
 .text.event_conn_upd_prep
                0x0000000000000f00      0x56c zephyr/subsys/bluetooth/controller/libsubsys__bluetooth__controller.a(ull_conn.c.obj)
 *fill*         0x000000000000146c        0x4 
 .text.ull_periph_setup
                0x0000000000001470      0x40c zephyr/subsys/bluetooth/controller/libsubsys__bluetooth__controller.a(ull_peripheral.c.obj)
                0x0000000000001470                ull_periph_setup
 .text.vnd_ccc_cfg_changed
                0x000000000000187c       0x10 app/libapp.a(main.c.obj)
 .text.write_ct
                0x000000000000188c       0x30 app/libapp.a(main.c.obj)
 .text.mtu_updated
                0x00000000000018bc        0xc app/libapp.a(main.c.obj)
                0x00000000000018bc                mtu_updated
 .text.disconnected
                0x00000000000018c8        0xc app/libapp.a(main.c.obj)
 .text.connected
                0x00000000000018d4       0x18 app/libapp.a(main.c.obj)
 .text.indicate_destroy
                0x00000000000018ec       0x18 app/libapp.a(main.c.obj)
 .text.indicate_cb
                0x0000000000001904       0x1c app/libapp.a(main.c.obj)
 .text.bt_addr_le_to_str.constprop.0.isra.0
                0x0000000000001920       0x78 app/libapp.a(main.c.obj)
 .text.auth_cancel
                0x0000000000001998       0x20 app/libapp.a(main.c.obj)
 .text.auth_passkey_display
                0x00000000000019b8       0x24 app/libapp.a(main.c.obj)
 .text.cts_init
                0x00000000000019dc       0x3c app/libapp.a(main.c.obj)
                0x00000000000019dc                cts_init
 .text.cts_notify
                0x0000000000001a18       0x40 app/libapp.a(main.c.obj)
                0x0000000000001a18                cts_notify
 .text.main     0x0000000000001a58      0x148 app/libapp.a(main.c.obj)
                0x0000000000001a58                main
 .text.char_out
                0x0000000000001ba0       0x10 zephyr/libzephyr.a(printk.c.obj)
 .text.__printk_hook_install
                0x0000000000001bb0        0xc zephyr/libzephyr.a(printk.c.obj)
                0x0000000000001bb0                __printk_hook_install
 .text.vprintk  0x0000000000001bbc       0x1c zephyr/libzephyr.a(printk.c.obj)
                0x0000000000001bbc                vprintk
 .text.vsnprintk
                0x0000000000001bd8       0x2c zephyr/libzephyr.a(printk.c.obj)
                0x0000000000001bd8                vsnprintk
 .text.process_event
                0x0000000000001c04      0x1c0 zephyr/libzephyr.a(onoff.c.obj)
 .text.z_cbvprintf_impl
                0x0000000000001dc4      0x78c zephyr/libzephyr.a(cbprintf_complete.c.obj)
                0x0000000000001dc4                z_cbvprintf_impl
 .text.read_blvl
                0x0000000000002550       0x28 zephyr/libzephyr.a(bas.c.obj)
 .text.bt_bas_get_battery_level
                0x0000000000002578        0xc zephyr/libzephyr.a(bas.c.obj)
                0x0000000000002578                bt_bas_get_battery_level
 .text.bt_bas_set_battery_level
                0x0000000000002584       0x50 zephyr/libzephyr.a(bas.c.obj)
                0x0000000000002584                bt_bas_set_battery_level
 .text.hrs_init
                0x00000000000025d4       0x10 zephyr/libzephyr.a(hrs.c.obj)
 .text.read_blsc
                0x00000000000025e4       0x1c zephyr/libzephyr.a(hrs.c.obj)
 .text.bt_hrs_notify
                0x0000000000002600       0x40 zephyr/libzephyr.a(hrs.c.obj)
                0x0000000000002600                bt_hrs_notify
 .text.pm_state_notify
                0x0000000000002640       0x5c zephyr/libzephyr.a(pm.c.obj)
 .text.pm_system_resume
                0x000000000000269c       0x7c zephyr/libzephyr.a(pm.c.obj)
                0x000000000000269c                pm_system_resume
 .text.pm_system_suspend
                0x0000000000002718       0xf0 zephyr/libzephyr.a(pm.c.obj)
                0x0000000000002718                pm_system_suspend
 .text.pm_policy_next_state
                0x0000000000002808       0x90 zephyr/libzephyr.a(policy.c.obj)
                0x0000000000002808                pm_policy_next_state
 .text.pm_state_cpu_get_all
                0x0000000000002898       0x10 zephyr/libzephyr.a(state.c.obj)
                0x0000000000002898                pm_state_cpu_get_all
 .text.uECC_get_rng
                0x00000000000028a8        0xc zephyr/libzephyr.a(ecc.c.obj)
                0x00000000000028a8                uECC_get_rng
 .text.vli_mmod_fast_secp256r1
                0x00000000000028b4      0x188 zephyr/libzephyr.a(ecc.c.obj)
                0x00000000000028b4                vli_mmod_fast_secp256r1
 .text.sub_bytes
                0x0000000000002a3c       0x18 zephyr/libzephyr.a(aes_encrypt.c.obj)
 .text.tc_aes128_set_encrypt_key
                0x0000000000002a54       0xa4 zephyr/libzephyr.a(aes_encrypt.c.obj)
                0x0000000000002a54                tc_aes128_set_encrypt_key
 .text.z_arm_cpu_idle_init
                0x0000000000002af8        0xc zephyr/arch/arch/arm/core/aarch32/libarch__arm__core__aarch32.a(cpu_idle.S.obj)
                0x0000000000002af8                z_arm_cpu_idle_init
 .text.arch_cpu_idle
                0x0000000000002b04       0x1c zephyr/arch/arch/arm/core/aarch32/libarch__arm__core__aarch32.a(cpu_idle.S.obj)
                0x0000000000002b04                arch_cpu_idle
 .text.arch_cpu_atomic_idle
                0x0000000000002b20       0x14 zephyr/arch/arch/arm/core/aarch32/libarch__arm__core__aarch32.a(cpu_idle.S.obj)
                0x0000000000002b20                arch_cpu_atomic_idle
 .text.arch_irq_enable
                0x0000000000002b34       0x20 zephyr/arch/arch/arm/core/aarch32/libarch__arm__core__aarch32.a(irq_manage.c.obj)
                0x0000000000002b34                arch_irq_enable
 .text.arch_irq_disable
                0x0000000000002b54       0x28 zephyr/arch/arch/arm/core/aarch32/libarch__arm__core__aarch32.a(irq_manage.c.obj)
                0x0000000000002b54                arch_irq_disable
 .text.arch_irq_is_enabled
                0x0000000000002b7c       0x1c zephyr/arch/arch/arm/core/aarch32/libarch__arm__core__aarch32.a(irq_manage.c.obj)
                0x0000000000002b7c                arch_irq_is_enabled
 .text.z_arm_irq_priority_set
                0x0000000000002b98       0x30 zephyr/arch/arch/arm/core/aarch32/libarch__arm__core__aarch32.a(irq_manage.c.obj)
                0x0000000000002b98                z_arm_irq_priority_set
 .text._arch_isr_direct_pm
                0x0000000000002bc8       0x1c zephyr/arch/arch/arm/core/aarch32/libarch__arm__core__aarch32.a(irq_manage.c.obj)
                0x0000000000002bc8                _arch_isr_direct_pm
 .text.z_SysNmiOnReset
                0x0000000000002be4        0x8 zephyr/arch/arch/arm/core/aarch32/libarch__arm__core__aarch32.a(nmi_on_reset.S.obj)
                0x0000000000002be4                z_SysNmiOnReset
 .text.z_arm_prep_c
                0x0000000000002bec       0x48 zephyr/arch/arch/arm/core/aarch32/libarch__arm__core__aarch32.a(prep_c.c.obj)
                0x0000000000002bec                z_arm_prep_c
 .text.arch_swap
                0x0000000000002c34       0x34 zephyr/arch/arch/arm/core/aarch32/libarch__arm__core__aarch32.a(swap.c.obj)
                0x0000000000002c34                arch_swap
 .text.z_arm_pendsv
                0x0000000000002c68       0x54 zephyr/arch/arch/arm/core/aarch32/libarch__arm__core__aarch32.a(swap_helper.S.obj)
                0x0000000000002c68                z_arm_pendsv
 .text.z_arm_svc
                0x0000000000002cbc       0x20 zephyr/arch/arch/arm/core/aarch32/libarch__arm__core__aarch32.a(swap_helper.S.obj)
                0x0000000000002cbc                z_arm_svc
 .text.arch_new_thread
                0x0000000000002cdc       0x38 zephyr/arch/arch/arm/core/aarch32/libarch__arm__core__aarch32.a(thread.c.obj)
                0x0000000000002cdc                arch_new_thread
 .text.z_check_thread_stack_fail
                0x0000000000002d14       0x2c zephyr/arch/arch/arm/core/aarch32/libarch__arm__core__aarch32.a(thread.c.obj)
                0x0000000000002d14                z_check_thread_stack_fail
 .text.arch_switch_to_main_thread
                0x0000000000002d40       0x2c zephyr/arch/arch/arm/core/aarch32/libarch__arm__core__aarch32.a(thread.c.obj)
                0x0000000000002d40                arch_switch_to_main_thread
 .text._isr_wrapper
                0x0000000000002d6c       0x40 zephyr/arch/arch/arm/core/aarch32/libarch__arm__core__aarch32.a(isr_wrapper.S.obj)
                0x0000000000002d6c                _isr_wrapper
 .text._HandlerModeExit
                0x0000000000002dac       0x1c zephyr/arch/arch/arm/core/aarch32/cortex_m/libarch__arm__core__aarch32__cortex_m.a(exc_exit.S.obj)
                0x0000000000002dac                z_arm_int_exit
                0x0000000000002dac                z_arm_exc_exit
 .text.mem_manage_fault
                0x0000000000002dc8       0x78 zephyr/arch/arch/arm/core/aarch32/cortex_m/libarch__arm__core__aarch32__cortex_m.a(fault.c.obj)
 .text.bus_fault.constprop.0
                0x0000000000002e40       0x3c zephyr/arch/arch/arm/core/aarch32/cortex_m/libarch__arm__core__aarch32__cortex_m.a(fault.c.obj)
 .text.z_arm_fault
                0x0000000000002e7c      0x128 zephyr/arch/arch/arm/core/aarch32/cortex_m/libarch__arm__core__aarch32__cortex_m.a(fault.c.obj)
                0x0000000000002e7c                z_arm_fault
 .text.z_arm_fault_init
                0x0000000000002fa4       0x10 zephyr/arch/arch/arm/core/aarch32/cortex_m/libarch__arm__core__aarch32__cortex_m.a(fault.c.obj)
                0x0000000000002fa4                z_arm_fault_init
 .text.__fault  0x0000000000002fb4       0x14 zephyr/arch/arch/arm/core/aarch32/cortex_m/libarch__arm__core__aarch32__cortex_m.a(fault_s.S.obj)
                0x0000000000002fb4                z_arm_usage_fault
                0x0000000000002fb4                z_arm_mpu_fault
                0x0000000000002fb4                z_arm_exc_spurious
                0x0000000000002fb4                z_arm_debug_monitor
                0x0000000000002fb4                z_arm_hard_fault
                0x0000000000002fb4                z_arm_bus_fault
 .text.z_arm_interrupt_init
                0x0000000000002fc8       0x18 zephyr/arch/arch/arm/core/aarch32/cortex_m/libarch__arm__core__aarch32__cortex_m.a(irq_init.c.obj)
                0x0000000000002fc8                z_arm_interrupt_init
 .text._reset_section
                0x0000000000002fe0       0x30 zephyr/arch/arch/arm/core/aarch32/cortex_m/libarch__arm__core__aarch32__cortex_m.a(reset.S.obj)
                0x0000000000002fe0                __start
                0x0000000000002fe0                z_arm_reset
 .text.z_impl_k_thread_abort
                0x0000000000003010       0x2c zephyr/arch/arch/arm/core/aarch32/cortex_m/libarch__arm__core__aarch32__cortex_m.a(thread_abort.c.obj)
                0x0000000000003010                z_impl_k_thread_abort
 .text.z_arm_configure_static_mpu_regions
                0x000000000000303c       0x18 zephyr/arch/arch/arm/core/aarch32/mpu/libarch__arm__core__aarch32__mpu.a(arm_core_mpu.c.obj)
                0x000000000000303c                z_arm_configure_static_mpu_regions
 .text.z_arm_configure_dynamic_mpu_regions
                0x0000000000003054       0x20 zephyr/arch/arch/arm/core/aarch32/mpu/libarch__arm__core__aarch32__mpu.a(arm_core_mpu.c.obj)
                0x0000000000003054                z_arm_configure_dynamic_mpu_regions
 .text.mpu_configure_regions
                0x0000000000003074       0x84 zephyr/arch/arch/arm/core/aarch32/mpu/libarch__arm__core__aarch32__mpu.a(arm_mpu.c.obj)
 .text.arm_core_mpu_enable
                0x00000000000030f8       0x18 zephyr/arch/arch/arm/core/aarch32/mpu/libarch__arm__core__aarch32__mpu.a(arm_mpu.c.obj)
                0x00000000000030f8                arm_core_mpu_enable
 .text.arm_core_mpu_disable
                0x0000000000003110       0x14 zephyr/arch/arch/arm/core/aarch32/mpu/libarch__arm__core__aarch32__mpu.a(arm_mpu.c.obj)
                0x0000000000003110                arm_core_mpu_disable
 .text.arm_core_mpu_configure_static_mpu_regions
                0x0000000000003124       0x14 zephyr/arch/arch/arm/core/aarch32/mpu/libarch__arm__core__aarch32__mpu.a(arm_mpu.c.obj)
                0x0000000000003124                arm_core_mpu_configure_static_mpu_regions
 .text.arm_core_mpu_configure_dynamic_mpu_regions
                0x0000000000003138       0x30 zephyr/arch/arch/arm/core/aarch32/mpu/libarch__arm__core__aarch32__mpu.a(arm_mpu.c.obj)
                0x0000000000003138                arm_core_mpu_configure_dynamic_mpu_regions
 .text.z_arm_mpu_init
                0x0000000000003168       0x60 zephyr/arch/arch/arm/core/aarch32/mpu/libarch__arm__core__aarch32__mpu.a(arm_mpu.c.obj)
                0x0000000000003168                z_arm_mpu_init
 .text.__stdout_hook_install
                0x00000000000031c8        0xc zephyr/lib/libc/minimal/liblib__libc__minimal.a(stdout_console.c.obj)
                0x00000000000031c8                __stdout_hook_install
 .text.nordicsemi_nrf52_init
                0x00000000000031d4       0x60 zephyr/soc/arm/nordic_nrf/nrf52/libsoc__arm__nordic_nrf__nrf52.a(soc.c.obj)
 .text.arch_busy_wait
                0x0000000000003234       0x14 zephyr/soc/arm/nordic_nrf/nrf52/libsoc__arm__nordic_nrf__nrf52.a(soc.c.obj)
                0x0000000000003234                arch_busy_wait
 .text.le_gen_dhkey
                0x0000000000003248       0x98 zephyr/subsys/bluetooth/host/libsubsys__bluetooth__host.a(hci_ecc.c.obj)
 .text.ecc_thread
                0x00000000000032e0      0x1a0 zephyr/subsys/bluetooth/host/libsubsys__bluetooth__host.a(hci_ecc.c.obj)
 .text.bt_hci_ecc_send
                0x0000000000003480       0xdc zephyr/subsys/bluetooth/host/libsubsys__bluetooth__host.a(hci_ecc.c.obj)
                0x0000000000003480                bt_hci_ecc_send
 .text.bt_hci_ecc_init
                0x000000000000355c       0x48 zephyr/subsys/bluetooth/host/libsubsys__bluetooth__host.a(hci_ecc.c.obj)
                0x000000000000355c                bt_hci_ecc_init
 .text.uuid_to_uuid128
                0x00000000000035a4       0x6c zephyr/subsys/bluetooth/host/libsubsys__bluetooth__host.a(uuid.c.obj)
 .text.bt_uuid_to_str
                0x0000000000003610       0xbc zephyr/subsys/bluetooth/host/libsubsys__bluetooth__host.a(uuid.c.obj)
                0x0000000000003610                bt_uuid_to_str
 .text.bt_buf_get_rx
                0x00000000000036cc       0x20 zephyr/subsys/bluetooth/host/libsubsys__bluetooth__host.a(buf.c.obj)
                0x00000000000036cc                bt_buf_get_rx
 .text.bt_buf_get_cmd_complete
                0x00000000000036ec       0x34 zephyr/subsys/bluetooth/host/libsubsys__bluetooth__host.a(buf.c.obj)
                0x00000000000036ec                bt_buf_get_cmd_complete
 .text.bt_buf_get_evt
                0x0000000000003720       0x54 zephyr/subsys/bluetooth/host/libsubsys__bluetooth__host.a(buf.c.obj)
                0x0000000000003720                bt_buf_get_evt
 .text.hci_disconn_complete_prio
                0x0000000000003774       0x3c zephyr/subsys/bluetooth/host/libsubsys__bluetooth__host.a(hci_core.c.obj)
 .text.hci_le_meta_event
                0x00000000000037b0       0x20 zephyr/subsys/bluetooth/host/libsubsys__bluetooth__host.a(hci_core.c.obj)
 .text.find_pending_connect.part.0
                0x00000000000037d0       0x3c zephyr/subsys/bluetooth/host/libsubsys__bluetooth__host.a(hci_core.c.obj)
 .text.hci_cmd_done
                0x000000000000380c       0xbc zephyr/subsys/bluetooth/host/libsubsys__bluetooth__host.a(hci_core.c.obj)
 .text.hci_cmd_status
                0x00000000000038c8       0x2c zephyr/subsys/bluetooth/host/libsubsys__bluetooth__host.a(hci_core.c.obj)
 .text.hci_cmd_complete
                0x00000000000038f4       0x30 zephyr/subsys/bluetooth/host/libsubsys__bluetooth__host.a(hci_core.c.obj)
 .text.hci_tx_thread
                0x0000000000003924      0x134 zephyr/subsys/bluetooth/host/libsubsys__bluetooth__host.a(hci_core.c.obj)
 .text.bt_hci_cmd_state_set_init
                0x0000000000003a58       0x24 zephyr/subsys/bluetooth/host/libsubsys__bluetooth__host.a(hci_core.c.obj)
                0x0000000000003a58                bt_hci_cmd_state_set_init
 .text.bt_hci_cmd_create
                0x0000000000003a7c       0x74 zephyr/subsys/bluetooth/host/libsubsys__bluetooth__host.a(hci_core.c.obj)
                0x0000000000003a7c                bt_hci_cmd_create
 .text.bt_hci_cmd_send
                0x0000000000003af0       0x44 zephyr/subsys/bluetooth/host/libsubsys__bluetooth__host.a(hci_core.c.obj)
                0x0000000000003af0                bt_hci_cmd_send
 .text.bt_hci_cmd_send_sync
                0x0000000000003b34       0xc4 zephyr/subsys/bluetooth/host/libsubsys__bluetooth__host.a(hci_core.c.obj)
                0x0000000000003b34                bt_hci_cmd_send_sync
 .text.bt_hci_le_enh_conn_complete
                0x0000000000003bf8      0x220 zephyr/subsys/bluetooth/host/libsubsys__bluetooth__host.a(hci_core.c.obj)
                0x0000000000003bf8                bt_hci_le_enh_conn_complete
 .text.bt_security_err_get
                0x0000000000003e18       0x10 zephyr/subsys/bluetooth/host/libsubsys__bluetooth__host.a(hci_core.c.obj)
                0x0000000000003e18                bt_security_err_get
 .text.hci_event_prio
                0x0000000000003e28       0xa4 zephyr/subsys/bluetooth/host/libsubsys__bluetooth__host.a(hci_core.c.obj)
                0x0000000000003e28                hci_event_prio
 .text.bt_recv  0x0000000000003ecc       0xf4 zephyr/subsys/bluetooth/host/libsubsys__bluetooth__host.a(hci_core.c.obj)
                0x0000000000003ecc                bt_recv
 .text.bt_recv_prio
                0x0000000000003fc0       0x3c zephyr/subsys/bluetooth/host/libsubsys__bluetooth__host.a(hci_core.c.obj)
                0x0000000000003fc0                bt_recv_prio
 .text.bt_hci_driver_register
                0x0000000000003ffc       0x28 zephyr/subsys/bluetooth/host/libsubsys__bluetooth__host.a(hci_core.c.obj)
                0x0000000000003ffc                bt_hci_driver_register
 .text.bt_finalize_init
                0x0000000000004024       0x18 zephyr/subsys/bluetooth/host/libsubsys__bluetooth__host.a(hci_core.c.obj)
                0x0000000000004024                bt_finalize_init
 .text.init_work
                0x000000000000403c       0x18 zephyr/subsys/bluetooth/host/libsubsys__bluetooth__host.a(hci_core.c.obj)
 .text.bt_enable
                0x0000000000004054       0xb8 zephyr/subsys/bluetooth/host/libsubsys__bluetooth__host.a(hci_core.c.obj)
                0x0000000000004054                bt_enable
 .text.bt_get_name
                0x000000000000410c        0x8 zephyr/subsys/bluetooth/host/libsubsys__bluetooth__host.a(hci_core.c.obj)
                0x000000000000410c                bt_get_name
 .text.id_find  0x0000000000004114       0x34 zephyr/subsys/bluetooth/host/libsubsys__bluetooth__host.a(id.c.obj)
 .text.set_random_address
                0x0000000000004148       0x5c zephyr/subsys/bluetooth/host/libsubsys__bluetooth__host.a(id.c.obj)
 .text.id_create.constprop.0
                0x00000000000041a4       0x64 zephyr/subsys/bluetooth/host/libsubsys__bluetooth__host.a(id.c.obj)
 .text.bt_id_adv_random_addr_check
                0x0000000000004208       0x1c zephyr/subsys/bluetooth/host/libsubsys__bluetooth__host.a(id.c.obj)
                0x0000000000004208                bt_id_adv_random_addr_check
 .text.bt_id_pending_keys_update
                0x0000000000004224       0x34 zephyr/subsys/bluetooth/host/libsubsys__bluetooth__host.a(id.c.obj)
                0x0000000000004224                bt_id_pending_keys_update
 .text.bt_id_add
                0x0000000000004258      0x14c zephyr/subsys/bluetooth/host/libsubsys__bluetooth__host.a(id.c.obj)
                0x0000000000004258                bt_id_add
 .text.bt_id_del
                0x00000000000043a4      0x12c zephyr/subsys/bluetooth/host/libsubsys__bluetooth__host.a(id.c.obj)
                0x00000000000043a4                bt_id_del
 .text.bt_id_create
                0x00000000000044d0       0x94 zephyr/subsys/bluetooth/host/libsubsys__bluetooth__host.a(id.c.obj)
                0x00000000000044d0                bt_id_create
 .text.bt_id_read_public_addr
                0x0000000000004564       0x70 zephyr/subsys/bluetooth/host/libsubsys__bluetooth__host.a(id.c.obj)
                0x0000000000004564                bt_id_read_public_addr
 .text.bt_setup_public_id_addr
                0x00000000000045d4       0x20 zephyr/subsys/bluetooth/host/libsubsys__bluetooth__host.a(id.c.obj)
                0x00000000000045d4                bt_setup_public_id_addr
 .text.bt_read_static_addr
                0x00000000000045f4       0x60 zephyr/subsys/bluetooth/host/libsubsys__bluetooth__host.a(id.c.obj)
                0x00000000000045f4                bt_read_static_addr
 .text.bt_setup_random_id_addr
                0x0000000000004654       0x5c zephyr/subsys/bluetooth/host/libsubsys__bluetooth__host.a(id.c.obj)
                0x0000000000004654                bt_setup_random_id_addr
 .text.bt_id_set_adv_own_addr
                0x00000000000046b0       0xd4 zephyr/subsys/bluetooth/host/libsubsys__bluetooth__host.a(id.c.obj)
                0x00000000000046b0                bt_id_set_adv_own_addr
 .text.bt_id_init
                0x0000000000004784       0x30 zephyr/subsys/bluetooth/host/libsubsys__bluetooth__host.a(id.c.obj)
                0x0000000000004784                bt_id_init
 .text.valid_adv_param
                0x00000000000047b4       0x88 zephyr/subsys/bluetooth/host/libsubsys__bluetooth__host.a(adv.c.obj)
 .text.le_adv_start_add_conn
                0x000000000000483c       0x88 zephyr/subsys/bluetooth/host/libsubsys__bluetooth__host.a(adv.c.obj)
 .text.bt_le_ext_adv_foreach
                0x00000000000048c4        0xc zephyr/subsys/bluetooth/host/libsubsys__bluetooth__host.a(adv.c.obj)
                0x00000000000048c4                bt_le_ext_adv_foreach
 .text.bt_le_adv_lookup_legacy
                0x00000000000048d0        0x8 zephyr/subsys/bluetooth/host/libsubsys__bluetooth__host.a(adv.c.obj)
                0x00000000000048d0                bt_le_adv_lookup_legacy
 .text.bt_le_adv_start_legacy
                0x00000000000048d8      0x24c zephyr/subsys/bluetooth/host/libsubsys__bluetooth__host.a(adv.c.obj)
                0x00000000000048d8                bt_le_adv_start_legacy
 .text.bt_le_adv_start
                0x0000000000004b24       0x64 zephyr/subsys/bluetooth/host/libsubsys__bluetooth__host.a(adv.c.obj)
                0x0000000000004b24                bt_le_adv_start
 .text.bt_le_adv_stop
                0x0000000000004b88       0xc0 zephyr/subsys/bluetooth/host/libsubsys__bluetooth__host.a(adv.c.obj)
                0x0000000000004b88                bt_le_adv_stop
 .text.bt_le_adv_resume
                0x0000000000004c48       0x80 zephyr/subsys/bluetooth/host/libsubsys__bluetooth__host.a(adv.c.obj)
                0x0000000000004c48                bt_le_adv_resume
 .text.bt_le_scan_set_enable_legacy
                0x0000000000004cc8       0x68 zephyr/subsys/bluetooth/host/libsubsys__bluetooth__host.a(scan.c.obj)
 .text.bt_scan_reset
                0x0000000000004d30        0xc zephyr/subsys/bluetooth/host/libsubsys__bluetooth__host.a(scan.c.obj)
                0x0000000000004d30                bt_scan_reset
 .text.bt_le_scan_update
                0x0000000000004d3c       0x30 zephyr/subsys/bluetooth/host/libsubsys__bluetooth__host.a(scan.c.obj)
                0x0000000000004d3c                bt_le_scan_update
 .text.bt_hci_le_adv_report
                0x0000000000004d6c      0x168 zephyr/subsys/bluetooth/host/libsubsys__bluetooth__host.a(scan.c.obj)
                0x0000000000004d6c                bt_hci_le_adv_report
 .text.bt_pub_key_is_debug
                0x0000000000004ed4       0x18 zephyr/subsys/bluetooth/host/libsubsys__bluetooth__host.a(ecc.c.obj)
                0x0000000000004ed4                bt_pub_key_is_debug
 .text.bt_pub_key_gen
                0x0000000000004eec       0xd4 zephyr/subsys/bluetooth/host/libsubsys__bluetooth__host.a(ecc.c.obj)
                0x0000000000004eec                bt_pub_key_gen
 .text.bt_pub_key_get
                0x0000000000004fc0       0x20 zephyr/subsys/bluetooth/host/libsubsys__bluetooth__host.a(ecc.c.obj)
                0x0000000000004fc0                bt_pub_key_get
 .text.bt_dh_key_gen
                0x0000000000004fe0       0x88 zephyr/subsys/bluetooth/host/libsubsys__bluetooth__host.a(ecc.c.obj)
                0x0000000000004fe0                bt_dh_key_gen
 .text.bt_hci_evt_le_pkey_complete
                0x0000000000005068       0x7c zephyr/subsys/bluetooth/host/libsubsys__bluetooth__host.a(ecc.c.obj)
                0x0000000000005068                bt_hci_evt_le_pkey_complete
 .text.bt_hci_evt_le_dhkey_complete
                0x00000000000050e4       0x1c zephyr/subsys/bluetooth/host/libsubsys__bluetooth__host.a(ecc.c.obj)
                0x00000000000050e4                bt_hci_evt_le_dhkey_complete
 .text.notify_connected
                0x0000000000005100       0x3c zephyr/subsys/bluetooth/host/libsubsys__bluetooth__host.a(conn.c.obj)
 .text.tx_notify
                0x000000000000513c       0x60 zephyr/subsys/bluetooth/host/libsubsys__bluetooth__host.a(conn.c.obj)
 .text.conn_tx_destroy
                0x000000000000519c       0x2c zephyr/subsys/bluetooth/host/libsubsys__bluetooth__host.a(conn.c.obj)
 .text.send_frag
                0x00000000000051c8       0xec zephyr/subsys/bluetooth/host/libsubsys__bluetooth__host.a(conn.c.obj)
 .text.bt_conn_get_pkts
                0x00000000000052b4        0x8 zephyr/subsys/bluetooth/host/libsubsys__bluetooth__host.a(conn.c.obj)
                0x00000000000052b4                bt_conn_get_pkts
 .text.bt_conn_new
                0x00000000000052bc       0x68 zephyr/subsys/bluetooth/host/libsubsys__bluetooth__host.a(conn.c.obj)
                0x00000000000052bc                bt_conn_new
 .text.bt_conn_send_cb
                0x0000000000005324       0x78 zephyr/subsys/bluetooth/host/libsubsys__bluetooth__host.a(conn.c.obj)
                0x0000000000005324                bt_conn_send_cb
 .text.bt_conn_prepare_events
                0x000000000000539c       0x6c zephyr/subsys/bluetooth/host/libsubsys__bluetooth__host.a(conn.c.obj)
                0x000000000000539c                bt_conn_prepare_events
 .text.bt_conn_lookup_handle
                0x0000000000005408       0x10 zephyr/subsys/bluetooth/host/libsubsys__bluetooth__host.a(conn.c.obj)
                0x0000000000005408                bt_conn_lookup_handle
 .text.bt_conn_set_state
                0x0000000000005418      0x160 zephyr/subsys/bluetooth/host/libsubsys__bluetooth__host.a(conn.c.obj)
                0x0000000000005418                bt_conn_set_state
 .text.bt_conn_index
                0x0000000000005578       0x18 zephyr/subsys/bluetooth/host/libsubsys__bluetooth__host.a(conn.c.obj)
                0x0000000000005578                bt_conn_index
 .text.bt_conn_create_pdu_timeout
                0x0000000000005590       0x24 zephyr/subsys/bluetooth/host/libsubsys__bluetooth__host.a(conn.c.obj)
                0x0000000000005590                bt_conn_create_pdu_timeout
 .text.notify_le_param_updated
                0x00000000000055b4       0x88 zephyr/subsys/bluetooth/host/libsubsys__bluetooth__host.a(conn.c.obj)
                0x00000000000055b4                notify_le_param_updated
 .text.le_param_req
                0x000000000000563c       0x74 zephyr/subsys/bluetooth/host/libsubsys__bluetooth__host.a(conn.c.obj)
                0x000000000000563c                le_param_req
 .text.bt_conn_identity_resolved
                0x00000000000056b0       0x5c zephyr/subsys/bluetooth/host/libsubsys__bluetooth__host.a(conn.c.obj)
                0x00000000000056b0                bt_conn_identity_resolved
 .text.bt_conn_security_changed
                0x000000000000570c       0x4c zephyr/subsys/bluetooth/host/libsubsys__bluetooth__host.a(conn.c.obj)
                0x000000000000570c                bt_conn_security_changed
 .text.bt_conn_add_le
                0x0000000000005758       0x38 zephyr/subsys/bluetooth/host/libsubsys__bluetooth__host.a(conn.c.obj)
                0x0000000000005758                bt_conn_add_le
 .text.bt_conn_lookup_addr_le
                0x0000000000005790       0x3c zephyr/subsys/bluetooth/host/libsubsys__bluetooth__host.a(conn.c.obj)
                0x0000000000005790                bt_conn_lookup_addr_le
 .text.bt_conn_lookup_state_le
                0x00000000000057cc       0x44 zephyr/subsys/bluetooth/host/libsubsys__bluetooth__host.a(conn.c.obj)
                0x00000000000057cc                bt_conn_lookup_state_le
 .text.send_conn_le_param_update
                0x0000000000005810       0x6c zephyr/subsys/bluetooth/host/libsubsys__bluetooth__host.a(conn.c.obj)
 .text.deferred_work
                0x000000000000587c       0xc8 zephyr/subsys/bluetooth/host/libsubsys__bluetooth__host.a(conn.c.obj)
 .text.bt_conn_create_frag_timeout
                0x0000000000005944        0xc zephyr/subsys/bluetooth/host/libsubsys__bluetooth__host.a(conn.c.obj)
                0x0000000000005944                bt_conn_create_frag_timeout
 .text.create_frag
                0x0000000000005950       0x6c zephyr/subsys/bluetooth/host/libsubsys__bluetooth__host.a(conn.c.obj)
 .text.bt_conn_process_tx
                0x00000000000059bc       0xc0 zephyr/subsys/bluetooth/host/libsubsys__bluetooth__host.a(conn.c.obj)
                0x00000000000059bc                bt_conn_process_tx
 .text.bt_conn_auth_cb_register
                0x0000000000005a7c       0x38 zephyr/subsys/bluetooth/host/libsubsys__bluetooth__host.a(conn.c.obj)
                0x0000000000005a7c                bt_conn_auth_cb_register
 .text.bt_conn_init
                0x0000000000005ab4       0x40 zephyr/subsys/bluetooth/host/libsubsys__bluetooth__host.a(conn.c.obj)
                0x0000000000005ab4                bt_conn_init
 .text.get_ident
                0x0000000000005af4       0x18 zephyr/subsys/bluetooth/host/libsubsys__bluetooth__host.a(l2cap.c.obj)
 .text.l2cap_server_lookup_psm
                0x0000000000005b0c       0x20 zephyr/subsys/bluetooth/host/libsubsys__bluetooth__host.a(l2cap.c.obj)
 .text.l2cap_accept
                0x0000000000005b2c       0x1c zephyr/subsys/bluetooth/host/libsubsys__bluetooth__host.a(l2cap.c.obj)
 .text.l2cap_create_le_sig_pdu.constprop.0
                0x0000000000005b48       0x3c zephyr/subsys/bluetooth/host/libsubsys__bluetooth__host.a(l2cap.c.obj)
 .text.l2cap_chan_tx_init
                0x0000000000005b84       0x44 zephyr/subsys/bluetooth/host/libsubsys__bluetooth__host.a(l2cap.c.obj)
 .text.l2cap_chan_le_send
                0x0000000000005bc8      0x198 zephyr/subsys/bluetooth/host/libsubsys__bluetooth__host.a(l2cap.c.obj)
 .text.l2cap_chan_sdu_sent
                0x0000000000005d60       0x68 zephyr/subsys/bluetooth/host/libsubsys__bluetooth__host.a(l2cap.c.obj)
 .text.l2cap_chan_add
                0x0000000000005dc8       0x90 zephyr/subsys/bluetooth/host/libsubsys__bluetooth__host.a(l2cap.c.obj)
 .text.bt_l2cap_connected
                0x0000000000005e58       0x70 zephyr/subsys/bluetooth/host/libsubsys__bluetooth__host.a(l2cap.c.obj)
                0x0000000000005e58                bt_l2cap_connected
 .text.bt_l2cap_init
                0x0000000000005ec8       0x30 zephyr/subsys/bluetooth/host/libsubsys__bluetooth__host.a(l2cap.c.obj)
                0x0000000000005ec8                bt_l2cap_init
 .text.l2cap_chan_le_recv_seg
                0x0000000000005ef8      0x114 zephyr/subsys/bluetooth/host/libsubsys__bluetooth__host.a(l2cap.c.obj)
 .text.l2cap_recv
                0x000000000000600c      0x3f4 zephyr/subsys/bluetooth/host/libsubsys__bluetooth__host.a(l2cap.c.obj)
 .text.bt_att_released
                0x0000000000006400       0x18 zephyr/subsys/bluetooth/host/libsubsys__bluetooth__host.a(att.c.obj)
 .text.tx_meta_data_free
                0x0000000000006418       0x1c zephyr/subsys/bluetooth/host/libsubsys__bluetooth__host.a(att.c.obj)
 .text.read_group_cb
                0x0000000000006434       0xa8 zephyr/subsys/bluetooth/host/libsubsys__bluetooth__host.a(att.c.obj)
 .text.chan_send
                0x00000000000064dc       0xa0 zephyr/subsys/bluetooth/host/libsubsys__bluetooth__host.a(att.c.obj)
 .text.bt_att_accept
                0x000000000000657c       0xc4 zephyr/subsys/bluetooth/host/libsubsys__bluetooth__host.a(att.c.obj)
 .text.read_type_cb
                0x0000000000006640       0xa8 zephyr/subsys/bluetooth/host/libsubsys__bluetooth__host.a(att.c.obj)
 .text.bt_att_connected
                0x00000000000066e8       0x54 zephyr/subsys/bluetooth/host/libsubsys__bluetooth__host.a(att.c.obj)
 .text.bt_att_chan_create_pdu
                0x000000000000673c       0x70 zephyr/subsys/bluetooth/host/libsubsys__bluetooth__host.a(att.c.obj)
                0x000000000000673c                bt_att_chan_create_pdu
 .text.bt_att_recv
                0x00000000000067ac       0xb4 zephyr/subsys/bluetooth/host/libsubsys__bluetooth__host.a(att.c.obj)
 .text.att_write_rsp.constprop.0
                0x0000000000006860       0xd8 zephyr/subsys/bluetooth/host/libsubsys__bluetooth__host.a(att.c.obj)
 .text.att_read_group_req
                0x0000000000006938      0x10c zephyr/subsys/bluetooth/host/libsubsys__bluetooth__host.a(att.c.obj)
 .text.att_read_mult_vl_req
                0x0000000000006a44       0xac zephyr/subsys/bluetooth/host/libsubsys__bluetooth__host.a(att.c.obj)
 .text.att_read_mult_req
                0x0000000000006af0       0xac zephyr/subsys/bluetooth/host/libsubsys__bluetooth__host.a(att.c.obj)
 .text.att_read_rsp
                0x0000000000006b9c       0xa8 zephyr/subsys/bluetooth/host/libsubsys__bluetooth__host.a(att.c.obj)
 .text.att_read_type_req
                0x0000000000006c44       0xc8 zephyr/subsys/bluetooth/host/libsubsys__bluetooth__host.a(att.c.obj)
 .text.att_find_type_req
                0x0000000000006d0c       0xdc zephyr/subsys/bluetooth/host/libsubsys__bluetooth__host.a(att.c.obj)
 .text.att_find_info_req
                0x0000000000006de8       0x78 zephyr/subsys/bluetooth/host/libsubsys__bluetooth__host.a(att.c.obj)
 .text.bt_att_init
                0x0000000000006e60       0x34 zephyr/subsys/bluetooth/host/libsubsys__bluetooth__host.a(att.c.obj)
                0x0000000000006e60                bt_att_init
 .text.bt_att_req_alloc
                0x0000000000006e94       0x44 zephyr/subsys/bluetooth/host/libsubsys__bluetooth__host.a(att.c.obj)
                0x0000000000006e94                bt_att_req_alloc
 .text.bt_att_req_free
                0x0000000000006ed8       0x30 zephyr/subsys/bluetooth/host/libsubsys__bluetooth__host.a(att.c.obj)
                0x0000000000006ed8                bt_att_req_free
 .text.att_handle_rsp
                0x0000000000006f08       0x64 zephyr/subsys/bluetooth/host/libsubsys__bluetooth__host.a(att.c.obj)
 .text.bt_att_disconnected
                0x0000000000006f6c       0xc8 zephyr/subsys/bluetooth/host/libsubsys__bluetooth__host.a(att.c.obj)
 .text.find_cf_cfg
                0x0000000000007034       0x44 zephyr/subsys/bluetooth/host/libsubsys__bluetooth__host.a(gatt.c.obj)
 .text.find_sc_cfg
                0x0000000000007078       0x44 zephyr/subsys/bluetooth/host/libsubsys__bluetooth__host.a(gatt.c.obj)
 .text.disconnected_cb
                0x00000000000070bc       0xbc zephyr/subsys/bluetooth/host/libsubsys__bluetooth__host.a(gatt.c.obj)
 .text.sc_indicate_rsp
                0x0000000000007178       0x64 zephyr/subsys/bluetooth/host/libsubsys__bluetooth__host.a(gatt.c.obj)
 .text.bt_gatt_init
                0x00000000000071dc       0xac zephyr/subsys/bluetooth/host/libsubsys__bluetooth__host.a(gatt.c.obj)
                0x00000000000071dc                bt_gatt_init
 .text.bt_gatt_cb_register
                0x0000000000007288       0x1c zephyr/subsys/bluetooth/host/libsubsys__bluetooth__host.a(gatt.c.obj)
                0x0000000000007288                bt_gatt_cb_register
 .text.bt_gatt_attr_get_handle
                0x00000000000072a4       0x60 zephyr/subsys/bluetooth/host/libsubsys__bluetooth__host.a(gatt.c.obj)
                0x00000000000072a4                bt_gatt_attr_get_handle
 .text.bt_gatt_foreach_attr_type
                0x0000000000007304       0xb4 zephyr/subsys/bluetooth/host/libsubsys__bluetooth__host.a(gatt.c.obj)
                0x0000000000007304                bt_gatt_foreach_attr_type
 .text.db_hash_gen.constprop.0
                0x00000000000073b8       0x74 zephyr/subsys/bluetooth/host/libsubsys__bluetooth__host.a(gatt.c.obj)
 .text.db_hash_read
                0x000000000000742c       0x88 zephyr/subsys/bluetooth/host/libsubsys__bluetooth__host.a(gatt.c.obj)
 .text.bt_gatt_find_by_uuid
                0x00000000000074b4       0x3c zephyr/subsys/bluetooth/host/libsubsys__bluetooth__host.a(gatt.c.obj)
                0x00000000000074b4                bt_gatt_find_by_uuid
 .text.gatt_indicate
                0x00000000000074f0       0x9c zephyr/subsys/bluetooth/host/libsubsys__bluetooth__host.a(gatt.c.obj)
 .text.bt_gatt_indicate
                0x000000000000758c       0xf4 zephyr/subsys/bluetooth/host/libsubsys__bluetooth__host.a(gatt.c.obj)
                0x000000000000758c                bt_gatt_indicate
 .text.sc_process
                0x0000000000007680       0x70 zephyr/subsys/bluetooth/host/libsubsys__bluetooth__host.a(gatt.c.obj)
 .text.bt_gatt_notify_cb
                0x00000000000076f0       0xec zephyr/subsys/bluetooth/host/libsubsys__bluetooth__host.a(gatt.c.obj)
                0x00000000000076f0                bt_gatt_notify_cb
 .text.notify_cb
                0x00000000000077dc      0x10c zephyr/subsys/bluetooth/host/libsubsys__bluetooth__host.a(gatt.c.obj)
 .text.update_ccc
                0x00000000000078e8       0xe0 zephyr/subsys/bluetooth/host/libsubsys__bluetooth__host.a(gatt.c.obj)
 .text.bt_gatt_connected
                0x00000000000079c8       0x34 zephyr/subsys/bluetooth/host/libsubsys__bluetooth__host.a(gatt.c.obj)
                0x00000000000079c8                bt_gatt_connected
 .text.bt_gatt_att_max_mtu_changed
                0x00000000000079fc       0x28 zephyr/subsys/bluetooth/host/libsubsys__bluetooth__host.a(gatt.c.obj)
                0x00000000000079fc                bt_gatt_att_max_mtu_changed
 .text.bt_gatt_encrypt_change
                0x0000000000007a24       0x20 zephyr/subsys/bluetooth/host/libsubsys__bluetooth__host.a(gatt.c.obj)
                0x0000000000007a24                bt_gatt_encrypt_change
 .text.bt_gatt_disconnected
                0x0000000000007a44       0x48 zephyr/subsys/bluetooth/host/libsubsys__bluetooth__host.a(gatt.c.obj)
                0x0000000000007a44                bt_gatt_disconnected
 .text.get_io_capa
                0x0000000000007a8c       0x4c zephyr/subsys/bluetooth/host/libsubsys__bluetooth__host.a(smp.c.obj)
 .text.bt_smp_accept
                0x0000000000007ad8       0x24 zephyr/subsys/bluetooth/host/libsubsys__bluetooth__host.a(smp.c.obj)
 .text.smp_find
                0x0000000000007afc       0x1c zephyr/subsys/bluetooth/host/libsubsys__bluetooth__host.a(smp.c.obj)
 .text.get_auth.constprop.0
                0x0000000000007b18       0x3c zephyr/subsys/bluetooth/host/libsubsys__bluetooth__host.a(smp.c.obj)
 .text.smp_init
                0x0000000000007b54       0x38 zephyr/subsys/bluetooth/host/libsubsys__bluetooth__host.a(smp.c.obj)
 .text.smp_dhkey_generate
                0x0000000000007b8c       0x2c zephyr/subsys/bluetooth/host/libsubsys__bluetooth__host.a(smp.c.obj)
 .text.smp_send_pairing_confirm
                0x0000000000007bb8       0x7c zephyr/subsys/bluetooth/host/libsubsys__bluetooth__host.a(smp.c.obj)
 .text.smp_public_key_periph
                0x0000000000007c34      0x148 zephyr/subsys/bluetooth/host/libsubsys__bluetooth__host.a(smp.c.obj)
 .text.smp_public_key
                0x0000000000007d7c       0x84 zephyr/subsys/bluetooth/host/libsubsys__bluetooth__host.a(smp.c.obj)
 .text.smp_pairing_req
                0x0000000000007e00      0x348 zephyr/subsys/bluetooth/host/libsubsys__bluetooth__host.a(smp.c.obj)
 .text.compute_and_check_and_send_periph_dhcheck
                0x0000000000008148      0x1c8 zephyr/subsys/bluetooth/host/libsubsys__bluetooth__host.a(smp.c.obj)
 .text.bt_smp_connected
                0x0000000000008310       0x1c zephyr/subsys/bluetooth/host/libsubsys__bluetooth__host.a(smp.c.obj)
 .text.smp_pairing_random
                0x000000000000832c      0x240 zephyr/subsys/bluetooth/host/libsubsys__bluetooth__host.a(smp.c.obj)
 .text.bt_smp_start_security
                0x000000000000856c      0x180 zephyr/subsys/bluetooth/host/libsubsys__bluetooth__host.a(smp.c.obj)
                0x000000000000856c                bt_smp_start_security
 .text.smp_pairing_complete
                0x00000000000086ec       0xe8 zephyr/subsys/bluetooth/host/libsubsys__bluetooth__host.a(smp.c.obj)
 .text.bt_smp_recv
                0x00000000000087d4       0x78 zephyr/subsys/bluetooth/host/libsubsys__bluetooth__host.a(smp.c.obj)
 .text.bt_smp_pkey_ready
                0x000000000000884c       0x40 zephyr/subsys/bluetooth/host/libsubsys__bluetooth__host.a(smp.c.obj)
 .text.smp_pairing_failed
                0x000000000000888c       0x48 zephyr/subsys/bluetooth/host/libsubsys__bluetooth__host.a(smp.c.obj)
 .text.bt_smp_encrypt_change
                0x00000000000088d4      0x1cc zephyr/subsys/bluetooth/host/libsubsys__bluetooth__host.a(smp.c.obj)
 .text.bt_smp_init
                0x0000000000008aa0       0x2c zephyr/subsys/bluetooth/host/libsubsys__bluetooth__host.a(smp.c.obj)
                0x0000000000008aa0                bt_smp_init
 .text.bt_keys_get_addr
                0x0000000000008acc       0x50 zephyr/subsys/bluetooth/host/libsubsys__bluetooth__host.a(keys.c.obj)
                0x0000000000008acc                bt_keys_get_addr
 .text.bt_keys_foreach
                0x0000000000008b1c       0x1c zephyr/subsys/bluetooth/host/libsubsys__bluetooth__host.a(keys.c.obj)
                0x0000000000008b1c                bt_keys_foreach
 .text.bt_keys_find
                0x0000000000008b38       0x2c zephyr/subsys/bluetooth/host/libsubsys__bluetooth__host.a(keys.c.obj)
                0x0000000000008b38                bt_keys_find
 .text.bt_keys_find_irk
                0x0000000000008b64       0x70 zephyr/subsys/bluetooth/host/libsubsys__bluetooth__host.a(keys.c.obj)
                0x0000000000008b64                bt_keys_find_irk
 .text.bt_keys_find_addr
                0x0000000000008bd4       0x20 zephyr/subsys/bluetooth/host/libsubsys__bluetooth__host.a(keys.c.obj)
                0x0000000000008bd4                bt_keys_find_addr
 .text.mem_init
                0x0000000000008bf4       0x60 zephyr/subsys/bluetooth/controller/libsubsys__bluetooth__controller.a(mem.c.obj)
                0x0000000000008bf4                mem_init
 .text.mem_acquire
                0x0000000000008c54       0x34 zephyr/subsys/bluetooth/controller/libsubsys__bluetooth__controller.a(mem.c.obj)
                0x0000000000008c54                mem_acquire
 .text.mem_release
                0x0000000000008c88       0x30 zephyr/subsys/bluetooth/controller/libsubsys__bluetooth__controller.a(mem.c.obj)
                0x0000000000008c88                mem_release
 .text.mem_get  0x0000000000008cb8        0x8 zephyr/subsys/bluetooth/controller/libsubsys__bluetooth__controller.a(mem.c.obj)
                0x0000000000008cb8                mem_get
 .text.mem_index_get
                0x0000000000008cc0        0xc zephyr/subsys/bluetooth/controller/libsubsys__bluetooth__controller.a(mem.c.obj)
                0x0000000000008cc0                mem_index_get
 .text.mem_rcopy
                0x0000000000008ccc       0x1c zephyr/subsys/bluetooth/controller/libsubsys__bluetooth__controller.a(mem.c.obj)
                0x0000000000008ccc                mem_rcopy
 .text.mem_nz   0x0000000000008ce8       0x18 zephyr/subsys/bluetooth/controller/libsubsys__bluetooth__controller.a(mem.c.obj)
                0x0000000000008ce8                mem_nz
 .text.memq_init
                0x0000000000008d00        0x8 zephyr/subsys/bluetooth/controller/libsubsys__bluetooth__controller.a(memq.c.obj)
                0x0000000000008d00                memq_init
 .text.memq_deinit
                0x0000000000008d08       0x14 zephyr/subsys/bluetooth/controller/libsubsys__bluetooth__controller.a(memq.c.obj)
                0x0000000000008d08                memq_deinit
 .text.memq_enqueue
                0x0000000000008d1c       0x14 zephyr/subsys/bluetooth/controller/libsubsys__bluetooth__controller.a(memq.c.obj)
                0x0000000000008d1c                memq_enqueue
 .text.memq_peek
                0x0000000000008d30       0x10 zephyr/subsys/bluetooth/controller/libsubsys__bluetooth__controller.a(memq.c.obj)
                0x0000000000008d30                memq_peek
 .text.memq_dequeue
                0x0000000000008d40       0x20 zephyr/subsys/bluetooth/controller/libsubsys__bluetooth__controller.a(memq.c.obj)
                0x0000000000008d40                memq_dequeue
 .text.mayfly_init
                0x0000000000008d60       0x40 zephyr/subsys/bluetooth/controller/libsubsys__bluetooth__controller.a(mayfly.c.obj)
                0x0000000000008d60                mayfly_init
 .text.mayfly_enable
                0x0000000000008da0       0x64 zephyr/subsys/bluetooth/controller/libsubsys__bluetooth__controller.a(mayfly.c.obj)
                0x0000000000008da0                mayfly_enable
 .text.mayfly_enqueue
                0x0000000000008e04       0xb0 zephyr/subsys/bluetooth/controller/libsubsys__bluetooth__controller.a(mayfly.c.obj)
                0x0000000000008e04                mayfly_enqueue
 .text.mayfly_run
                0x0000000000008eb4      0x14c zephyr/subsys/bluetooth/controller/libsubsys__bluetooth__controller.a(mayfly.c.obj)
                0x0000000000008eb4                mayfly_run
 .text.util_ones_count_get
                0x0000000000009000       0x28 zephyr/subsys/bluetooth/controller/libsubsys__bluetooth__controller.a(util.c.obj)
                0x0000000000009000                util_ones_count_get
 .text.ticker_dequeue
                0x0000000000009028       0x74 zephyr/subsys/bluetooth/controller/libsubsys__bluetooth__controller.a(ticker.c.obj)
 .text.ticks_to_expire_prep
                0x000000000000909c       0x48 zephyr/subsys/bluetooth/controller/libsubsys__bluetooth__controller.a(ticker.c.obj)
 .text.ticker_job_list_insert
                0x00000000000090e4      0x208 zephyr/subsys/bluetooth/controller/libsubsys__bluetooth__controller.a(ticker.c.obj)
 .text.ticker_worker
                0x00000000000092ec      0x2e0 zephyr/subsys/bluetooth/controller/libsubsys__bluetooth__controller.a(ticker.c.obj)
                0x00000000000092ec                ticker_worker
 .text.ticker_job
                0x00000000000095cc      0x958 zephyr/subsys/bluetooth/controller/libsubsys__bluetooth__controller.a(ticker.c.obj)
                0x00000000000095cc                ticker_job
 .text.ticker_init
                0x0000000000009f24       0x88 zephyr/subsys/bluetooth/controller/libsubsys__bluetooth__controller.a(ticker.c.obj)
                0x0000000000009f24                ticker_init
 .text.ticker_trigger
                0x0000000000009fac       0x30 zephyr/subsys/bluetooth/controller/libsubsys__bluetooth__controller.a(ticker.c.obj)
                0x0000000000009fac                ticker_trigger
 .text.ticker_start_ext
                0x0000000000009fdc       0xac zephyr/subsys/bluetooth/controller/libsubsys__bluetooth__controller.a(ticker.c.obj)
                0x0000000000009fdc                ticker_start_ext
 .text.ticker_start
                0x000000000000a088       0x38 zephyr/subsys/bluetooth/controller/libsubsys__bluetooth__controller.a(ticker.c.obj)
                0x000000000000a088                ticker_start
 .text.ticker_update_ext
                0x000000000000a0c0       0xac zephyr/subsys/bluetooth/controller/libsubsys__bluetooth__controller.a(ticker.c.obj)
                0x000000000000a0c0                ticker_update_ext
 .text.ticker_update
                0x000000000000a16c       0x30 zephyr/subsys/bluetooth/controller/libsubsys__bluetooth__controller.a(ticker.c.obj)
                0x000000000000a16c                ticker_update
 .text.ticker_stop
                0x000000000000a19c       0x84 zephyr/subsys/bluetooth/controller/libsubsys__bluetooth__controller.a(ticker.c.obj)
                0x000000000000a19c                ticker_stop
 .text.ticker_ticks_now_get
                0x000000000000a220        0x4 zephyr/subsys/bluetooth/controller/libsubsys__bluetooth__controller.a(ticker.c.obj)
                0x000000000000a220                ticker_ticks_now_get
 .text.ll_addr_set
                0x000000000000a224       0x50 zephyr/subsys/bluetooth/controller/libsubsys__bluetooth__controller.a(ll_addr.c.obj)
                0x000000000000a224                ll_addr_set
 .text.ll_addr_get
                0x000000000000a274       0x20 zephyr/subsys/bluetooth/controller/libsubsys__bluetooth__controller.a(ll_addr.c.obj)
                0x000000000000a274                ll_addr_get
 .text.ll_addr_read
                0x000000000000a294       0x30 zephyr/subsys/bluetooth/controller/libsubsys__bluetooth__controller.a(ll_addr.c.obj)
                0x000000000000a294                ll_addr_read
 .text.ll_tx_pwr_lvl_get
                0x000000000000a2c4       0x20 zephyr/subsys/bluetooth/controller/libsubsys__bluetooth__controller.a(ll_tx_pwr.c.obj)
                0x000000000000a2c4                ll_tx_pwr_lvl_get
 .text.ll_tx_pwr_get
                0x000000000000a2e4        0x8 zephyr/subsys/bluetooth/controller/libsubsys__bluetooth__controller.a(ll_tx_pwr.c.obj)
                0x000000000000a2e4                ll_tx_pwr_get
 .text.hci_driver_init
                0x000000000000a2ec       0x10 zephyr/subsys/bluetooth/controller/libsubsys__bluetooth__controller.a(hci_driver.c.obj)
 .text.hci_driver_send
                0x000000000000a2fc       0x6c zephyr/subsys/bluetooth/controller/libsubsys__bluetooth__controller.a(hci_driver.c.obj)
 .text.hci_driver_close
                0x000000000000a368       0x20 zephyr/subsys/bluetooth/controller/libsubsys__bluetooth__controller.a(hci_driver.c.obj)
 .text.recv_thread
                0x000000000000a388      0x118 zephyr/subsys/bluetooth/controller/libsubsys__bluetooth__controller.a(hci_driver.c.obj)
 .text.prio_recv_thread
                0x000000000000a4a0       0xc8 zephyr/subsys/bluetooth/controller/libsubsys__bluetooth__controller.a(hci_driver.c.obj)
 .text.hci_driver_open
                0x000000000000a568       0xa8 zephyr/subsys/bluetooth/controller/libsubsys__bluetooth__controller.a(hci_driver.c.obj)
 .text.dup_found.part.0
                0x000000000000a610       0xc0 zephyr/subsys/bluetooth/controller/libsubsys__bluetooth__controller.a(hci.c.obj)
 .text.le_remote_feat_complete
                0x000000000000a6d0       0x70 zephyr/subsys/bluetooth/controller/libsubsys__bluetooth__controller.a(hci.c.obj)
 .text.hci_vendor_cmd_handle_common
                0x000000000000a740      0x180 zephyr/subsys/bluetooth/controller/libsubsys__bluetooth__controller.a(hci.c.obj)
                0x000000000000a740                hci_vendor_cmd_handle_common
 .text.hci_cmd_handle
                0x000000000000a8c0      0x8c8 zephyr/subsys/bluetooth/controller/libsubsys__bluetooth__controller.a(hci.c.obj)
                0x000000000000a8c0                hci_cmd_handle
 .text.hci_acl_handle
                0x000000000000b188       0xc8 zephyr/subsys/bluetooth/controller/libsubsys__bluetooth__controller.a(hci.c.obj)
                0x000000000000b188                hci_acl_handle
 .text.hci_disconn_complete_encode
                0x000000000000b250       0x40 zephyr/subsys/bluetooth/controller/libsubsys__bluetooth__controller.a(hci.c.obj)
                0x000000000000b250                hci_disconn_complete_encode
 .text.hci_disconn_complete_process
                0x000000000000b290       0x10 zephyr/subsys/bluetooth/controller/libsubsys__bluetooth__controller.a(hci.c.obj)
                0x000000000000b290                hci_disconn_complete_process
 .text.hci_acl_encode
                0x000000000000b2a0       0x74 zephyr/subsys/bluetooth/controller/libsubsys__bluetooth__controller.a(hci.c.obj)
                0x000000000000b2a0                hci_acl_encode
 .text.hci_evt_encode
                0x000000000000b314      0x6b0 zephyr/subsys/bluetooth/controller/libsubsys__bluetooth__controller.a(hci.c.obj)
                0x000000000000b314                hci_evt_encode
 .text.hci_num_cmplt_encode
                0x000000000000b9c4       0x30 zephyr/subsys/bluetooth/controller/libsubsys__bluetooth__controller.a(hci.c.obj)
                0x000000000000b9c4                hci_num_cmplt_encode
 .text.hci_get_class
                0x000000000000b9f4       0x2c zephyr/subsys/bluetooth/controller/libsubsys__bluetooth__controller.a(hci.c.obj)
                0x000000000000b9f4                hci_get_class
 .text.hci_init
                0x000000000000ba20       0x4c zephyr/subsys/bluetooth/controller/libsubsys__bluetooth__controller.a(hci.c.obj)
                0x000000000000ba20                hci_init
 .text.bt_rand  0x000000000000ba6c        0x4 zephyr/subsys/bluetooth/controller/libsubsys__bluetooth__controller.a(crypto.c.obj)
                0x000000000000ba6c                bt_rand
 .text.bt_encrypt_le
                0x000000000000ba70        0xc zephyr/subsys/bluetooth/controller/libsubsys__bluetooth__controller.a(crypto.c.obj)
                0x000000000000ba70                bt_encrypt_le
 .text.ll_feat_get
                0x000000000000ba7c        0xc zephyr/subsys/bluetooth/controller/libsubsys__bluetooth__controller.a(ll_feat.c.obj)
                0x000000000000ba7c                ll_feat_get
 .text.perform_lll_reset
                0x000000000000ba88       0xc0 zephyr/subsys/bluetooth/controller/libsubsys__bluetooth__controller.a(ull.c.obj)
 .text.ull_ticker_status_give
                0x000000000000bb48        0xc zephyr/subsys/bluetooth/controller/libsubsys__bluetooth__controller.a(ull.c.obj)
                0x000000000000bb48                ull_ticker_status_give
 .text.disabled_cb
                0x000000000000bb54        0x4 zephyr/subsys/bluetooth/controller/libsubsys__bluetooth__controller.a(ull.c.obj)
 .text.tx_cmplt_get
                0x000000000000bb58       0xc0 zephyr/subsys/bluetooth/controller/libsubsys__bluetooth__controller.a(ull.c.obj)
 .text.rx_replenish
                0x000000000000bc18       0xec zephyr/subsys/bluetooth/controller/libsubsys__bluetooth__controller.a(ull.c.obj)
 .text.ull_done
                0x000000000000bd04      0x114 zephyr/subsys/bluetooth/controller/libsubsys__bluetooth__controller.a(ull.c.obj)
 .text.rx_demux
                0x000000000000be18      0x1d4 zephyr/subsys/bluetooth/controller/libsubsys__bluetooth__controller.a(ull.c.obj)
 .text.ll_rx_get
                0x000000000000bfec       0xec zephyr/subsys/bluetooth/controller/libsubsys__bluetooth__controller.a(ull.c.obj)
                0x000000000000bfec                ll_rx_get
 .text.ll_rx_dequeue
                0x000000000000c0d8      0x194 zephyr/subsys/bluetooth/controller/libsubsys__bluetooth__controller.a(ull.c.obj)
                0x000000000000c0d8                ll_rx_dequeue
 .text.ll_rx_mem_release
                0x000000000000c26c      0x18c zephyr/subsys/bluetooth/controller/libsubsys__bluetooth__controller.a(ull.c.obj)
                0x000000000000c26c                ll_rx_mem_release
 .text.ll_rx_link_alloc
                0x000000000000c3f8        0xc zephyr/subsys/bluetooth/controller/libsubsys__bluetooth__controller.a(ull.c.obj)
                0x000000000000c3f8                ll_rx_link_alloc
 .text.ll_rx_link_release
                0x000000000000c404        0xc zephyr/subsys/bluetooth/controller/libsubsys__bluetooth__controller.a(ull.c.obj)
                0x000000000000c404                ll_rx_link_release
 .text.ll_rx_alloc
                0x000000000000c410        0xc zephyr/subsys/bluetooth/controller/libsubsys__bluetooth__controller.a(ull.c.obj)
                0x000000000000c410                ll_rx_alloc
 .text.ll_rx_release
                0x000000000000c41c        0xc zephyr/subsys/bluetooth/controller/libsubsys__bluetooth__controller.a(ull.c.obj)
                0x000000000000c41c                ll_rx_release
 .text.ll_rx_put
                0x000000000000c428       0x14 zephyr/subsys/bluetooth/controller/libsubsys__bluetooth__controller.a(ull.c.obj)
                0x000000000000c428                ll_rx_put
 .text.ll_rx_sched
                0x000000000000c43c        0xc zephyr/subsys/bluetooth/controller/libsubsys__bluetooth__controller.a(ull.c.obj)
                0x000000000000c43c                ll_rx_sched
 .text.ll_pdu_rx_alloc_peek
                0x000000000000c448       0x40 zephyr/subsys/bluetooth/controller/libsubsys__bluetooth__controller.a(ull.c.obj)
                0x000000000000c448                ll_pdu_rx_alloc_peek
 .text.ll_pdu_rx_alloc
                0x000000000000c488       0x2c zephyr/subsys/bluetooth/controller/libsubsys__bluetooth__controller.a(ull.c.obj)
                0x000000000000c488                ll_pdu_rx_alloc
 .text.ll_tx_ack_put
                0x000000000000c4b4       0x68 zephyr/subsys/bluetooth/controller/libsubsys__bluetooth__controller.a(ull.c.obj)
                0x000000000000c4b4                ll_tx_ack_put
 .text.ull_ticker_status_take
                0x000000000000c51c       0x50 zephyr/subsys/bluetooth/controller/libsubsys__bluetooth__controller.a(ull.c.obj)
                0x000000000000c51c                ull_ticker_status_take
 .text.ull_disable_mark
                0x000000000000c56c       0x14 zephyr/subsys/bluetooth/controller/libsubsys__bluetooth__controller.a(ull.c.obj)
                0x000000000000c56c                ull_disable_mark
 .text.ull_disable_unmark
                0x000000000000c580       0x18 zephyr/subsys/bluetooth/controller/libsubsys__bluetooth__controller.a(ull.c.obj)
                0x000000000000c580                ull_disable_unmark
 .text.ull_disable_mark_get
                0x000000000000c598        0xc zephyr/subsys/bluetooth/controller/libsubsys__bluetooth__controller.a(ull.c.obj)
                0x000000000000c598                ull_disable_mark_get
 .text.ull_update_mark
                0x000000000000c5a4       0x14 zephyr/subsys/bluetooth/controller/libsubsys__bluetooth__controller.a(ull.c.obj)
                0x000000000000c5a4                ull_update_mark
 .text.ull_update_unmark
                0x000000000000c5b8       0x18 zephyr/subsys/bluetooth/controller/libsubsys__bluetooth__controller.a(ull.c.obj)
                0x000000000000c5b8                ull_update_unmark
 .text.ull_update_mark_get
                0x000000000000c5d0        0xc zephyr/subsys/bluetooth/controller/libsubsys__bluetooth__controller.a(ull.c.obj)
                0x000000000000c5d0                ull_update_mark_get
 .text.ull_disable
                0x000000000000c5dc       0x7c zephyr/subsys/bluetooth/controller/libsubsys__bluetooth__controller.a(ull.c.obj)
                0x000000000000c5dc                ull_disable
 .text.ull_ticker_stop_with_mark
                0x000000000000c658       0x8c zephyr/subsys/bluetooth/controller/libsubsys__bluetooth__controller.a(ull.c.obj)
                0x000000000000c658                ull_ticker_stop_with_mark
 .text.ull_pdu_rx_alloc_peek
                0x000000000000c6e4       0x40 zephyr/subsys/bluetooth/controller/libsubsys__bluetooth__controller.a(ull.c.obj)
                0x000000000000c6e4                ull_pdu_rx_alloc_peek
 .text.ull_pdu_rx_alloc
                0x000000000000c724       0x2c zephyr/subsys/bluetooth/controller/libsubsys__bluetooth__controller.a(ull.c.obj)
                0x000000000000c724                ull_pdu_rx_alloc
 .text.ull_rx_put
                0x000000000000c750       0x20 zephyr/subsys/bluetooth/controller/libsubsys__bluetooth__controller.a(ull.c.obj)
                0x000000000000c750                ull_rx_put
 .text.ull_rx_sched
                0x000000000000c770       0x10 zephyr/subsys/bluetooth/controller/libsubsys__bluetooth__controller.a(ull.c.obj)
                0x000000000000c770                ull_rx_sched
 .text.ull_prepare_enqueue
                0x000000000000c780       0x64 zephyr/subsys/bluetooth/controller/libsubsys__bluetooth__controller.a(ull.c.obj)
                0x000000000000c780                ull_prepare_enqueue
 .text.ull_prepare_dequeue_get
                0x000000000000c7e4       0x1c zephyr/subsys/bluetooth/controller/libsubsys__bluetooth__controller.a(ull.c.obj)
                0x000000000000c7e4                ull_prepare_dequeue_get
 .text.ull_prepare_dequeue_iter
                0x000000000000c800       0x40 zephyr/subsys/bluetooth/controller/libsubsys__bluetooth__controller.a(ull.c.obj)
                0x000000000000c800                ull_prepare_dequeue_iter
 .text.ull_prepare_dequeue
                0x000000000000c840       0xc4 zephyr/subsys/bluetooth/controller/libsubsys__bluetooth__controller.a(ull.c.obj)
                0x000000000000c840                ull_prepare_dequeue
 .text.ull_event_done_extra_get
                0x000000000000c904       0x20 zephyr/subsys/bluetooth/controller/libsubsys__bluetooth__controller.a(ull.c.obj)
                0x000000000000c904                ull_event_done_extra_get
 .text.ull_event_done
                0x000000000000c924       0x5c zephyr/subsys/bluetooth/controller/libsubsys__bluetooth__controller.a(ull.c.obj)
                0x000000000000c924                ull_event_done
 .text.ull_rxfifo_alloc
                0x000000000000c980       0x7c zephyr/subsys/bluetooth/controller/libsubsys__bluetooth__controller.a(ull.c.obj)
                0x000000000000c980                ull_rxfifo_alloc
 .text.init_reset
                0x000000000000c9fc      0x130 zephyr/subsys/bluetooth/controller/libsubsys__bluetooth__controller.a(ull.c.obj)
 .text.ll_init  0x000000000000cb2c       0xd8 zephyr/subsys/bluetooth/controller/libsubsys__bluetooth__controller.a(ull.c.obj)
                0x000000000000cb2c                ll_init
 .text.ll_reset
                0x000000000000cc04      0x150 zephyr/subsys/bluetooth/controller/libsubsys__bluetooth__controller.a(ull.c.obj)
                0x000000000000cc04                ll_reset
 .text.ll_deinit
                0x000000000000cd54       0x10 zephyr/subsys/bluetooth/controller/libsubsys__bluetooth__controller.a(ull.c.obj)
                0x000000000000cd54                ll_deinit
 .text.lll_prepare
                0x000000000000cd64       0x14 zephyr/subsys/bluetooth/controller/libsubsys__bluetooth__controller.a(lll_common.c.obj)
                0x000000000000cd64                lll_prepare
 .text.lll_resume
                0x000000000000cd78       0x4c zephyr/subsys/bluetooth/controller/libsubsys__bluetooth__controller.a(lll_common.c.obj)
                0x000000000000cd78                lll_resume
 .text.ticker_stop_cb
                0x000000000000cdc4       0x84 zephyr/subsys/bluetooth/controller/libsubsys__bluetooth__controller.a(ull_adv.c.obj)
 .text.disabled_cb
                0x000000000000ce48       0x94 zephyr/subsys/bluetooth/controller/libsubsys__bluetooth__controller.a(ull_adv.c.obj)
 .text.ticker_stop_op_cb
                0x000000000000cedc       0x48 zephyr/subsys/bluetooth/controller/libsubsys__bluetooth__controller.a(ull_adv.c.obj)
 .text.adv_disable
                0x000000000000cf24       0x80 zephyr/subsys/bluetooth/controller/libsubsys__bluetooth__controller.a(ull_adv.c.obj)
 .text.ticker_update_op_cb
                0x000000000000cfa4       0x38 zephyr/subsys/bluetooth/controller/libsubsys__bluetooth__controller.a(ull_adv.c.obj)
 .text.init_set.constprop.0
                0x000000000000cfdc       0x44 zephyr/subsys/bluetooth/controller/libsubsys__bluetooth__controller.a(ull_adv.c.obj)
 .text.conn_release.constprop.0
                0x000000000000d020       0x84 zephyr/subsys/bluetooth/controller/libsubsys__bluetooth__controller.a(ull_adv.c.obj)
 .text.disable.part.0
                0x000000000000d0a4      0x148 zephyr/subsys/bluetooth/controller/libsubsys__bluetooth__controller.a(ull_adv.c.obj)
 .text.adv_time_get.constprop.0.isra.0
                0x000000000000d1ec       0x70 zephyr/subsys/bluetooth/controller/libsubsys__bluetooth__controller.a(ull_adv.c.obj)
 .text.ticker_cb
                0x000000000000d25c      0x138 zephyr/subsys/bluetooth/controller/libsubsys__bluetooth__controller.a(ull_adv.c.obj)
 .text.ll_adv_params_set
                0x000000000000d394      0x1c4 zephyr/subsys/bluetooth/controller/libsubsys__bluetooth__controller.a(ull_adv.c.obj)
                0x000000000000d394                ll_adv_params_set
 .text.ull_adv_init
                0x000000000000d558       0x20 zephyr/subsys/bluetooth/controller/libsubsys__bluetooth__controller.a(ull_adv.c.obj)
                0x000000000000d558                ull_adv_init
 .text.ull_adv_reset
                0x000000000000d578       0x34 zephyr/subsys/bluetooth/controller/libsubsys__bluetooth__controller.a(ull_adv.c.obj)
                0x000000000000d578                ull_adv_reset
 .text.ull_adv_reset_finalize
                0x000000000000d5ac       0x30 zephyr/subsys/bluetooth/controller/libsubsys__bluetooth__controller.a(ull_adv.c.obj)
                0x000000000000d5ac                ull_adv_reset_finalize
 .text.ull_adv_handle_get
                0x000000000000d5dc       0x1c zephyr/subsys/bluetooth/controller/libsubsys__bluetooth__controller.a(ull_adv.c.obj)
                0x000000000000d5dc                ull_adv_handle_get
 .text.ull_adv_lll_handle_get
                0x000000000000d5f8       0x1c zephyr/subsys/bluetooth/controller/libsubsys__bluetooth__controller.a(ull_adv.c.obj)
                0x000000000000d5f8                ull_adv_lll_handle_get
 .text.ull_adv_is_enabled
                0x000000000000d614       0x18 zephyr/subsys/bluetooth/controller/libsubsys__bluetooth__controller.a(ull_adv.c.obj)
                0x000000000000d614                ull_adv_is_enabled
 .text.ull_adv_data_set
                0x000000000000d62c       0xb0 zephyr/subsys/bluetooth/controller/libsubsys__bluetooth__controller.a(ull_adv.c.obj)
                0x000000000000d62c                ull_adv_data_set
 .text.ll_adv_data_set
                0x000000000000d6dc       0x10 zephyr/subsys/bluetooth/controller/libsubsys__bluetooth__controller.a(ull_adv.c.obj)
                0x000000000000d6dc                ll_adv_data_set
 .text.ull_scan_rsp_set.part.0
                0x000000000000d6ec       0x84 zephyr/subsys/bluetooth/controller/libsubsys__bluetooth__controller.a(ull_adv.c.obj)
 .text.ll_adv_scan_rsp_set
                0x000000000000d770       0x18 zephyr/subsys/bluetooth/controller/libsubsys__bluetooth__controller.a(ull_adv.c.obj)
                0x000000000000d770                ll_adv_scan_rsp_set
 .text.ticker_cb
                0x000000000000d788       0x94 zephyr/subsys/bluetooth/controller/libsubsys__bluetooth__controller.a(ull_scan.c.obj)
 .text.ull_scan_init
                0x000000000000d81c        0x4 zephyr/subsys/bluetooth/controller/libsubsys__bluetooth__controller.a(ull_scan.c.obj)
                0x000000000000d81c                ull_scan_init
 .text.ull_scan_disable
                0x000000000000d820       0x44 zephyr/subsys/bluetooth/controller/libsubsys__bluetooth__controller.a(ull_scan.c.obj)
                0x000000000000d820                ull_scan_disable
 .text.ll_scan_enable
                0x000000000000d864       0x50 zephyr/subsys/bluetooth/controller/libsubsys__bluetooth__controller.a(ull_scan.c.obj)
                0x000000000000d864                ll_scan_enable
 .text.ull_scan_reset
                0x000000000000d8b4       0x2c zephyr/subsys/bluetooth/controller/libsubsys__bluetooth__controller.a(ull_scan.c.obj)
                0x000000000000d8b4                ull_scan_reset
 .text.ull_scan_lll_handle_get
                0x000000000000d8e0       0x1c zephyr/subsys/bluetooth/controller/libsubsys__bluetooth__controller.a(ull_scan.c.obj)
                0x000000000000d8e0                ull_scan_lll_handle_get
 .text.ull_scan_is_enabled
                0x000000000000d8fc       0x28 zephyr/subsys/bluetooth/controller/libsubsys__bluetooth__controller.a(ull_scan.c.obj)
                0x000000000000d8fc                ull_scan_is_enabled
 .text.init_reset
                0x000000000000d924       0x80 zephyr/subsys/bluetooth/controller/libsubsys__bluetooth__controller.a(ull_conn.c.obj)
 .text.ctrl_tx_pause_enqueue
                0x000000000000d9a4       0xdc zephyr/subsys/bluetooth/controller/libsubsys__bluetooth__controller.a(ull_conn.c.obj)
 .text.tx_lll_flush
                0x000000000000da80       0xf4 zephyr/subsys/bluetooth/controller/libsubsys__bluetooth__controller.a(ull_conn.c.obj)
 .text.ctrl_tx_sec_enqueue
                0x000000000000db74       0x84 zephyr/subsys/bluetooth/controller/libsubsys__bluetooth__controller.a(ull_conn.c.obj)
 .text.ticker_stop_op_cb
                0x000000000000dbf8       0x64 zephyr/subsys/bluetooth/controller/libsubsys__bluetooth__controller.a(ull_conn.c.obj)
 .text.disabled_cb
                0x000000000000dc5c       0x40 zephyr/subsys/bluetooth/controller/libsubsys__bluetooth__controller.a(ull_conn.c.obj)
 .text.conn_disable
                0x000000000000dc9c       0x80 zephyr/subsys/bluetooth/controller/libsubsys__bluetooth__controller.a(ull_conn.c.obj)
 .text.conn_setup_adv_scan_disabled_cb
                0x000000000000dd1c       0x40 zephyr/subsys/bluetooth/controller/libsubsys__bluetooth__controller.a(ull_conn.c.obj)
 .text.ticker_start_conn_op_cb
                0x000000000000dd5c       0x58 zephyr/subsys/bluetooth/controller/libsubsys__bluetooth__controller.a(ull_conn.c.obj)
 .text.ticker_stop_conn_op_cb
                0x000000000000ddb4       0x58 zephyr/subsys/bluetooth/controller/libsubsys__bluetooth__controller.a(ull_conn.c.obj)
 .text.ticker_update_conn_op_cb
                0x000000000000de0c       0x40 zephyr/subsys/bluetooth/controller/libsubsys__bluetooth__controller.a(ull_conn.c.obj)
 .text.tx_ull_dequeue
                0x000000000000de4c       0x78 zephyr/subsys/bluetooth/controller/libsubsys__bluetooth__controller.a(ull_conn.c.obj)
 .text.reject_ext_ind_send
                0x000000000000dec4       0xcc zephyr/subsys/bluetooth/controller/libsubsys__bluetooth__controller.a(ull_conn.c.obj)
 .text.event_len_prep
                0x000000000000df90      0x1ec zephyr/subsys/bluetooth/controller/libsubsys__bluetooth__controller.a(ull_conn.c.obj)
 .text.event_phy_upd_ind_prep
                0x000000000000e17c      0x3d4 zephyr/subsys/bluetooth/controller/libsubsys__bluetooth__controller.a(ull_conn.c.obj)
 .text.ll_conn_acquire
                0x000000000000e550        0xc zephyr/subsys/bluetooth/controller/libsubsys__bluetooth__controller.a(ull_conn.c.obj)
                0x000000000000e550                ll_conn_acquire
 .text.ll_conn_release
                0x000000000000e55c        0xc zephyr/subsys/bluetooth/controller/libsubsys__bluetooth__controller.a(ull_conn.c.obj)
                0x000000000000e55c                ll_conn_release
 .text.ll_conn_handle_get
                0x000000000000e568       0x10 zephyr/subsys/bluetooth/controller/libsubsys__bluetooth__controller.a(ull_conn.c.obj)
                0x000000000000e568                ll_conn_handle_get
 .text.ll_conn_get
                0x000000000000e578       0x10 zephyr/subsys/bluetooth/controller/libsubsys__bluetooth__controller.a(ull_conn.c.obj)
                0x000000000000e578                ll_conn_get
 .text.ll_connected_get
                0x000000000000e588       0x24 zephyr/subsys/bluetooth/controller/libsubsys__bluetooth__controller.a(ull_conn.c.obj)
                0x000000000000e588                ll_connected_get
 .text.ll_tx_mem_acquire
                0x000000000000e5ac        0xc zephyr/subsys/bluetooth/controller/libsubsys__bluetooth__controller.a(ull_conn.c.obj)
                0x000000000000e5ac                ll_tx_mem_acquire
 .text.ll_tx_mem_release
                0x000000000000e5b8        0xc zephyr/subsys/bluetooth/controller/libsubsys__bluetooth__controller.a(ull_conn.c.obj)
                0x000000000000e5b8                ll_tx_mem_release
 .text.ll_tx_mem_enqueue
                0x000000000000e5c4       0x98 zephyr/subsys/bluetooth/controller/libsubsys__bluetooth__controller.a(ull_conn.c.obj)
                0x000000000000e5c4                ll_tx_mem_enqueue
 .text.ll_conn_update
                0x000000000000e65c      0x128 zephyr/subsys/bluetooth/controller/libsubsys__bluetooth__controller.a(ull_conn.c.obj)
                0x000000000000e65c                ll_conn_update
 .text.ll_chm_get
                0x000000000000e784       0x40 zephyr/subsys/bluetooth/controller/libsubsys__bluetooth__controller.a(ull_conn.c.obj)
                0x000000000000e784                ll_chm_get
 .text.ll_terminate_ind_send
                0x000000000000e7c4       0x94 zephyr/subsys/bluetooth/controller/libsubsys__bluetooth__controller.a(ull_conn.c.obj)
                0x000000000000e7c4                ll_terminate_ind_send
 .text.ll_feature_req_send
                0x000000000000e858       0x4c zephyr/subsys/bluetooth/controller/libsubsys__bluetooth__controller.a(ull_conn.c.obj)
                0x000000000000e858                ll_feature_req_send
 .text.ll_version_ind_send
                0x000000000000e8a4       0x4c zephyr/subsys/bluetooth/controller/libsubsys__bluetooth__controller.a(ull_conn.c.obj)
                0x000000000000e8a4                ll_version_ind_send
 .text.ll_length_req_send
                0x000000000000e8f0       0xb4 zephyr/subsys/bluetooth/controller/libsubsys__bluetooth__controller.a(ull_conn.c.obj)
                0x000000000000e8f0                ll_length_req_send
 .text.ll_length_default_get
                0x000000000000e9a4       0x18 zephyr/subsys/bluetooth/controller/libsubsys__bluetooth__controller.a(ull_conn.c.obj)
                0x000000000000e9a4                ll_length_default_get
 .text.ll_length_default_set
                0x000000000000e9bc       0x14 zephyr/subsys/bluetooth/controller/libsubsys__bluetooth__controller.a(ull_conn.c.obj)
                0x000000000000e9bc                ll_length_default_set
 .text.ll_length_max_get
                0x000000000000e9d0       0x18 zephyr/subsys/bluetooth/controller/libsubsys__bluetooth__controller.a(ull_conn.c.obj)
                0x000000000000e9d0                ll_length_max_get
 .text.ll_phy_get
                0x000000000000e9e8       0x3c zephyr/subsys/bluetooth/controller/libsubsys__bluetooth__controller.a(ull_conn.c.obj)
                0x000000000000e9e8                ll_phy_get
 .text.ll_phy_default_set
                0x000000000000ea24       0x14 zephyr/subsys/bluetooth/controller/libsubsys__bluetooth__controller.a(ull_conn.c.obj)
                0x000000000000ea24                ll_phy_default_set
 .text.ll_phy_req_send
                0x000000000000ea38       0xa4 zephyr/subsys/bluetooth/controller/libsubsys__bluetooth__controller.a(ull_conn.c.obj)
                0x000000000000ea38                ll_phy_req_send
 .text.ll_apto_get
                0x000000000000eadc       0x48 zephyr/subsys/bluetooth/controller/libsubsys__bluetooth__controller.a(ull_conn.c.obj)
                0x000000000000eadc                ll_apto_get
 .text.ll_apto_set
                0x000000000000eb24       0x44 zephyr/subsys/bluetooth/controller/libsubsys__bluetooth__controller.a(ull_conn.c.obj)
                0x000000000000eb24                ll_apto_set
 .text.ull_conn_init
                0x000000000000eb68        0x4 zephyr/subsys/bluetooth/controller/libsubsys__bluetooth__controller.a(ull_conn.c.obj)
                0x000000000000eb68                ull_conn_init
 .text.ull_conn_reset
                0x000000000000eb6c       0x70 zephyr/subsys/bluetooth/controller/libsubsys__bluetooth__controller.a(ull_conn.c.obj)
                0x000000000000eb6c                ull_conn_reset
 .text.ull_conn_default_tx_octets_get
                0x000000000000ebdc        0xc zephyr/subsys/bluetooth/controller/libsubsys__bluetooth__controller.a(ull_conn.c.obj)
                0x000000000000ebdc                ull_conn_default_tx_octets_get
 .text.ull_conn_default_tx_time_get
                0x000000000000ebe8        0xc zephyr/subsys/bluetooth/controller/libsubsys__bluetooth__controller.a(ull_conn.c.obj)
                0x000000000000ebe8                ull_conn_default_tx_time_get
 .text.ull_conn_default_phy_tx_get
                0x000000000000ebf4        0xc zephyr/subsys/bluetooth/controller/libsubsys__bluetooth__controller.a(ull_conn.c.obj)
                0x000000000000ebf4                ull_conn_default_phy_tx_get
 .text.ull_conn_default_phy_rx_get
                0x000000000000ec00        0xc zephyr/subsys/bluetooth/controller/libsubsys__bluetooth__controller.a(ull_conn.c.obj)
                0x000000000000ec00                ull_conn_default_phy_rx_get
 .text.ull_conn_setup
                0x000000000000ec0c       0x50 zephyr/subsys/bluetooth/controller/libsubsys__bluetooth__controller.a(ull_conn.c.obj)
                0x000000000000ec0c                ull_conn_setup
 .text.ull_conn_rx
                0x000000000000ec5c     0x1744 zephyr/subsys/bluetooth/controller/libsubsys__bluetooth__controller.a(ull_conn.c.obj)
                0x000000000000ec5c                ull_conn_rx
 .text.ull_conn_llcp
                0x00000000000103a0     0x1510 zephyr/subsys/bluetooth/controller/libsubsys__bluetooth__controller.a(ull_conn.c.obj)
                0x00000000000103a0                ull_conn_llcp
 .text.ull_conn_tx_demux
                0x00000000000118b0       0xa0 zephyr/subsys/bluetooth/controller/libsubsys__bluetooth__controller.a(ull_conn.c.obj)
                0x00000000000118b0                ull_conn_tx_demux
 .text.conn_cleanup_finalize
                0x0000000000011950       0xe4 zephyr/subsys/bluetooth/controller/libsubsys__bluetooth__controller.a(ull_conn.c.obj)
 .text.ull_conn_done
                0x0000000000011a34      0x36c zephyr/subsys/bluetooth/controller/libsubsys__bluetooth__controller.a(ull_conn.c.obj)
                0x0000000000011a34                ull_conn_done
 .text.ull_conn_tx_lll_enqueue
                0x0000000000011da0      0x198 zephyr/subsys/bluetooth/controller/libsubsys__bluetooth__controller.a(ull_conn.c.obj)
                0x0000000000011da0                ull_conn_tx_lll_enqueue
 .text.tx_demux
                0x0000000000011f38       0x18 zephyr/subsys/bluetooth/controller/libsubsys__bluetooth__controller.a(ull_conn.c.obj)
 .text.ull_conn_link_tx_release
                0x0000000000011f50        0xc zephyr/subsys/bluetooth/controller/libsubsys__bluetooth__controller.a(ull_conn.c.obj)
                0x0000000000011f50                ull_conn_link_tx_release
 .text.ull_conn_ack_last_idx_get
                0x0000000000011f5c        0xc zephyr/subsys/bluetooth/controller/libsubsys__bluetooth__controller.a(ull_conn.c.obj)
                0x0000000000011f5c                ull_conn_ack_last_idx_get
 .text.ull_conn_ack_peek
                0x0000000000011f68       0x38 zephyr/subsys/bluetooth/controller/libsubsys__bluetooth__controller.a(ull_conn.c.obj)
                0x0000000000011f68                ull_conn_ack_peek
 .text.ull_conn_ack_by_last_peek
                0x0000000000011fa0       0x34 zephyr/subsys/bluetooth/controller/libsubsys__bluetooth__controller.a(ull_conn.c.obj)
                0x0000000000011fa0                ull_conn_ack_by_last_peek
 .text.ull_conn_ack_dequeue
                0x0000000000011fd4       0x2c zephyr/subsys/bluetooth/controller/libsubsys__bluetooth__controller.a(ull_conn.c.obj)
                0x0000000000011fd4                ull_conn_ack_dequeue
 .text.ull_conn_lll_ack_enqueue
                0x0000000000012000       0x68 zephyr/subsys/bluetooth/controller/libsubsys__bluetooth__controller.a(ull_conn.c.obj)
                0x0000000000012000                ull_conn_lll_ack_enqueue
 .text.ull_conn_tx_ack
                0x0000000000012068      0x278 zephyr/subsys/bluetooth/controller/libsubsys__bluetooth__controller.a(ull_conn.c.obj)
                0x0000000000012068                ull_conn_tx_ack
 .text.ull_conn_lll_max_tx_octets_get
                0x00000000000122e0       0x34 zephyr/subsys/bluetooth/controller/libsubsys__bluetooth__controller.a(ull_conn.c.obj)
                0x00000000000122e0                ull_conn_lll_max_tx_octets_get
 .text.ticker_update_latency_cancel_op_cb
                0x0000000000012314       0x48 zephyr/subsys/bluetooth/controller/libsubsys__bluetooth__controller.a(ull_peripheral.c.obj)
 .text.ticker_op_cb
                0x000000000001235c       0x30 zephyr/subsys/bluetooth/controller/libsubsys__bluetooth__controller.a(ull_peripheral.c.obj)
 .text.ticker_op_stop_adv_cb
                0x000000000001238c       0x3c zephyr/subsys/bluetooth/controller/libsubsys__bluetooth__controller.a(ull_peripheral.c.obj)
 .text.ull_periph_ticker_cb
                0x00000000000123c8       0xb8 zephyr/subsys/bluetooth/controller/libsubsys__bluetooth__controller.a(ull_peripheral.c.obj)
                0x00000000000123c8                ull_periph_ticker_cb
 .text.ull_periph_latency_cancel
                0x0000000000012480       0x70 zephyr/subsys/bluetooth/controller/libsubsys__bluetooth__controller.a(ull_peripheral.c.obj)
                0x0000000000012480                ull_periph_latency_cancel
 .text.ll_start_enc_req_send
                0x00000000000124f0       0x94 zephyr/subsys/bluetooth/controller/libsubsys__bluetooth__controller.a(ull_peripheral.c.obj)
                0x00000000000124f0                ll_start_enc_req_send
 .text.lll_chan_sel_1
                0x0000000000012584       0x80 zephyr/subsys/bluetooth/controller/libsubsys__bluetooth__controller.a(lll_chan.c.obj)
                0x0000000000012584                lll_chan_sel_1
 .text.lll_chan_id
                0x0000000000012604        0x8 zephyr/subsys/bluetooth/controller/libsubsys__bluetooth__controller.a(lll_chan.c.obj)
                0x0000000000012604                lll_chan_id
 .text.lll_chan_sel_2
                0x000000000001260c       0xcc zephyr/subsys/bluetooth/controller/libsubsys__bluetooth__controller.a(lll_chan.c.obj)
                0x000000000001260c                lll_chan_sel_2
 .text.radio_nrf5_isr
                0x00000000000126d8       0x20 zephyr/subsys/bluetooth/controller/libsubsys__bluetooth__controller.a(lll.c.obj)
                0x00000000000126d8                radio_nrf5_isr
 .text.rtc0_nrf5_isr
                0x00000000000126f8       0x2c zephyr/subsys/bluetooth/controller/libsubsys__bluetooth__controller.a(lll.c.obj)
 .text.swi_lll_nrf5_isr
                0x0000000000012724        0x8 zephyr/subsys/bluetooth/controller/libsubsys__bluetooth__controller.a(lll.c.obj)
 .text.ticker_stop_op_cb
                0x000000000001272c       0x58 zephyr/subsys/bluetooth/controller/libsubsys__bluetooth__controller.a(lll.c.obj)
 .text.ticker_start_op_cb
                0x0000000000012784       0xa4 zephyr/subsys/bluetooth/controller/libsubsys__bluetooth__controller.a(lll.c.obj)
 .text.isr_race
                0x0000000000012828        0x4 zephyr/subsys/bluetooth/controller/libsubsys__bluetooth__controller.a(lll.c.obj)
 .text.preempt_ticker_cb
                0x000000000001282c       0x80 zephyr/subsys/bluetooth/controller/libsubsys__bluetooth__controller.a(lll.c.obj)
 .text.preempt_ticker_stop
                0x00000000000128ac       0x80 zephyr/subsys/bluetooth/controller/libsubsys__bluetooth__controller.a(lll.c.obj)
 .text.preempt_ticker_start
                0x000000000001292c      0x130 zephyr/subsys/bluetooth/controller/libsubsys__bluetooth__controller.a(lll.c.obj)
 .text.preempt  0x0000000000012a5c      0x148 zephyr/subsys/bluetooth/controller/libsubsys__bluetooth__controller.a(lll.c.obj)
 .text.lll_init
                0x0000000000012ba4       0x68 zephyr/subsys/bluetooth/controller/libsubsys__bluetooth__controller.a(lll.c.obj)
                0x0000000000012ba4                lll_init
 .text.lll_deinit
                0x0000000000012c0c       0x20 zephyr/subsys/bluetooth/controller/libsubsys__bluetooth__controller.a(lll.c.obj)
                0x0000000000012c0c                lll_deinit
 .text.lll_csrand_get
                0x0000000000012c2c       0x1c zephyr/subsys/bluetooth/controller/libsubsys__bluetooth__controller.a(lll.c.obj)
                0x0000000000012c2c                lll_csrand_get
 .text.lll_csrand_isr_get
                0x0000000000012c48       0x28 zephyr/subsys/bluetooth/controller/libsubsys__bluetooth__controller.a(lll.c.obj)
                0x0000000000012c48                lll_csrand_isr_get
 .text.lll_rand_isr_get
                0x0000000000012c70       0x28 zephyr/subsys/bluetooth/controller/libsubsys__bluetooth__controller.a(lll.c.obj)
                0x0000000000012c70                lll_rand_isr_get
 .text.lll_reset
                0x0000000000012c98        0x4 zephyr/subsys/bluetooth/controller/libsubsys__bluetooth__controller.a(lll.c.obj)
                0x0000000000012c98                lll_reset
 .text.lll_disable
                0x0000000000012c9c       0xa8 zephyr/subsys/bluetooth/controller/libsubsys__bluetooth__controller.a(lll.c.obj)
                0x0000000000012c9c                lll_disable
 .text.lll_prepare_done
                0x0000000000012d44        0x4 zephyr/subsys/bluetooth/controller/libsubsys__bluetooth__controller.a(lll.c.obj)
                0x0000000000012d44                lll_prepare_done
 .text.lll_done
                0x0000000000012d48       0xa4 zephyr/subsys/bluetooth/controller/libsubsys__bluetooth__controller.a(lll.c.obj)
                0x0000000000012d48                lll_done
 .text.lll_is_done
                0x0000000000012dec       0x1c zephyr/subsys/bluetooth/controller/libsubsys__bluetooth__controller.a(lll.c.obj)
                0x0000000000012dec                lll_is_done
 .text.lll_is_abort_cb
                0x0000000000012e08        0x8 zephyr/subsys/bluetooth/controller/libsubsys__bluetooth__controller.a(lll.c.obj)
                0x0000000000012e08                lll_is_abort_cb
 .text.lll_event_offset_get
                0x0000000000012e10       0x1c zephyr/subsys/bluetooth/controller/libsubsys__bluetooth__controller.a(lll.c.obj)
                0x0000000000012e10                lll_event_offset_get
 .text.lll_preempt_calc
                0x0000000000012e2c       0x20 zephyr/subsys/bluetooth/controller/libsubsys__bluetooth__controller.a(lll.c.obj)
                0x0000000000012e2c                lll_preempt_calc
 .text.lll_chan_set
                0x0000000000012e4c       0x84 zephyr/subsys/bluetooth/controller/libsubsys__bluetooth__controller.a(lll.c.obj)
                0x0000000000012e4c                lll_chan_set
 .text.lll_radio_rx_ready_delay_get
                0x0000000000012ed0        0x4 zephyr/subsys/bluetooth/controller/libsubsys__bluetooth__controller.a(lll.c.obj)
                0x0000000000012ed0                lll_radio_rx_ready_delay_get
 .text.lll_isr_tx_status_reset
                0x0000000000012ed4       0x10 zephyr/subsys/bluetooth/controller/libsubsys__bluetooth__controller.a(lll.c.obj)
                0x0000000000012ed4                lll_isr_tx_status_reset
 .text.lll_isr_rx_status_reset
                0x0000000000012ee4       0x14 zephyr/subsys/bluetooth/controller/libsubsys__bluetooth__controller.a(lll.c.obj)
                0x0000000000012ee4                lll_isr_rx_status_reset
 .text.lll_isr_status_reset
                0x0000000000012ef8       0x18 zephyr/subsys/bluetooth/controller/libsubsys__bluetooth__controller.a(lll.c.obj)
                0x0000000000012ef8                lll_isr_status_reset
 .text.lll_isr_cleanup
                0x0000000000012f10       0x74 zephyr/subsys/bluetooth/controller/libsubsys__bluetooth__controller.a(lll.c.obj)
                0x0000000000012f10                lll_isr_cleanup
 .text.lll_isr_abort
                0x0000000000012f84       0x20 zephyr/subsys/bluetooth/controller/libsubsys__bluetooth__controller.a(lll.c.obj)
                0x0000000000012f84                lll_isr_abort
 .text.lll_isr_early_abort
                0x0000000000012fa4       0x64 zephyr/subsys/bluetooth/controller/libsubsys__bluetooth__controller.a(lll.c.obj)
                0x0000000000012fa4                lll_isr_early_abort
 .text.lll_prepare_resolve
                0x0000000000013008      0x18c zephyr/subsys/bluetooth/controller/libsubsys__bluetooth__controller.a(lll.c.obj)